Archive member included to satisfy reference by file (symbol)

c:/program files (x86)/atmel/studio/7.0/toolchain/arm/arm-gnu-toolchain/bin/../lib/gcc/arm-none-eabi/6.3.1/../../../../arm-none-eabi/lib/thumb/v7e-m\libc.a(lib_a-exit.o)
                              c:/program files (x86)/atmel/studio/7.0/toolchain/arm/arm-gnu-toolchain/bin/../lib/gcc/arm-none-eabi/6.3.1/../../../../arm-none-eabi/lib/thumb/v7e-m/crt0.o (exit)
c:/program files (x86)/atmel/studio/7.0/toolchain/arm/arm-gnu-toolchain/bin/../lib/gcc/arm-none-eabi/6.3.1/../../../../arm-none-eabi/lib/thumb/v7e-m\libc.a(lib_a-impure.o)
                              c:/program files (x86)/atmel/studio/7.0/toolchain/arm/arm-gnu-toolchain/bin/../lib/gcc/arm-none-eabi/6.3.1/../../../../arm-none-eabi/lib/thumb/v7e-m\libc.a(lib_a-exit.o) (_global_impure_ptr)
c:/program files (x86)/atmel/studio/7.0/toolchain/arm/arm-gnu-toolchain/bin/../lib/gcc/arm-none-eabi/6.3.1/../../../../arm-none-eabi/lib/thumb/v7e-m\libc.a(lib_a-init.o)
                              c:/program files (x86)/atmel/studio/7.0/toolchain/arm/arm-gnu-toolchain/bin/../lib/gcc/arm-none-eabi/6.3.1/../../../../arm-none-eabi/lib/thumb/v7e-m/crt0.o (__libc_init_array)
c:/program files (x86)/atmel/studio/7.0/toolchain/arm/arm-gnu-toolchain/bin/../lib/gcc/arm-none-eabi/6.3.1/../../../../arm-none-eabi/lib/thumb/v7e-m\libc.a(lib_a-memset.o)
                              c:/program files (x86)/atmel/studio/7.0/toolchain/arm/arm-gnu-toolchain/bin/../lib/gcc/arm-none-eabi/6.3.1/../../../../arm-none-eabi/lib/thumb/v7e-m/crt0.o (memset)
c:/program files (x86)/atmel/studio/7.0/toolchain/arm/arm-gnu-toolchain/bin/../lib/gcc/arm-none-eabi/6.3.1/../../../../arm-none-eabi/lib/thumb/v7e-m\libc.a(lib_a-__call_atexit.o)
                              c:/program files (x86)/atmel/studio/7.0/toolchain/arm/arm-gnu-toolchain/bin/../lib/gcc/arm-none-eabi/6.3.1/../../../../arm-none-eabi/lib/thumb/v7e-m\libc.a(lib_a-exit.o) (__call_exitprocs)
c:/program files (x86)/atmel/studio/7.0/toolchain/arm/arm-gnu-toolchain/bin/../lib/gcc/arm-none-eabi/6.3.1/../../../../arm-none-eabi/lib/thumb/v7e-m\libc.a(lib_a-atexit.o)
                              c:/program files (x86)/atmel/studio/7.0/toolchain/arm/arm-gnu-toolchain/bin/../lib/gcc/arm-none-eabi/6.3.1/../../../../arm-none-eabi/lib/thumb/v7e-m\libc.a(lib_a-__call_atexit.o) (atexit)
c:/program files (x86)/atmel/studio/7.0/toolchain/arm/arm-gnu-toolchain/bin/../lib/gcc/arm-none-eabi/6.3.1/../../../../arm-none-eabi/lib/thumb/v7e-m\libc.a(lib_a-fini.o)
                              c:/program files (x86)/atmel/studio/7.0/toolchain/arm/arm-gnu-toolchain/bin/../lib/gcc/arm-none-eabi/6.3.1/../../../../arm-none-eabi/lib/thumb/v7e-m\libc.a(lib_a-__call_atexit.o) (__libc_fini_array)
c:/program files (x86)/atmel/studio/7.0/toolchain/arm/arm-gnu-toolchain/bin/../lib/gcc/arm-none-eabi/6.3.1/../../../../arm-none-eabi/lib/thumb/v7e-m\libc.a(lib_a-lock.o)
                              c:/program files (x86)/atmel/studio/7.0/toolchain/arm/arm-gnu-toolchain/bin/../lib/gcc/arm-none-eabi/6.3.1/../../../../arm-none-eabi/lib/thumb/v7e-m\libc.a(lib_a-__call_atexit.o) (__retarget_lock_acquire_recursive)
c:/program files (x86)/atmel/studio/7.0/toolchain/arm/arm-gnu-toolchain/bin/../lib/gcc/arm-none-eabi/6.3.1/../../../../arm-none-eabi/lib/thumb/v7e-m\libc.a(lib_a-__atexit.o)
                              c:/program files (x86)/atmel/studio/7.0/toolchain/arm/arm-gnu-toolchain/bin/../lib/gcc/arm-none-eabi/6.3.1/../../../../arm-none-eabi/lib/thumb/v7e-m\libc.a(lib_a-atexit.o) (__register_exitproc)

Allocating common symbols
Common symbol       size              file

__lock___atexit_recursive_mutex
                    0x1               c:/program files (x86)/atmel/studio/7.0/toolchain/arm/arm-gnu-toolchain/bin/../lib/gcc/arm-none-eabi/6.3.1/../../../../arm-none-eabi/lib/thumb/v7e-m\libc.a(lib_a-lock.o)
__lock___arc4random_mutex
                    0x1               c:/program files (x86)/atmel/studio/7.0/toolchain/arm/arm-gnu-toolchain/bin/../lib/gcc/arm-none-eabi/6.3.1/../../../../arm-none-eabi/lib/thumb/v7e-m\libc.a(lib_a-lock.o)
ast_callback_pointer
                    0x14              src/ASF/sam/drivers/ast/ast.o
ptr_get             0x4               src/ASF/common/utils/stdio/read.o
__lock___env_recursive_mutex
                    0x1               c:/program files (x86)/atmel/studio/7.0/toolchain/arm/arm-gnu-toolchain/bin/../lib/gcc/arm-none-eabi/6.3.1/../../../../arm-none-eabi/lib/thumb/v7e-m\libc.a(lib_a-lock.o)
__lock___sinit_recursive_mutex
                    0x1               c:/program files (x86)/atmel/studio/7.0/toolchain/arm/arm-gnu-toolchain/bin/../lib/gcc/arm-none-eabi/6.3.1/../../../../arm-none-eabi/lib/thumb/v7e-m\libc.a(lib_a-lock.o)
ptr_put             0x4               src/ASF/common/utils/stdio/write.o
__lock___malloc_recursive_mutex
[...]
Memory Configuration

Name             Origin             Length             Attributes
rom              0x00004000         0x0001c000         xr
ram              0x20000000         0x00008000         xrw
*default*        0x00000000         0xffffffff

Linker script and memory map

LOAD c:/program files (x86)/atmel/studio/7.0/toolchain/arm/arm-gnu-toolchain/bin/../lib/gcc/arm-none-eabi/6.3.1/thumb/v7e-m/crti.o
LOAD c:/program files (x86)/atmel/studio/7.0/toolchain/arm/arm-gnu-toolchain/bin/../lib/gcc/arm-none-eabi/6.3.1/thumb/v7e-m/crtbegin.o
LOAD c:/program files (x86)/atmel/studio/7.0/toolchain/arm/arm-gnu-toolchain/bin/../lib/gcc/arm-none-eabi/6.3.1/../../../../arm-none-eabi/lib/thumb/v7e-m/crt0.o
LOAD src/ASF/common/services/clock/sam4l/dfll.o
LOAD src/ASF/common/services/clock/sam4l/osc.o
LOAD src/ASF/common/services/clock/sam4l/pll.o
LOAD src/ASF/common/services/clock/sam4l/sysclk.o
LOAD src/ASF/common/services/delay/sam/cycle_counter.o
LOAD src/ASF/common/services/serial/usart_serial.o
LOAD src/ASF/common/services/sleepmgr/sam4l/sleepmgr.o
LOAD src/ASF/common/utils/interrupt/interrupt_sam_nvic.o
LOAD src/ASF/common/utils/stdio/read.o
LOAD src/ASF/common/utils/stdio/write.o
LOAD src/ASF/sam/boards/sam4l_ek/board_monitor.o
LOAD src/ASF/sam/boards/sam4l_ek/init.o
LOAD src/ASF/sam/drivers/adcife/adcife.o
LOAD src/ASF/sam/drivers/ast/ast.o
LOAD src/ASF/sam/drivers/bpm/bpm.o
LOAD src/ASF/sam/drivers/flashcalw/flashcalw.o
LOAD src/ASF/sam/drivers/gpio/gpio.o
LOAD src/ASF/sam/drivers/lcdca/lcdca.o
LOAD src/ASF/sam/drivers/pdca/pdca.o
LOAD src/ASF/sam/drivers/usart/usart.o
LOAD src/ASF/sam/drivers/wdt/wdt_sam4l.o
LOAD src/ASF/sam/utils/cmsis/sam4l/source/templates/exceptions.o
LOAD src/ASF/sam/utils/cmsis/sam4l/source/templates/gcc/startup_sam4l.o
LOAD src/ASF/sam/utils/cmsis/sam4l/source/templates/system_sam4l.o
LOAD src/ASF/sam/utils/syscalls/gcc/syscalls.o
LOAD src/lcdca_example.o
START GROUP
LOAD ../src/ASF/thirdparty/CMSIS/Lib/GCC\libarm_cortexM4l_math.a
LOAD c:/program files (x86)/atmel/studio/7.0/toolchain/arm/arm-gnu-toolchain/bin/../lib/gcc/arm-none-eabi/6.3.1/../../../../arm-none-eabi/lib/thumb/v7e-m\libm.a
END GROUP
START GROUP
LOAD c:/program files (x86)/atmel/studio/7.0/toolchain/arm/arm-gnu-toolchain/bin/../lib/gcc/arm-none-eabi/6.3.1/thumb/v7e-m\libgcc.a
LOAD c:/program files (x86)/atmel/studio/7.0/toolchain/arm/arm-gnu-toolchain/bin/../lib/gcc/arm-none-eabi/6.3.1/../../../../arm-none-eabi/lib/thumb/v7e-m\libc.a
END GROUP
LOAD c:/program files (x86)/atmel/studio/7.0/toolchain/arm/arm-gnu-toolchain/bin/../lib/gcc/arm-none-eabi/6.3.1/thumb/v7e-m/crtend.o
LOAD c:/program files (x86)/atmel/studio/7.0/toolchain/arm/arm-gnu-toolchain/bin/../lib/gcc/arm-none-eabi/6.3.1/thumb/v7e-m/crtn.o
                0x00001000                __stack_size__ = DEFINED (__stack_size__)?__stack_size__:0x1000
                0x20007ffc                __ram_end__ = ((ORIGIN (ram) + LENGTH (ram)) - 0x4)

.text           0x00004000     0x1954
                0x00004000                . = ALIGN (0x4)
                0x00004000                _sfixed = .
 *(.vectors .vectors.*)
 .vectors       0x00004000      0x180 src/ASF/sam/utils/cmsis/sam4l/source/templates/gcc/startup_sam4l.o
                0x00004000                exception_table
 *(.text .text.* .gnu.linkonce.t.*)
 .text          0x00004180       0x6c c:/program files (x86)/atmel/studio/7.0/toolchain/arm/arm-gnu-toolchain/bin/../lib/gcc/arm-none-eabi/6.3.1/thumb/v7e-m/crtbegin.o
 .text.osc_priv_enable_rc32k
                0x000041ec       0x48 src/ASF/common/services/clock/sam4l/osc.o
                0x000041ec                osc_priv_enable_rc32k
 .text.osc_priv_enable_rcfast
                0x00004234       0x50 src/ASF/common/services/clock/sam4l/osc.o
                0x00004234                osc_priv_enable_rcfast
 .text.sysclk_priv_enable_module
                0x00004284       0x60 src/ASF/common/services/clock/sam4l/sysclk.o
                0x00004284                sysclk_priv_enable_module
 .text.sysclk_priv_disable_module
                0x000042e4       0x60 src/ASF/common/services/clock/sam4l/sysclk.o
                0x000042e4                sysclk_priv_disable_module
 .text.sysclk_enable_pba_module
                0x00004344       0x58 src/ASF/common/services/clock/sam4l/sysclk.o
                0x00004344                sysclk_enable_pba_module
 .text.sysclk_disable_pba_module
                0x0000439c       0x54 src/ASF/common/services/clock/sam4l/sysclk.o
                0x0000439c                sysclk_disable_pba_module
 .text.sysclk_enable_pbb_module
                0x000043f0       0x58 src/ASF/common/services/clock/sam4l/sysclk.o
                0x000043f0                sysclk_enable_pbb_module
 .text.sysclk_disable_pbb_module
                0x00004448       0x54 src/ASF/common/services/clock/sam4l/sysclk.o
                0x00004448                sysclk_disable_pbb_module
 .text.sysclk_enable_peripheral_clock
                0x0000449c      0x3f4 src/ASF/common/services/clock/sam4l/sysclk.o
                0x0000449c                sysclk_enable_peripheral_clock
 .text.sysclk_disable_peripheral_clock
                0x00004890      0x3ac src/ASF/common/services/clock/sam4l/sysclk.o
                0x00004890                sysclk_disable_peripheral_clock
 .text.sysclk_set_prescalers
                0x00004c3c       0xb0 src/ASF/common/services/clock/sam4l/sysclk.o
                0x00004c3c                sysclk_set_prescalers
 .text.sysclk_set_source
                0x00004cec       0x40 src/ASF/common/services/clock/sam4l/sysclk.o
                0x00004cec                sysclk_set_source
 .text.sysclk_init
                0x00004d2c       0xc8 src/ASF/common/services/clock/sam4l/sysclk.o
                0x00004d2c                sysclk_init
 .text.board_init
                0x00004df4       0x40 src/ASF/sam/boards/sam4l_ek/init.o
                0x00004df4                board_init
 .text.ADCIFE_Handler
                0x00004e34       0x10 src/ASF/sam/drivers/adcife/adcife.o
                0x00004e34                ADCIFE_Handler
 .text.AST_ALARM_Handler
                0x00004e44       0x10 src/ASF/sam/drivers/ast/ast.o
                0x00004e44                AST_ALARM_Handler
 .text.bpm_power_scaling_cpu_failsafe
                0x00004e54       0x74 src/ASF/sam/drivers/bpm/bpm.o
                0x00004e54                bpm_power_scaling_cpu_failsafe
 .text.bpm_enable_fast_wakeup
                0x00004ec8       0x18 src/ASF/sam/drivers/bpm/bpm.o
                0x00004ec8                bpm_enable_fast_wakeup
 .text.bpm_set_clk32_source
                0x00004ee0       0x20 src/ASF/sam/drivers/bpm/bpm.o
                0x00004ee0                bpm_set_clk32_source
 .text.bpm_get_status
                0x00004f00        0x4 src/ASF/sam/drivers/bpm/bpm.o
                0x00004f00                bpm_get_status
 .text.bpm_sleep
                0x00004f04       0xd0 src/ASF/sam/drivers/bpm/bpm.o
                0x00004f04                bpm_sleep
 .text.flashcalw_set_wait_state
                0x00004fd4       0x1c src/ASF/sam/drivers/flashcalw/flashcalw.o
                0x00004fd4                flashcalw_set_wait_state
 .text.flashcalw_is_ready
                0x00004ff0       0x10 src/ASF/sam/drivers/flashcalw/flashcalw.o
                0x00004ff0                flashcalw_is_ready
 .text.flashcalw_default_wait_until_ready
                0x00005000       0x10 src/ASF/sam/drivers/flashcalw/flashcalw.o
                0x00005000                flashcalw_default_wait_until_ready
 .text.flashcalw_issue_command
                0x00005010       0x54 src/ASF/sam/drivers/flashcalw/flashcalw.o
                0x00005010                flashcalw_issue_command
 .text.flashcalw_set_flash_waitstate_and_readmode
                0x00005064       0x94 src/ASF/sam/drivers/flashcalw/flashcalw.o
                0x00005064                flashcalw_set_flash_waitstate_and_readmode
 .text.gpio_common_handler
                0x000050f8       0x74 src/ASF/sam/drivers/gpio/gpio.o
 .text.GPIO_0_Handler
                0x0000516c       0x10 src/ASF/sam/drivers/gpio/gpio.o
                0x0000516c                GPIO_0_Handler
 .text.GPIO_1_Handler
                0x0000517c       0x14 src/ASF/sam/drivers/gpio/gpio.o
                0x0000517c                GPIO_1_Handler
 .text.GPIO_2_Handler
                0x00005190       0x14 src/ASF/sam/drivers/gpio/gpio.o
                0x00005190                GPIO_2_Handler
 .text.GPIO_3_Handler
                0x000051a4       0x14 src/ASF/sam/drivers/gpio/gpio.o
                0x000051a4                GPIO_3_Handler
 .text.GPIO_4_Handler
                0x000051b8       0x10 src/ASF/sam/drivers/gpio/gpio.o
                0x000051b8                GPIO_4_Handler
 .text.GPIO_5_Handler
                0x000051c8       0x14 src/ASF/sam/drivers/gpio/gpio.o
                0x000051c8                GPIO_5_Handler
 .text.GPIO_6_Handler
                0x000051dc       0x14 src/ASF/sam/drivers/gpio/gpio.o
                0x000051dc                GPIO_6_Handler
 .text.GPIO_7_Handler
                0x000051f0       0x14 src/ASF/sam/drivers/gpio/gpio.o
                0x000051f0                GPIO_7_Handler
 .text.GPIO_8_Handler
                0x00005204       0x10 src/ASF/sam/drivers/gpio/gpio.o
                0x00005204                GPIO_8_Handler
 .text.GPIO_9_Handler
                0x00005214       0x14 src/ASF/sam/drivers/gpio/gpio.o
                0x00005214                GPIO_9_Handler
 .text.GPIO_10_Handler
                0x00005228       0x14 src/ASF/sam/drivers/gpio/gpio.o
                0x00005228                GPIO_10_Handler
 .text.GPIO_11_Handler
                0x0000523c       0x14 src/ASF/sam/drivers/gpio/gpio.o
                0x0000523c                GPIO_11_Handler
 .text.lcdca_clk_init
                0x00005250       0x44 src/ASF/sam/drivers/lcdca/lcdca.o
                0x00005250                lcdca_clk_init
 .text.lcdca_enable
                0x00005294       0x6c src/ASF/sam/drivers/lcdca/lcdca.o
                0x00005294                lcdca_enable
 .text.lcdca_set_contrast
                0x00005300       0x24 src/ASF/sam/drivers/lcdca/lcdca.o
                0x00005300                lcdca_set_contrast
 .text.lcdca_set_config
                0x00005324       0x6c src/ASF/sam/drivers/lcdca/lcdca.o
                0x00005324                lcdca_set_config
 .text.LCDCA_Handler
                0x00005390       0x1c src/ASF/sam/drivers/lcdca/lcdca.o
                0x00005390                LCDCA_Handler
 .text.pdca_channel_get_handler
                0x000053ac       0x12 src/ASF/sam/drivers/pdca/pdca.o
                0x000053ac                pdca_channel_get_handler
 *fill*         0x000053be        0x2 
 .text.pdca_get_channel_status
                0x000053c0       0x3c src/ASF/sam/drivers/pdca/pdca.o
                0x000053c0                pdca_get_channel_status
 .text.pdca_channel_interrupt
                0x000053fc       0x1c src/ASF/sam/drivers/pdca/pdca.o
 .text.PDCA_0_Handler
                0x00005418       0x10 src/ASF/sam/drivers/pdca/pdca.o
                0x00005418                PDCA_0_Handler
 .text.PDCA_1_Handler
                0x00005428       0x10 src/ASF/sam/drivers/pdca/pdca.o
                0x00005428                PDCA_1_Handler
 .text.PDCA_2_Handler
                0x00005438       0x10 src/ASF/sam/drivers/pdca/pdca.o
                0x00005438                PDCA_2_Handler
 .text.PDCA_3_Handler
                0x00005448       0x10 src/ASF/sam/drivers/pdca/pdca.o
                0x00005448                PDCA_3_Handler
 .text.PDCA_4_Handler
                0x00005458       0x10 src/ASF/sam/drivers/pdca/pdca.o
                0x00005458                PDCA_4_Handler
 .text.PDCA_5_Handler
                0x00005468       0x10 src/ASF/sam/drivers/pdca/pdca.o
                0x00005468                PDCA_5_Handler
 .text.PDCA_6_Handler
                0x00005478       0x10 src/ASF/sam/drivers/pdca/pdca.o
                0x00005478                PDCA_6_Handler
 .text.PDCA_7_Handler
                0x00005488       0x10 src/ASF/sam/drivers/pdca/pdca.o
                0x00005488                PDCA_7_Handler
 .text.PDCA_8_Handler
                0x00005498       0x10 src/ASF/sam/drivers/pdca/pdca.o
                0x00005498                PDCA_8_Handler
 .text.PDCA_9_Handler
                0x000054a8       0x10 src/ASF/sam/drivers/pdca/pdca.o
                0x000054a8                PDCA_9_Handler
 .text.PDCA_10_Handler
                0x000054b8       0x10 src/ASF/sam/drivers/pdca/pdca.o
                0x000054b8                PDCA_10_Handler
 .text.PDCA_11_Handler
                0x000054c8       0x10 src/ASF/sam/drivers/pdca/pdca.o
                0x000054c8                PDCA_11_Handler
 .text.PDCA_12_Handler
                0x000054d8       0x10 src/ASF/sam/drivers/pdca/pdca.o
                0x000054d8                PDCA_12_Handler
 .text.PDCA_13_Handler
                0x000054e8       0x10 src/ASF/sam/drivers/pdca/pdca.o
                0x000054e8                PDCA_13_Handler
 .text.PDCA_14_Handler
                0x000054f8       0x10 src/ASF/sam/drivers/pdca/pdca.o
                0x000054f8                PDCA_14_Handler
 .text.PDCA_15_Handler
                0x00005508       0x10 src/ASF/sam/drivers/pdca/pdca.o
                0x00005508                PDCA_15_Handler
 .text.wdt_set_ctrl
                0x00005518       0x3c src/ASF/sam/drivers/wdt/wdt_sam4l.o
 .text.wdt_get_config_defaults
                0x00005554       0x18 src/ASF/sam/drivers/wdt/wdt_sam4l.o
                0x00005554                wdt_get_config_defaults
 .text.wdt_init
                0x0000556c       0xb4 src/ASF/sam/drivers/wdt/wdt_sam4l.o
                0x0000556c                wdt_init
 .text.wdt_disable
                0x00005620       0x28 src/ASF/sam/drivers/wdt/wdt_sam4l.o
                0x00005620                wdt_disable
 .text.Dummy_Handler
                0x00005648        0x2 src/ASF/sam/utils/cmsis/sam4l/source/templates/exceptions.o
                0x00005648                EIC_5_Handler
                0x00005648                DACC_Handler
                0x00005648                DebugMon_Handler
                0x00005648                TRNG_Handler
                0x00005648                HardFault_Handler
                0x00005648                SPI_Handler
                0x00005648                EIC_4_Handler
                0x00005648                SysTick_Handler
                0x00005648                USART3_Handler
                0x00005648                AST_PER_Handler
                0x00005648                AST_CLKREADY_Handler
                0x00005648                AST_OVF_Handler
                0x00005648                PendSV_Handler
                0x00005648                NMI_Handler
                0x00005648                SCIF_Handler
                0x00005648                CRCCU_Handler
                0x00005648                USART0_Handler
                0x00005648                EIC_3_Handler
                0x00005648                TWIM3_Handler
                0x00005648                UsageFault_Handler
                0x00005648                TC12_Handler
                0x00005648                BPM_Handler
                0x00005648                PARC_Handler
                0x00005648                WDT_Handler
                0x00005648                EIC_8_Handler
                0x00005648                TWIS0_Handler
                0x00005648                TWIS1_Handler
                0x00005648                TWIM2_Handler
                0x00005648                AESA_Handler
                0x00005648                Dummy_Handler
                0x00005648                ABDACB_Handler
                0x00005648                CATB_Handler
                0x00005648                USART1_Handler
                0x00005648                AST_READY_Handler
                0x00005648                TWIM0_Handler
                0x00005648                PM_Handler
                0x00005648                TC11_Handler
                0x00005648                ACIFC_Handler
                0x00005648                TC00_Handler
                0x00005648                TC02_Handler
                0x00005648                MemManage_Handler
                0x00005648                SVC_Handler
                0x00005648                EIC_2_Handler
                0x00005648                PEVC_TR_Handler
                0x00005648                USART2_Handler
                0x00005648                EIC_6_Handler
                0x00005648                TC10_Handler
                0x00005648                TWIM1_Handler
                0x00005648                EIC_1_Handler
                0x00005648                EIC_7_Handler
                0x00005648                HFLASHC_Handler
                0x00005648                TC01_Handler
                0x00005648                BSCIF_Handler
                0x00005648                USBC_Handler
                0x00005648                IISC_Handler
                0x00005648                BusFault_Handler
                0x00005648                FREQM_Handler
                0x00005648                PEVC_OV_Handler
 *fill*         0x0000564a        0x2 
 .text.Reset_Handler
                0x0000564c       0x84 src/ASF/sam/utils/cmsis/sam4l/source/templates/gcc/startup_sam4l.o
                0x0000564c                Reset_Handler
 .text.main     0x000056d0       0xec src/lcdca_example.o
                0x000056d0                main
 .text.__libc_init_array
                0x000057bc       0x50 c:/program files (x86)/atmel/studio/7.0/toolchain/arm/arm-gnu-toolchain/bin/../lib/gcc/arm-none-eabi/6.3.1/../../../../arm-none-eabi/lib/thumb/v7e-m\libc.a(lib_a-init.o)
                0x000057bc                __libc_init_array
 .text.startup.register_fini
                0x0000580c       0x14 c:/program files (x86)/atmel/studio/7.0/toolchain/arm/arm-gnu-toolchain/bin/../lib/gcc/arm-none-eabi/6.3.1/../../../../arm-none-eabi/lib/thumb/v7e-m\libc.a(lib_a-__call_atexit.o)
 .text.atexit   0x00005820        0xc c:/program files (x86)/atmel/studio/7.0/toolchain/arm/arm-gnu-toolchain/bin/../lib/gcc/arm-none-eabi/6.3.1/../../../../arm-none-eabi/lib/thumb/v7e-m\libc.a(lib_a-atexit.o)
                0x00005820                atexit
 .text.__libc_fini_array
                0x0000582c       0x34 c:/program files (x86)/atmel/studio/7.0/toolchain/arm/arm-gnu-toolchain/bin/../lib/gcc/arm-none-eabi/6.3.1/../../../../arm-none-eabi/lib/thumb/v7e-m\libc.a(lib_a-fini.o)
                0x0000582c                __libc_fini_array
 .text.__retarget_lock_acquire_recursive
                0x00005860        0x4 c:/program files (x86)/atmel/studio/7.0/toolchain/arm/arm-gnu-toolchain/bin/../lib/gcc/arm-none-eabi/6.3.1/../../../../arm-none-eabi/lib/thumb/v7e-m\libc.a(lib_a-lock.o)
                0x00005860                __retarget_lock_acquire_recursive
 .text.__retarget_lock_release_recursive
                0x00005864        0x4 c:/program files (x86)/atmel/studio/7.0/toolchain/arm/arm-gnu-toolchain/bin/../lib/gcc/arm-none-eabi/6.3.1/../../../../arm-none-eabi/lib/thumb/v7e-m\libc.a(lib_a-lock.o)
                0x00005864                __retarget_lock_release_recursive
 .text.__register_exitproc
                0x00005868       0xc4 c:/program files (x86)/atmel/studio/7.0/toolchain/arm/arm-gnu-toolchain/bin/../lib/gcc/arm-none-eabi/6.3.1/../../../../arm-none-eabi/lib/thumb/v7e-m\libc.a(lib_a-__atexit.o)
                0x00005868                __register_exitproc
 *(.glue_7t)
 .glue_7t       0x0000592c        0x0 linker stubs
 *(.glue_7)
 .glue_7        0x0000592c        0x0 linker stubs
 *(.rodata .rodata* .gnu.linkonce.r.*)
 .rodata._global_impure_ptr
                0x0000592c        0x4 c:/program files (x86)/atmel/studio/7.0/toolchain/arm/arm-gnu-toolchain/bin/../lib/gcc/arm-none-eabi/6.3.1/../../../../arm-none-eabi/lib/thumb/v7e-m\libc.a(lib_a-impure.o)
                0x0000592c                _global_impure_ptr
 *(.ARM.extab* .gnu.linkonce.armextab.*)
                0x00005930                . = ALIGN (0x4)
 *(.init)
 .init          0x00005930        0x4 c:/program files (x86)/atmel/studio/7.0/toolchain/arm/arm-gnu-toolchain/bin/../lib/gcc/arm-none-eabi/6.3.1/thumb/v7e-m/crti.o
                0x00005930                _init
 .init          0x00005934        0x8 c:/program files (x86)/atmel/studio/7.0/toolchain/arm/arm-gnu-toolchain/bin/../lib/gcc/arm-none-eabi/6.3.1/thumb/v7e-m/crtn.o
                0x0000593c                . = ALIGN (0x4)
                0x0000593c                __preinit_array_start = .
 *(.preinit_array)
                0x0000593c                __preinit_array_end = .
                0x0000593c                . = ALIGN (0x4)
                0x0000593c                __init_array_start = .
 *(SORT(.init_array.*))
 .init_array.00000
                0x0000593c        0x4 c:/program files (x86)/atmel/studio/7.0/toolchain/arm/arm-gnu-toolchain/bin/../lib/gcc/arm-none-eabi/6.3.1/../../../../arm-none-eabi/lib/thumb/v7e-m\libc.a(lib_a-__call_atexit.o)
 *(.init_array)
 .init_array    0x00005940        0x4 c:/program files (x86)/atmel/studio/7.0/toolchain/arm/arm-gnu-toolchain/bin/../lib/gcc/arm-none-eabi/6.3.1/thumb/v7e-m/crtbegin.o
                0x00005944                __init_array_end = .
                0x00005944                . = ALIGN (0x4)
 *crtbegin.o(.ctors)
 *(EXCLUDE_FILE(*crtend.o) .ctors)
 *(SORT(.ctors.*))
 *crtend.o(.ctors)
                0x00005944                . = ALIGN (0x4)
 *(.fini)
 .fini          0x00005944        0x4 c:/program files (x86)/atmel/studio/7.0/toolchain/arm/arm-gnu-toolchain/bin/../lib/gcc/arm-none-eabi/6.3.1/thumb/v7e-m/crti.o
                0x00005944                _fini
 .fini          0x00005948        0x8 c:/program files (x86)/atmel/studio/7.0/toolchain/arm/arm-gnu-toolchain/bin/../lib/gcc/arm-none-eabi/6.3.1/thumb/v7e-m/crtn.o
                0x00005950                . = ALIGN (0x4)
                0x00005950                __fini_array_start = .
 *(.fini_array)
 .fini_array    0x00005950        0x4 c:/program files (x86)/atmel/studio/7.0/toolchain/arm/arm-gnu-toolchain/bin/../lib/gcc/arm-none-eabi/6.3.1/thumb/v7e-m/crtbegin.o
 *(SORT(.fini_array.*))
                0x00005954                __fini_array_end = .
 *crtbegin.o(.dtors)
 *(EXCLUDE_FILE(*crtend.o) .dtors)
 *(SORT(.dtors.*))
 *crtend.o(.dtors)
                0x00005954                . = ALIGN (0x4)
                0x00005954                _efixed = .
                [!provide]                PROVIDE (__exidx_start, .)

.vfp11_veneer   0x00005954        0x0
 .vfp11_veneer  0x00005954        0x0 linker stubs

.v4_bx          0x00005954        0x0
 .v4_bx         0x00005954        0x0 linker stubs

.iplt           0x00005954        0x0
 .iplt          0x00005954        0x0 c:/program files (x86)/atmel/studio/7.0/toolchain/arm/arm-gnu-toolchain/bin/../lib/gcc/arm-none-eabi/6.3.1/thumb/v7e-m/crtbegin.o

.eh_frame       0x00005954        0x0
 .eh_frame      0x00005954        0x0 c:/program files (x86)/atmel/studio/7.0/toolchain/arm/arm-gnu-toolchain/bin/../lib/gcc/arm-none-eabi/6.3.1/thumb/v7e-m/crtbegin.o

.rel.dyn        0x00005954        0x0
 .rel.iplt      0x00005954        0x0 c:/program files (x86)/atmel/studio/7.0/toolchain/arm/arm-gnu-toolchain/bin/../lib/gcc/arm-none-eabi/6.3.1/thumb/v7e-m/crtbegin.o

.jcr            0x00005954        0x0
 .jcr           0x00005954        0x0 c:/program files (x86)/atmel/studio/7.0/toolchain/arm/arm-gnu-toolchain/bin/../lib/gcc/arm-none-eabi/6.3.1/thumb/v7e-m/crtbegin.o

.igot.plt       0x00005954        0x0
 .igot.plt      0x00005954        0x0 c:/program files (x86)/atmel/studio/7.0/toolchain/arm/arm-gnu-toolchain/bin/../lib/gcc/arm-none-eabi/6.3.1/thumb/v7e-m/crtbegin.o

.ARM.exidx
 *(.ARM.exidx* .gnu.linkonce.armexidx.*)
                [!provide]                PROVIDE (__exidx_end, .)
                0x00005954                . = ALIGN (0x4)
                0x00005954                _etext = .

.relocate       0x20000000      0x464 load address 0x00005954
                0x20000000                . = ALIGN (0x4)
                0x20000000                _srelocate = .
 *(.ramfunc .ramfunc.*)
 .ramfunc       0x20000000       0x2c src/ASF/sam/drivers/bpm/bpm.o
                0x20000000                bpm_ps_no_halt_exec
 *(.data .data.*)
 .data.g_interrupt_enabled
                0x2000002c        0x1 src/ASF/common/utils/interrupt/interrupt_sam_nvic.o
                0x2000002c                g_interrupt_enabled
 *fill*         0x2000002d        0x3 
 .data.flashcalw_wait_until_ready
                0x20000030        0x4 src/ASF/sam/drivers/flashcalw/flashcalw.o
                0x20000030                flashcalw_wait_until_ready
 *fill*         0x20000034        0x4 
 .data.impure_data
                0x20000038      0x428 c:/program files (x86)/atmel/studio/7.0/toolchain/arm/arm-gnu-toolchain/bin/../lib/gcc/arm-none-eabi/6.3.1/../../../../arm-none-eabi/lib/thumb/v7e-m\libc.a(lib_a-impure.o)
 .data.__atexit_recursive_mutex
                0x20000460        0x4 c:/program files (x86)/atmel/studio/7.0/toolchain/arm/arm-gnu-toolchain/bin/../lib/gcc/arm-none-eabi/6.3.1/../../../../arm-none-eabi/lib/thumb/v7e-m\libc.a(lib_a-__call_atexit.o)
                0x20000460                __atexit_recursive_mutex
                0x20000464                . = ALIGN (0x4)
                0x20000464                _erelocate = .

.bss            0x20000464       0xdc load address 0x00005db8
                0x20000464                . = ALIGN (0x4)
                0x20000464                _sbss = .
                0x20000464                _szero = .
 *(.bss .bss.*)
 .bss           0x20000464       0x1c c:/program files (x86)/atmel/studio/7.0/toolchain/arm/arm-gnu-toolchain/bin/../lib/gcc/arm-none-eabi/6.3.1/thumb/v7e-m/crtbegin.o
 .bss.flashcalw_error_status
                0x20000480        0x4 src/ASF/sam/drivers/flashcalw/flashcalw.o
 .bss.gpio_int_sources
                0x20000484       0x30 src/ASF/sam/drivers/gpio/gpio.o
 .bss.gpio_nb_sources
                0x200004b4        0x4 src/ASF/sam/drivers/gpio/gpio.o
 .bss.lcdca_callback_pointer
                0x200004b8        0x4 src/ASF/sam/drivers/lcdca/lcdca.o
                0x200004b8                lcdca_callback_pointer
 *(COMMON)
 COMMON         0x200004bc        0x8 src/ASF/common/services/sleepmgr/sam4l/sleepmgr.o
                0x200004bc                sleepmgr_locks
 COMMON         0x200004c4        0x4 src/ASF/sam/drivers/adcife/adcife.o
                0x200004c4                adc_callback_pointer
 COMMON         0x200004c8       0x14 src/ASF/sam/drivers/ast/ast.o
                0x200004c8                ast_callback_pointer
 COMMON         0x200004dc       0x40 src/ASF/sam/drivers/pdca/pdca.o
                0x200004dc                pdca_callback_pointer
 COMMON         0x2000051c       0x21 c:/program files (x86)/atmel/studio/7.0/toolchain/arm/arm-gnu-toolchain/bin/../lib/gcc/arm-none-eabi/6.3.1/../../../../arm-none-eabi/lib/thumb/v7e-m\libc.a(lib_a-lock.o)
                0x2000051c                __lock___atexit_recursive_mutex
                0x20000520                __lock___arc4random_mutex
                0x20000524                __lock___env_recursive_mutex
                0x20000528                __lock___sinit_recursive_mutex
                0x2000052c                __lock___malloc_recursive_mutex
                0x20000530                __lock___at_quick_exit_mutex
                0x20000534                __lock___dd_hash_mutex
                0x20000538                __lock___tz_mutex
                0x2000053c                __lock___sfp_recursive_mutex
                0x20000540                . = ALIGN (0x4)
 *fill*         0x2000053d        0x3 
                0x20000540                _ebss = .
                0x20000540                _ezero = .

.stack          0x20000540     0x1000 load address 0x00005e94
                0x20000540                . = ALIGN (0x8)
                0x20000540                _sstack = .
                0x20001540                . = (. + __stack_size__)
 *fill*         0x20000540     0x1000 
                0x20001540                . = ALIGN (0x8)
                0x20001540                _estack = .
                0x20001540                . = ALIGN (0x4)
                0x20001540                _end = .
OUTPUT(HP12Cplus_Test1.elf elf32-littlearm)

.ARM.attributes
                0x00000000       0x2a
 .ARM.attributes
                0x00000000       0x1e c:/program files (x86)/atmel/studio/7.0/toolchain/arm/arm-gnu-toolchain/bin/../lib/gcc/arm-none-eabi/6.3.1/thumb/v7e-m/crti.o
 .ARM.attributes
                0x0000001e       0x2e c:/program files (x86)/atmel/studio/7.0/toolchain/arm/arm-gnu-toolchain/bin/../lib/gcc/arm-none-eabi/6.3.1/thumb/v7e-m/crtbegin.o
 .ARM.attributes
                0x0000004c       0x33 src/ASF/common/services/clock/sam4l/osc.o
 .ARM.attributes
                0x0000007f       0x33 src/ASF/common/services/clock/sam4l/sysclk.o
 .ARM.attributes
                0x000000b2       0x33 src/ASF/common/services/sleepmgr/sam4l/sleepmgr.o
 .ARM.attributes
                0x000000e5       0x33 src/ASF/common/utils/interrupt/interrupt_sam_nvic.o
 .ARM.attributes
                0x00000118       0x33 src/ASF/sam/boards/sam4l_ek/init.o
 .ARM.attributes
                0x0000014b       0x33 src/ASF/sam/drivers/adcife/adcife.o
 .ARM.attributes
                0x0000017e       0x33 src/ASF/sam/drivers/ast/ast.o
 .ARM.attributes
                0x000001b1       0x33 src/ASF/sam/drivers/bpm/bpm.o
 .ARM.attributes
                0x000001e4       0x33 src/ASF/sam/drivers/flashcalw/flashcalw.o
 .ARM.attributes
                0x00000217       0x33 src/ASF/sam/drivers/gpio/gpio.o
 .ARM.attributes
                0x0000024a       0x33 src/ASF/sam/drivers/lcdca/lcdca.o
 .ARM.attributes
                0x0000027d       0x33 src/ASF/sam/drivers/pdca/pdca.o
 .ARM.attributes
                0x000002b0       0x33 src/ASF/sam/drivers/wdt/wdt_sam4l.o
 .ARM.attributes
                0x000002e3       0x33 src/ASF/sam/utils/cmsis/sam4l/source/templates/exceptions.o
 .ARM.attributes
                0x00000316       0x33 src/ASF/sam/utils/cmsis/sam4l/source/templates/gcc/startup_sam4l.o
 .ARM.attributes
                0x00000349       0x33 src/lcdca_example.o
 .ARM.attributes
                0x0000037c       0x2e c:/program files (x86)/atmel/studio/7.0/toolchain/arm/arm-gnu-toolchain/bin/../lib/gcc/arm-none-eabi/6.3.1/../../../../arm-none-eabi/lib/thumb/v7e-m\libc.a(lib_a-impure.o)
 .ARM.attributes
                0x000003aa       0x2e c:/program files (x86)/atmel/studio/7.0/toolchain/arm/arm-gnu-toolchain/bin/../lib/gcc/arm-none-eabi/6.3.1/../../../../arm-none-eabi/lib/thumb/v7e-m\libc.a(lib_a-init.o)
 .ARM.attributes
                0x000003d8       0x2e c:/program files (x86)/atmel/studio/7.0/toolchain/arm/arm-gnu-toolchain/bin/../lib/gcc/arm-none-eabi/6.3.1/../../../../arm-none-eabi/lib/thumb/v7e-m\libc.a(lib_a-__call_atexit.o)
 .ARM.attributes
                0x00000406       0x2e c:/program files (x86)/atmel/studio/7.0/toolchain/arm/arm-gnu-toolchain/bin/../lib/gcc/arm-none-eabi/6.3.1/../../../../arm-none-eabi/lib/thumb/v7e-m\libc.a(lib_a-atexit.o)
 .ARM.attributes
                0x00000434       0x2e c:/program files (x86)/atmel/studio/7.0/toolchain/arm/arm-gnu-toolchain/bin/../lib/gcc/arm-none-eabi/6.3.1/../../../../arm-none-eabi/lib/thumb/v7e-m\libc.a(lib_a-fini.o)
 .ARM.attributes
                0x00000462       0x2e c:/program files (x86)/atmel/studio/7.0/toolchain/arm/arm-gnu-toolchain/bin/../lib/gcc/arm-none-eabi/6.3.1/../../../../arm-none-eabi/lib/thumb/v7e-m\libc.a(lib_a-lock.o)
 .ARM.attributes
                0x00000490       0x2e c:/program files (x86)/atmel/studio/7.0/toolchain/arm/arm-gnu-toolchain/bin/../lib/gcc/arm-none-eabi/6.3.1/../../../../arm-none-eabi/lib/thumb/v7e-m\libc.a(lib_a-__atexit.o)
 .ARM.attributes
                0x000004be       0x1e c:/program files (x86)/atmel/studio/7.0/toolchain/arm/arm-gnu-toolchain/bin/../lib/gcc/arm-none-eabi/6.3.1/thumb/v7e-m/crtn.o

.comment        0x00000000       0x59
 .comment       0x00000000       0x59 src/ASF/common/services/clock/sam4l/osc.o
                                 0x5a (size before relaxing)
 .comment       0x00000059       0x5a src/ASF/common/services/clock/sam4l/sysclk.o
 .comment       0x00000059       0x5a src/ASF/common/services/sleepmgr/sam4l/sleepmgr.o
 .comment       0x00000059       0x5a src/ASF/common/utils/interrupt/interrupt_sam_nvic.o
 .comment       0x00000059       0x5a src/ASF/sam/boards/sam4l_ek/init.o
 .comment       0x00000059       0x5a src/ASF/sam/drivers/adcife/adcife.o
 .comment       0x00000059       0x5a src/ASF/sam/drivers/ast/ast.o
 .comment       0x00000059       0x5a src/ASF/sam/drivers/bpm/bpm.o
 .comment       0x00000059       0x5a src/ASF/sam/drivers/flashcalw/flashcalw.o
 .comment       0x00000059       0x5a src/ASF/sam/drivers/gpio/gpio.o
 .comment       0x00000059       0x5a src/ASF/sam/drivers/lcdca/lcdca.o
 .comment       0x00000059       0x5a src/ASF/sam/drivers/pdca/pdca.o
 .comment       0x00000059       0x5a src/ASF/sam/drivers/wdt/wdt_sam4l.o
 .comment       0x00000059       0x5a src/ASF/sam/utils/cmsis/sam4l/source/templates/exceptions.o
 .comment       0x00000059       0x5a src/ASF/sam/utils/cmsis/sam4l/source/templates/gcc/startup_sam4l.o
 .comment       0x00000059       0x5a src/lcdca_example.o

.debug_info     0x00000000    0x182ff
 .debug_info    0x00000000     0x1a52 src/ASF/common/services/clock/sam4l/osc.o
 .debug_info    0x00001a52     0x2f93 src/ASF/common/services/clock/sam4l/sysclk.o
 .debug_info    0x000049e5      0xa9a src/ASF/common/services/sleepmgr/sam4l/sleepmgr.o
 .debug_info    0x0000547f      0xaff src/ASF/common/utils/interrupt/interrupt_sam_nvic.o
 .debug_info    0x00005f7e     0x1443 src/ASF/sam/boards/sam4l_ek/init.o
 .debug_info    0x000073c1     0x2688 src/ASF/sam/drivers/adcife/adcife.o
 .debug_info    0x00009a49     0x219b src/ASF/sam/drivers/ast/ast.o
 .debug_info    0x0000bbe4     0x1711 src/ASF/sam/drivers/bpm/bpm.o
 .debug_info    0x0000d2f5     0x25fe src/ASF/sam/drivers/flashcalw/flashcalw.o
 .debug_info    0x0000f8f3     0x1bd9 src/ASF/sam/drivers/gpio/gpio.o
 .debug_info    0x000114cc     0x28a3 src/ASF/sam/drivers/lcdca/lcdca.o
 .debug_info    0x00013d6f     0x1ef7 src/ASF/sam/drivers/pdca/pdca.o
 .debug_info    0x00015c66      0xf83 src/ASF/sam/drivers/wdt/wdt_sam4l.o
 .debug_info    0x00016be9       0xdc src/ASF/sam/utils/cmsis/sam4l/source/templates/exceptions.o
 .debug_info    0x00016cc5      0x3cb src/ASF/sam/utils/cmsis/sam4l/source/templates/gcc/startup_sam4l.o
 .debug_info    0x00017090     0x126f src/lcdca_example.o

.debug_abbrev   0x00000000     0x329b
 .debug_abbrev  0x00000000      0x29f src/ASF/common/services/clock/sam4l/osc.o
 .debug_abbrev  0x0000029f      0x416 src/ASF/common/services/clock/sam4l/sysclk.o
 .debug_abbrev  0x000006b5      0x1b2 src/ASF/common/services/sleepmgr/sam4l/sleepmgr.o
 .debug_abbrev  0x00000867      0x221 src/ASF/common/utils/interrupt/interrupt_sam_nvic.o
 .debug_abbrev  0x00000a88      0x274 src/ASF/sam/boards/sam4l_ek/init.o
 .debug_abbrev  0x00000cfc      0x45f src/ASF/sam/drivers/adcife/adcife.o
 .debug_abbrev  0x0000115b      0x509 src/ASF/sam/drivers/ast/ast.o
 .debug_abbrev  0x00001664      0x366 src/ASF/sam/drivers/bpm/bpm.o
 .debug_abbrev  0x000019ca      0x469 src/ASF/sam/drivers/flashcalw/flashcalw.o
 .debug_abbrev  0x00001e33      0x350 src/ASF/sam/drivers/gpio/gpio.o
 .debug_abbrev  0x00002183      0x549 src/ASF/sam/drivers/lcdca/lcdca.o
 .debug_abbrev  0x000026cc      0x420 src/ASF/sam/drivers/pdca/pdca.o
 .debug_abbrev  0x00002aec      0x30a src/ASF/sam/drivers/wdt/wdt_sam4l.o
 .debug_abbrev  0x00002df6       0x7d src/ASF/sam/utils/cmsis/sam4l/source/templates/exceptions.o
 .debug_abbrev  0x00002e73      0x11d src/ASF/sam/utils/cmsis/sam4l/source/templates/gcc/startup_sam4l.o
 .debug_abbrev  0x00002f90      0x30b src/lcdca_example.o

.debug_loc      0x00000000     0x63bd
 .debug_loc     0x00000000      0x36d src/ASF/common/services/clock/sam4l/osc.o
 .debug_loc     0x0000036d     0x120a src/ASF/common/services/clock/sam4l/sysclk.o
 .debug_loc     0x00001577       0x38 src/ASF/sam/boards/sam4l_ek/init.o
 .debug_loc     0x000015af      0x52c src/ASF/sam/drivers/adcife/adcife.o
 .debug_loc     0x00001adb      0xaca src/ASF/sam/drivers/ast/ast.o
 .debug_loc     0x000025a5      0x47e src/ASF/sam/drivers/bpm/bpm.o
 .debug_loc     0x00002a23     0x1cc1 src/ASF/sam/drivers/flashcalw/flashcalw.o
 .debug_loc     0x000046e4      0x511 src/ASF/sam/drivers/gpio/gpio.o
 .debug_loc     0x00004bf5      0xa0a src/ASF/sam/drivers/lcdca/lcdca.o
 .debug_loc     0x000055ff      0xad1 src/ASF/sam/drivers/pdca/pdca.o
 .debug_loc     0x000060d0      0x1e5 src/ASF/sam/drivers/wdt/wdt_sam4l.o
 .debug_loc     0x000062b5       0x6b src/ASF/sam/utils/cmsis/sam4l/source/templates/gcc/startup_sam4l.o
 .debug_loc     0x00006320       0x9d src/lcdca_example.o

.debug_aranges  0x00000000      0x8c0
 .debug_aranges
                0x00000000       0x78 src/ASF/common/services/clock/sam4l/osc.o
 .debug_aranges
                0x00000078       0x78 src/ASF/common/services/clock/sam4l/sysclk.o
 .debug_aranges
                0x000000f0       0x18 src/ASF/common/services/sleepmgr/sam4l/sleepmgr.o
 .debug_aranges
                0x00000108       0x28 src/ASF/common/utils/interrupt/interrupt_sam_nvic.o
 .debug_aranges
                0x00000130       0x20 src/ASF/sam/boards/sam4l_ek/init.o
 .debug_aranges
                0x00000150       0x58 src/ASF/sam/drivers/adcife/adcife.o
 .debug_aranges
                0x000001a8       0xd0 src/ASF/sam/drivers/ast/ast.o
 .debug_aranges
                0x00000278       0xc0 src/ASF/sam/drivers/bpm/bpm.o
 .debug_aranges
                0x00000338      0x250 src/ASF/sam/drivers/flashcalw/flashcalw.o
 .debug_aranges
                0x00000588       0x88 src/ASF/sam/drivers/gpio/gpio.o
 .debug_aranges
                0x00000610       0xd8 src/ASF/sam/drivers/lcdca/lcdca.o
 .debug_aranges
                0x000006e8      0x128 src/ASF/sam/drivers/pdca/pdca.o
 .debug_aranges
                0x00000810       0x50 src/ASF/sam/drivers/wdt/wdt_sam4l.o
 .debug_aranges
                0x00000860       0x20 src/ASF/sam/utils/cmsis/sam4l/source/templates/exceptions.o
 .debug_aranges
                0x00000880       0x20 src/ASF/sam/utils/cmsis/sam4l/source/templates/gcc/startup_sam4l.o
 .debug_aranges
                0x000008a0       0x20 src/lcdca_example.o

.debug_ranges   0x00000000      0x8d8
 .debug_ranges  0x00000000       0x68 src/ASF/common/services/clock/sam4l/osc.o
 .debug_ranges  0x00000068       0x68 src/ASF/common/services/clock/sam4l/sysclk.o
 .debug_ranges  0x000000d0       0x18 src/ASF/common/utils/interrupt/interrupt_sam_nvic.o
 .debug_ranges  0x000000e8       0x10 src/ASF/sam/boards/sam4l_ek/init.o
 .debug_ranges  0x000000f8       0x60 src/ASF/sam/drivers/adcife/adcife.o
 .debug_ranges  0x00000158       0xd8 src/ASF/sam/drivers/ast/ast.o
 .debug_ranges  0x00000230       0xb0 src/ASF/sam/drivers/bpm/bpm.o
 .debug_ranges  0x000002e0      0x240 src/ASF/sam/drivers/flashcalw/flashcalw.o
 .debug_ranges  0x00000520       0xa8 src/ASF/sam/drivers/gpio/gpio.o
 .debug_ranges  0x000005c8      0x140 src/ASF/sam/drivers/lcdca/lcdca.o
 .debug_ranges  0x00000708      0x130 src/ASF/sam/drivers/pdca/pdca.o
 .debug_ranges  0x00000838       0x40 src/ASF/sam/drivers/wdt/wdt_sam4l.o
 .debug_ranges  0x00000878       0x10 src/ASF/sam/utils/cmsis/sam4l/source/templates/exceptions.o
 .debug_ranges  0x00000888       0x10 src/ASF/sam/utils/cmsis/sam4l/source/templates/gcc/startup_sam4l.o
 .debug_ranges  0x00000898       0x40 src/lcdca_example.o

.debug_macro    0x00000000     0x7226
 .debug_macro   0x00000000      0x631 src/ASF/common/services/clock/sam4l/osc.o
 .debug_macro   0x00000631      0x2d9 src/ASF/common/services/clock/sam4l/osc.o
 .debug_macro   0x0000090a      0x6d5 src/ASF/common/services/clock/sam4l/sysclk.o
 .debug_macro   0x00000fdf      0x211 src/ASF/common/services/clock/sam4l/sysclk.o
 .debug_macro   0x000011f0      0x129 src/ASF/common/services/clock/sam4l/sysclk.o
 .debug_macro   0x00001319       0x47 src/ASF/common/services/clock/sam4l/sysclk.o
 .debug_macro   0x00001360       0xc9 src/ASF/common/services/clock/sam4l/sysclk.o
 .debug_macro   0x00001429      0x61b src/ASF/common/services/sleepmgr/sam4l/sleepmgr.o
 .debug_macro   0x00001a44       0x10 src/ASF/common/services/sleepmgr/sam4l/sleepmgr.o
 .debug_macro   0x00001a54      0x5f1 src/ASF/common/utils/interrupt/interrupt_sam_nvic.o
 .debug_macro   0x00002045      0x6c8 src/ASF/sam/boards/sam4l_ek/init.o
 .debug_macro   0x0000270d       0x8e src/ASF/sam/boards/sam4l_ek/init.o
 .debug_macro   0x0000279b       0x2e src/ASF/sam/boards/sam4l_ek/init.o
 .debug_macro   0x000027c9      0x6e5 src/ASF/sam/drivers/adcife/adcife.o
 .debug_macro   0x00002eae       0x10 src/ASF/sam/drivers/adcife/adcife.o
 .debug_macro   0x00002ebe       0x28 src/ASF/sam/drivers/adcife/adcife.o
 .debug_macro   0x00002ee6      0x1bf src/ASF/sam/drivers/adcife/adcife.o
 .debug_macro   0x000030a5      0x6d1 src/ASF/sam/drivers/ast/ast.o
 .debug_macro   0x00003776       0x27 src/ASF/sam/drivers/ast/ast.o
 .debug_macro   0x0000379d       0x10 src/ASF/sam/drivers/ast/ast.o
 .debug_macro   0x000037ad      0x5fb src/ASF/sam/drivers/bpm/bpm.o
 .debug_macro   0x00003da8      0x6bc src/ASF/sam/drivers/flashcalw/flashcalw.o
 .debug_macro   0x00004464      0x6bf src/ASF/sam/drivers/gpio/gpio.o
 .debug_macro   0x00004b23      0x6de src/ASF/sam/drivers/lcdca/lcdca.o
 .debug_macro   0x00005201       0x10 src/ASF/sam/drivers/lcdca/lcdca.o
 .debug_macro   0x00005211       0xac src/ASF/sam/drivers/lcdca/lcdca.o
 .debug_macro   0x000052bd      0x6c7 src/ASF/sam/drivers/pdca/pdca.o
 .debug_macro   0x00005984      0x6a8 src/ASF/sam/drivers/wdt/wdt_sam4l.o
 .debug_macro   0x0000602c       0x28 src/ASF/sam/drivers/wdt/wdt_sam4l.o
 .debug_macro   0x00006054      0x3f4 src/ASF/sam/utils/cmsis/sam4l/source/templates/exceptions.o
 .debug_macro   0x00006448      0x3f4 src/ASF/sam/utils/cmsis/sam4l/source/templates/gcc/startup_sam4l.o
 .debug_macro   0x0000683c      0x7eb src/lcdca_example.o
 .debug_macro   0x00007027       0x2d src/lcdca_example.o
 .debug_macro   0x00007054       0x94 src/lcdca_example.o
 .debug_macro   0x000070e8       0x1c src/lcdca_example.o
 .debug_macro   0x00007104       0x16 src/lcdca_example.o
 .debug_macro   0x0000711a      0x10c src/lcdca_example.o

.debug_line     0x00000000     0xf880
 .debug_line    0x00000000     0x105a src/ASF/common/services/clock/sam4l/osc.o
 .debug_line    0x0000105a     0x1310 src/ASF/common/services/clock/sam4l/sysclk.o
 .debug_line    0x0000236a      0xcf0 src/ASF/common/services/sleepmgr/sam4l/sleepmgr.o
 .debug_line    0x0000305a      0xc9d src/ASF/common/utils/interrupt/interrupt_sam_nvic.o
 .debug_line    0x00003cf7      0xe18 src/ASF/sam/boards/sam4l_ek/init.o
 .debug_line    0x00004b0f      0xfdc src/ASF/sam/drivers/adcife/adcife.o
 .debug_line    0x00005aeb     0x13c0 src/ASF/sam/drivers/ast/ast.o
 .debug_line    0x00006eab      0xe71 src/ASF/sam/drivers/bpm/bpm.o
 .debug_line    0x00007d1c     0x147e src/ASF/sam/drivers/flashcalw/flashcalw.o
 .debug_line    0x0000919a      0xf3a src/ASF/sam/drivers/gpio/gpio.o
 .debug_line    0x0000a0d4     0x11a9 src/ASF/sam/drivers/lcdca/lcdca.o
 .debug_line    0x0000b27d     0x111e src/ASF/sam/drivers/pdca/pdca.o
 .debug_line    0x0000c39b      0xe73 src/ASF/sam/drivers/wdt/wdt_sam4l.o
 .debug_line    0x0000d20e      0xa04 src/ASF/sam/utils/cmsis/sam4l/source/templates/exceptions.o
 .debug_line    0x0000dc12      0xa4b src/ASF/sam/utils/cmsis/sam4l/source/templates/gcc/startup_sam4l.o
 .debug_line    0x0000e65d     0x1223 src/lcdca_example.o

.debug_str      0x00000000    0xdeda5
 .debug_str     0x00000000    0xd8834 src/ASF/common/services/clock/sam4l/osc.o
                              0xd9132 (size before relaxing)
 .debug_str     0x000d8834     0x1bb6 src/ASF/common/services/clock/sam4l/sysclk.o
                              0xdac28 (size before relaxing)
 .debug_str     0x000da3ea      0x139 src/ASF/common/services/sleepmgr/sam4l/sleepmgr.o
                              0xd72ee (size before relaxing)
 .debug_str     0x000da523       0x65 src/ASF/common/utils/interrupt/interrupt_sam_nvic.o
                              0xd6dbf (size before relaxing)
 .debug_str     0x000da588      0xb10 src/ASF/sam/boards/sam4l_ek/init.o
                              0xda360 (size before relaxing)
 .debug_str     0x000db098     0x132d src/ASF/sam/drivers/adcife/adcife.o
                              0xdb6a8 (size before relaxing)
 .debug_str     0x000dc3c5      0x5d3 src/ASF/sam/drivers/ast/ast.o
                              0xda9c7 (size before relaxing)
 .debug_str     0x000dc998      0x1e3 src/ASF/sam/drivers/bpm/bpm.o
                              0xd77c1 (size before relaxing)
 .debug_str     0x000dcb7b      0xaa2 src/ASF/sam/drivers/flashcalw/flashcalw.o
                              0xda6e0 (size before relaxing)
 .debug_str     0x000dd61d      0x215 src/ASF/sam/drivers/gpio/gpio.o
                              0xda5f0 (size before relaxing)
 .debug_str     0x000dd832      0x813 src/ASF/sam/drivers/lcdca/lcdca.o
                              0xdb2e4 (size before relaxing)
 .debug_str     0x000de045      0x383 src/ASF/sam/drivers/pdca/pdca.o
                              0xda94d (size before relaxing)
 .debug_str     0x000de3c8       0x82 src/ASF/sam/drivers/wdt/wdt_sam4l.o
                              0xd9d03 (size before relaxing)
 .debug_str     0x000de44a       0x64 src/ASF/sam/utils/cmsis/sam4l/source/templates/exceptions.o
                              0xc6535 (size before relaxing)
 .debug_str     0x000de4ae       0xd9 src/ASF/sam/utils/cmsis/sam4l/source/templates/gcc/startup_sam4l.o
                              0xc6631 (size before relaxing)
 .debug_str     0x000de587      0x81e src/lcdca_example.o
                              0xdb759 (size before relaxing)

.debug_frame    0x00000000     0x1824
 .debug_frame   0x00000000      0x130 src/ASF/common/services/clock/sam4l/osc.o
 .debug_frame   0x00000130      0x18c src/ASF/common/services/clock/sam4l/sysclk.o
 .debug_frame   0x000002bc       0x30 src/ASF/common/utils/interrupt/interrupt_sam_nvic.o
 .debug_frame   0x000002ec       0x2c src/ASF/sam/boards/sam4l_ek/init.o
 .debug_frame   0x00000318       0xf8 src/ASF/sam/drivers/adcife/adcife.o
 .debug_frame   0x00000410      0x1d8 src/ASF/sam/drivers/ast/ast.o
 .debug_frame   0x000005e8      0x184 src/ASF/sam/drivers/bpm/bpm.o
 .debug_frame   0x0000076c      0x6ac src/ASF/sam/drivers/flashcalw/flashcalw.o
 .debug_frame   0x00000e18      0x180 src/ASF/sam/drivers/gpio/gpio.o
 .debug_frame   0x00000f98      0x248 src/ASF/sam/drivers/lcdca/lcdca.o
 .debug_frame   0x000011e0      0x350 src/ASF/sam/drivers/pdca/pdca.o
 .debug_frame   0x00001530       0xb8 src/ASF/sam/drivers/wdt/wdt_sam4l.o
 .debug_frame   0x000015e8       0x20 src/ASF/sam/utils/cmsis/sam4l/source/templates/exceptions.o
 .debug_frame   0x00001608       0x28 src/ASF/sam/utils/cmsis/sam4l/source/templates/gcc/startup_sam4l.o
 .debug_frame   0x00001630       0x34 src/lcdca_example.o
 .debug_frame   0x00001664       0x2c c:/program files (x86)/atmel/studio/7.0/toolchain/arm/arm-gnu-toolchain/bin/../lib/gcc/arm-none-eabi/6.3.1/../../../../arm-none-eabi/lib/thumb/v7e-m\libc.a(lib_a-init.o)
 .debug_frame   0x00001690       0x5c c:/program files (x86)/atmel/studio/7.0/toolchain/arm/arm-gnu-toolchain/bin/../lib/gcc/arm-none-eabi/6.3.1/../../../../arm-none-eabi/lib/thumb/v7e-m\libc.a(lib_a-__call_atexit.o)
 .debug_frame   0x000016ec       0x20 c:/program files (x86)/atmel/studio/7.0/toolchain/arm/arm-gnu-toolchain/bin/../lib/gcc/arm-none-eabi/6.3.1/../../../../arm-none-eabi/lib/thumb/v7e-m\libc.a(lib_a-atexit.o)
 .debug_frame   0x0000170c       0x34 c:/program files (x86)/atmel/studio/7.0/toolchain/arm/arm-gnu-toolchain/bin/../lib/gcc/arm-none-eabi/6.3.1/../../../../arm-none-eabi/lib/thumb/v7e-m\libc.a(lib_a-fini.o)
 .debug_frame   0x00001740       0xb0 c:/program files (x86)/atmel/studio/7.0/toolchain/arm/arm-gnu-toolchain/bin/../lib/gcc/arm-none-eabi/6.3.1/../../../../arm-none-eabi/lib/thumb/v7e-m\libc.a(lib_a-lock.o)
 .debug_frame   0x000017f0       0x34 c:/program files (x86)/atmel/studio/7.0/toolchain/arm/arm-gnu-toolchain/bin/../lib/gcc/arm-none-eabi/6.3.1/../../../../arm-none-eabi/lib/thumb/v7e-m\libc.a(lib_a-__atexit.o)

Cross Reference Table

Symbol                                            File
ABDACB_Handler                                    src/ASF/sam/utils/cmsis/sam4l/source/templates/exceptions.o
                                                  src/ASF/sam/utils/cmsis/sam4l/source/templates/gcc/startup_sam4l.o
ACIFC_Handler                                     src/ASF/sam/utils/cmsis/sam4l/source/templates/exceptions.o
                                                  src/ASF/sam/utils/cmsis/sam4l/source/templates/gcc/startup_sam4l.o
ADCIFE_Handler                                    src/ASF/sam/drivers/adcife/adcife.o
                                                  src/ASF/sam/utils/cmsis/sam4l/source/templates/gcc/startup_sam4l.o
AESA_Handler                                      src/ASF/sam/utils/cmsis/sam4l/source/templates/exceptions.o
                                                  src/ASF/sam/utils/cmsis/sam4l/source/templates/gcc/startup_sam4l.o
AST_ALARM_Handler                                 src/ASF/sam/drivers/ast/ast.o
                                                  src/ASF/sam/utils/cmsis/sam4l/source/templates/gcc/startup_sam4l.o
AST_CLKREADY_Handler                              src/ASF/sam/utils/cmsis/sam4l/source/templates/exceptions.o
                                                  src/ASF/sam/utils/cmsis/sam4l/source/templates/gcc/startup_sam4l.o
AST_OVF_Handler                                   src/ASF/sam/utils/cmsis/sam4l/source/templates/exceptions.o
                                                  src/ASF/sam/utils/cmsis/sam4l/source/templates/gcc/startup_sam4l.o
AST_PER_Handler                                   src/ASF/sam/utils/cmsis/sam4l/source/templates/exceptions.o
                                                  src/ASF/sam/utils/cmsis/sam4l/source/templates/gcc/startup_sam4l.o
AST_READY_Handler                                 src/ASF/sam/utils/cmsis/sam4l/source/templates/exceptions.o
                                                  src/ASF/sam/utils/cmsis/sam4l/source/templates/gcc/startup_sam4l.o
BPM_Handler                                       src/ASF/sam/utils/cmsis/sam4l/source/templates/exceptions.o
                                                  src/ASF/sam/utils/cmsis/sam4l/source/templates/gcc/startup_sam4l.o
BSCIF_Handler                                     src/ASF/sam/utils/cmsis/sam4l/source/templates/exceptions.o
                                                  src/ASF/sam/utils/cmsis/sam4l/source/templates/gcc/startup_sam4l.o
BusFault_Handler                                  src/ASF/sam/utils/cmsis/sam4l/source/templates/exceptions.o
                                                  src/ASF/sam/utils/cmsis/sam4l/source/templates/gcc/startup_sam4l.o
CATB_Handler                                      src/ASF/sam/utils/cmsis/sam4l/source/templates/exceptions.o
                                                  src/ASF/sam/utils/cmsis/sam4l/source/templates/gcc/startup_sam4l.o
CRCCU_Handler                                     src/ASF/sam/utils/cmsis/sam4l/source/templates/exceptions.o
                                                  src/ASF/sam/utils/cmsis/sam4l/source/templates/gcc/startup_sam4l.o
DACC_Handler                                      src/ASF/sam/utils/cmsis/sam4l/source/templates/exceptions.o
                                                  src/ASF/sam/utils/cmsis/sam4l/source/templates/gcc/startup_sam4l.o
DebugMon_Handler                                  src/ASF/sam/utils/cmsis/sam4l/source/templates/exceptions.o
                                                  src/ASF/sam/utils/cmsis/sam4l/source/templates/gcc/startup_sam4l.o
Dummy_Handler                                     src/ASF/sam/utils/cmsis/sam4l/source/templates/exceptions.o
                                                  src/ASF/sam/utils/cmsis/sam4l/source/templates/gcc/startup_sam4l.o
EIC_1_Handler                                     src/ASF/sam/utils/cmsis/sam4l/source/templates/exceptions.o
                                                  src/ASF/sam/utils/cmsis/sam4l/source/templates/gcc/startup_sam4l.o
EIC_2_Handler                                     src/ASF/sam/utils/cmsis/sam4l/source/templates/exceptions.o
                                                  src/ASF/sam/utils/cmsis/sam4l/source/templates/gcc/startup_sam4l.o
EIC_3_Handler                                     src/ASF/sam/utils/cmsis/sam4l/source/templates/exceptions.o
                                                  src/ASF/sam/utils/cmsis/sam4l/source/templates/gcc/startup_sam4l.o
EIC_4_Handler                                     src/ASF/sam/utils/cmsis/sam4l/source/templates/exceptions.o
                                                  src/ASF/sam/utils/cmsis/sam4l/source/templates/gcc/startup_sam4l.o
EIC_5_Handler                                     src/ASF/sam/utils/cmsis/sam4l/source/templates/exceptions.o
                                                  src/ASF/sam/utils/cmsis/sam4l/source/templates/gcc/startup_sam4l.o
EIC_6_Handler                                     src/ASF/sam/utils/cmsis/sam4l/source/templates/exceptions.o
                                                  src/ASF/sam/utils/cmsis/sam4l/source/templates/gcc/startup_sam4l.o
EIC_7_Handler                                     src/ASF/sam/utils/cmsis/sam4l/source/templates/exceptions.o
                                                  src/ASF/sam/utils/cmsis/sam4l/source/templates/gcc/startup_sam4l.o
EIC_8_Handler                                     src/ASF/sam/utils/cmsis/sam4l/source/templates/exceptions.o
                                                  src/ASF/sam/utils/cmsis/sam4l/source/templates/gcc/startup_sam4l.o
FREQM_Handler                                     src/ASF/sam/utils/cmsis/sam4l/source/templates/exceptions.o
                                                  src/ASF/sam/utils/cmsis/sam4l/source/templates/gcc/startup_sam4l.o
GPIO_0_Handler                                    src/ASF/sam/drivers/gpio/gpio.o
                                                  src/ASF/sam/utils/cmsis/sam4l/source/templates/gcc/startup_sam4l.o
GPIO_10_Handler                                   src/ASF/sam/drivers/gpio/gpio.o
                                                  src/ASF/sam/utils/cmsis/sam4l/source/templates/gcc/startup_sam4l.o
GPIO_11_Handler                                   src/ASF/sam/drivers/gpio/gpio.o
                                                  src/ASF/sam/utils/cmsis/sam4l/source/templates/gcc/startup_sam4l.o
GPIO_1_Handler                                    src/ASF/sam/drivers/gpio/gpio.o
                                                  src/ASF/sam/utils/cmsis/sam4l/source/templates/gcc/startup_sam4l.o
GPIO_2_Handler                                    src/ASF/sam/drivers/gpio/gpio.o
                                                  src/ASF/sam/utils/cmsis/sam4l/source/templates/gcc/startup_sam4l.o
GPIO_3_Handler                                    src/ASF/sam/drivers/gpio/gpio.o
                                                  src/ASF/sam/utils/cmsis/sam4l/source/templates/gcc/startup_sam4l.o
GPIO_4_Handler                                    src/ASF/sam/drivers/gpio/gpio.o
                                                  src/ASF/sam/utils/cmsis/sam4l/source/templates/gcc/startup_sam4l.o
GPIO_5_Handler                                    src/ASF/sam/drivers/gpio/gpio.o
                                                  src/ASF/sam/utils/cmsis/sam4l/source/templates/gcc/startup_sam4l.o
GPIO_6_Handler                                    src/ASF/sam/drivers/gpio/gpio.o
                                                  src/ASF/sam/utils/cmsis/sam4l/source/templates/gcc/startup_sam4l.o
GPIO_7_Handler                                    src/ASF/sam/drivers/gpio/gpio.o
                                                  src/ASF/sam/utils/cmsis/sam4l/source/templates/gcc/startup_sam4l.o
GPIO_8_Handler                                    src/ASF/sam/drivers/gpio/gpio.o
                                                  src/ASF/sam/utils/cmsis/sam4l/source/templates/gcc/startup_sam4l.o
GPIO_9_Handler                                    src/ASF/sam/drivers/gpio/gpio.o
                                                  src/ASF/sam/utils/cmsis/sam4l/source/templates/gcc/startup_sam4l.o
HFLASHC_Handler                                   src/ASF/sam/utils/cmsis/sam4l/source/templates/exceptions.o
                                                  src/ASF/sam/utils/cmsis/sam4l/source/templates/gcc/startup_sam4l.o
HardFault_Handler                                 src/ASF/sam/utils/cmsis/sam4l/source/templates/exceptions.o
                                                  src/ASF/sam/utils/cmsis/sam4l/source/templates/gcc/startup_sam4l.o
IISC_Handler                                      src/ASF/sam/utils/cmsis/sam4l/source/templates/exceptions.o
                                                  src/ASF/sam/utils/cmsis/sam4l/source/templates/gcc/startup_sam4l.o
LCDCA_Handler                                     src/ASF/sam/drivers/lcdca/lcdca.o
                                                  src/ASF/sam/utils/cmsis/sam4l/source/templates/gcc/startup_sam4l.o
MemManage_Handler                                 src/ASF/sam/utils/cmsis/sam4l/source/templates/exceptions.o
                                                  src/ASF/sam/utils/cmsis/sam4l/source/templates/gcc/startup_sam4l.o
NMI_Handler                                       src/ASF/sam/utils/cmsis/sam4l/source/templates/exceptions.o
                                                  src/ASF/sam/utils/cmsis/sam4l/source/templates/gcc/startup_sam4l.o
PARC_Handler                                      src/ASF/sam/utils/cmsis/sam4l/source/templates/exceptions.o
                                                  src/ASF/sam/utils/cmsis/sam4l/source/templates/gcc/startup_sam4l.o
PDCA_0_Handler                                    src/ASF/sam/drivers/pdca/pdca.o
                                                  src/ASF/sam/utils/cmsis/sam4l/source/templates/gcc/startup_sam4l.o
PDCA_10_Handler                                   src/ASF/sam/drivers/pdca/pdca.o
                                                  src/ASF/sam/utils/cmsis/sam4l/source/templates/gcc/startup_sam4l.o
PDCA_11_Handler                                   src/ASF/sam/drivers/pdca/pdca.o
                                                  src/ASF/sam/utils/cmsis/sam4l/source/templates/gcc/startup_sam4l.o
PDCA_12_Handler                                   src/ASF/sam/drivers/pdca/pdca.o
                                                  src/ASF/sam/utils/cmsis/sam4l/source/templates/gcc/startup_sam4l.o
PDCA_13_Handler                                   src/ASF/sam/drivers/pdca/pdca.o
                                                  src/ASF/sam/utils/cmsis/sam4l/source/templates/gcc/startup_sam4l.o
PDCA_14_Handler                                   src/ASF/sam/drivers/pdca/pdca.o
                                                  src/ASF/sam/utils/cmsis/sam4l/source/templates/gcc/startup_sam4l.o
PDCA_15_Handler                                   src/ASF/sam/drivers/pdca/pdca.o
                                                  src/ASF/sam/utils/cmsis/sam4l/source/templates/gcc/startup_sam4l.o
PDCA_1_Handler                                    src/ASF/sam/drivers/pdca/pdca.o
                                                  src/ASF/sam/utils/cmsis/sam4l/source/templates/gcc/startup_sam4l.o
PDCA_2_Handler                                    src/ASF/sam/drivers/pdca/pdca.o
                                                  src/ASF/sam/utils/cmsis/sam4l/source/templates/gcc/startup_sam4l.o
PDCA_3_Handler                                    src/ASF/sam/drivers/pdca/pdca.o
                                                  src/ASF/sam/utils/cmsis/sam4l/source/templates/gcc/startup_sam4l.o
PDCA_4_Handler                                    src/ASF/sam/drivers/pdca/pdca.o
                                                  src/ASF/sam/utils/cmsis/sam4l/source/templates/gcc/startup_sam4l.o
PDCA_5_Handler                                    src/ASF/sam/drivers/pdca/pdca.o
                                                  src/ASF/sam/utils/cmsis/sam4l/source/templates/gcc/startup_sam4l.o
PDCA_6_Handler                                    src/ASF/sam/drivers/pdca/pdca.o
                                                  src/ASF/sam/utils/cmsis/sam4l/source/templates/gcc/startup_sam4l.o
PDCA_7_Handler                                    src/ASF/sam/drivers/pdca/pdca.o
                                                  src/ASF/sam/utils/cmsis/sam4l/source/templates/gcc/startup_sam4l.o
PDCA_8_Handler                                    src/ASF/sam/drivers/pdca/pdca.o
                                                  src/ASF/sam/utils/cmsis/sam4l/source/templates/gcc/startup_sam4l.o
PDCA_9_Handler                                    src/ASF/sam/drivers/pdca/pdca.o
                                                  src/ASF/sam/utils/cmsis/sam4l/source/templates/gcc/startup_sam4l.o
PEVC_OV_Handler                                   src/ASF/sam/utils/cmsis/sam4l/source/templates/exceptions.o
                                                  src/ASF/sam/utils/cmsis/sam4l/source/templates/gcc/startup_sam4l.o
PEVC_TR_Handler                                   src/ASF/sam/utils/cmsis/sam4l/source/templates/exceptions.o
                                                  src/ASF/sam/utils/cmsis/sam4l/source/templates/gcc/startup_sam4l.o
PM_Handler                                        src/ASF/sam/utils/cmsis/sam4l/source/templates/exceptions.o
                                                  src/ASF/sam/utils/cmsis/sam4l/source/templates/gcc/startup_sam4l.o
PendSV_Handler                                    src/ASF/sam/utils/cmsis/sam4l/source/templates/exceptions.o
                                                  src/ASF/sam/utils/cmsis/sam4l/source/templates/gcc/startup_sam4l.o
Reset_Handler                                     src/ASF/sam/utils/cmsis/sam4l/source/templates/gcc/startup_sam4l.o
                                                  src/ASF/sam/utils/cmsis/sam4l/source/templates/exceptions.o
SCIF_Handler                                      src/ASF/sam/utils/cmsis/sam4l/source/templates/exceptions.o
                                                  src/ASF/sam/utils/cmsis/sam4l/source/templates/gcc/startup_sam4l.o
SPI_Handler                                       src/ASF/sam/utils/cmsis/sam4l/source/templates/exceptions.o
                                                  src/ASF/sam/utils/cmsis/sam4l/source/templates/gcc/startup_sam4l.o
SVC_Handler                                       src/ASF/sam/utils/cmsis/sam4l/source/templates/exceptions.o
                                                  src/ASF/sam/utils/cmsis/sam4l/source/templates/gcc/startup_sam4l.o
SysTick_Handler                                   src/ASF/sam/utils/cmsis/sam4l/source/templates/exceptions.o
                                                  src/ASF/sam/utils/cmsis/sam4l/source/templates/gcc/startup_sam4l.o
SystemCoreClock                                   src/ASF/sam/utils/cmsis/sam4l/source/templates/system_sam4l.o
SystemCoreClockUpdate                             src/ASF/sam/utils/cmsis/sam4l/source/templates/system_sam4l.o
SystemInit                                        src/ASF/sam/utils/cmsis/sam4l/source/templates/system_sam4l.o
TC00_Handler                                      src/ASF/sam/utils/cmsis/sam4l/source/templates/exceptions.o
                                                  src/ASF/sam/utils/cmsis/sam4l/source/templates/gcc/startup_sam4l.o
TC01_Handler                                      src/ASF/sam/utils/cmsis/sam4l/source/templates/exceptions.o
                                                  src/ASF/sam/utils/cmsis/sam4l/source/templates/gcc/startup_sam4l.o
TC02_Handler                                      src/ASF/sam/utils/cmsis/sam4l/source/templates/exceptions.o
                                                  src/ASF/sam/utils/cmsis/sam4l/source/templates/gcc/startup_sam4l.o
TC10_Handler                                      src/ASF/sam/utils/cmsis/sam4l/source/templates/exceptions.o
                                                  src/ASF/sam/utils/cmsis/sam4l/source/templates/gcc/startup_sam4l.o
TC11_Handler                                      src/ASF/sam/utils/cmsis/sam4l/source/templates/exceptions.o
                                                  src/ASF/sam/utils/cmsis/sam4l/source/templates/gcc/startup_sam4l.o
TC12_Handler                                      src/ASF/sam/utils/cmsis/sam4l/source/templates/exceptions.o
                                                  src/ASF/sam/utils/cmsis/sam4l/source/templates/gcc/startup_sam4l.o
TRNG_Handler                                      src/ASF/sam/utils/cmsis/sam4l/source/templates/exceptions.o
                                                  src/ASF/sam/utils/cmsis/sam4l/source/templates/gcc/startup_sam4l.o
TWIM0_Handler                                     src/ASF/sam/utils/cmsis/sam4l/source/templates/exceptions.o
                                                  src/ASF/sam/utils/cmsis/sam4l/source/templates/gcc/startup_sam4l.o
TWIM1_Handler                                     src/ASF/sam/utils/cmsis/sam4l/source/templates/exceptions.o
                                                  src/ASF/sam/utils/cmsis/sam4l/source/templates/gcc/startup_sam4l.o
TWIM2_Handler                                     src/ASF/sam/utils/cmsis/sam4l/source/templates/exceptions.o
                                                  src/ASF/sam/utils/cmsis/sam4l/source/templates/gcc/startup_sam4l.o
TWIM3_Handler                                     src/ASF/sam/utils/cmsis/sam4l/source/templates/exceptions.o
                                                  src/ASF/sam/utils/cmsis/sam4l/source/templates/gcc/startup_sam4l.o
TWIS0_Handler                                     src/ASF/sam/utils/cmsis/sam4l/source/templates/exceptions.o
                                                  src/ASF/sam/utils/cmsis/sam4l/source/templates/gcc/startup_sam4l.o
TWIS1_Handler                                     src/ASF/sam/utils/cmsis/sam4l/source/templates/exceptions.o
                                                  src/ASF/sam/utils/cmsis/sam4l/source/templates/gcc/startup_sam4l.o
USART0_Handler                                    src/ASF/sam/utils/cmsis/sam4l/source/templates/exceptions.o
                                                  src/ASF/sam/utils/cmsis/sam4l/source/templates/gcc/startup_sam4l.o
USART1_Handler                                    src/ASF/sam/utils/cmsis/sam4l/source/templates/exceptions.o
                                                  src/ASF/sam/utils/cmsis/sam4l/source/templates/gcc/startup_sam4l.o
USART2_Handler                                    src/ASF/sam/utils/cmsis/sam4l/source/templates/exceptions.o
                                                  src/ASF/sam/utils/cmsis/sam4l/source/templates/gcc/startup_sam4l.o
USART3_Handler                                    src/ASF/sam/utils/cmsis/sam4l/source/templates/exceptions.o
                                                  src/ASF/sam/utils/cmsis/sam4l/source/templates/gcc/startup_sam4l.o
USBC_Handler                                      src/ASF/sam/utils/cmsis/sam4l/source/templates/exceptions.o
                                                  src/ASF/sam/utils/cmsis/sam4l/source/templates/gcc/startup_sam4l.o
UsageFault_Handler                                src/ASF/sam/utils/cmsis/sam4l/source/templates/exceptions.o
                                                  src/ASF/sam/utils/cmsis/sam4l/source/templates/gcc/startup_sam4l.o
WDT_Handler                                       src/ASF/sam/utils/cmsis/sam4l/source/templates/exceptions.o
                                                  src/ASF/sam/utils/cmsis/sam4l/source/templates/gcc/startup_sam4l.o
_Jv_RegisterClasses                               c:/program files (x86)/atmel/studio/7.0/toolchain/arm/arm-gnu-toolchain/bin/../lib/gcc/arm-none-eabi/6.3.1/thumb/v7e-m/crtbegin.o
__atexit_recursive_mutex                          c:/program files (x86)/atmel/studio/7.0/toolchain/arm/arm-gnu-toolchain/bin/../lib/gcc/arm-none-eabi/6.3.1/../../../../arm-none-eabi/lib/thumb/v7e-m\libc.a(lib_a-__call_atexit.o)
                                                  c:/program files (x86)/atmel/studio/7.0/toolchain/arm/arm-gnu-toolchain/bin/../lib/gcc/arm-none-eabi/6.3.1/../../../../arm-none-eabi/lib/thumb/v7e-m\libc.a(lib_a-__atexit.o)
__bss_end__                                       c:/program files (x86)/atmel/studio/7.0/toolchain/arm/arm-gnu-toolchain/bin/../lib/gcc/arm-none-eabi/6.3.1/../../../../arm-none-eabi/lib/thumb/v7e-m/crt0.o
__bss_start__                                     c:/program files (x86)/atmel/studio/7.0/toolchain/arm/arm-gnu-toolchain/bin/../lib/gcc/arm-none-eabi/6.3.1/../../../../arm-none-eabi/lib/thumb/v7e-m/crt0.o
__call_exitprocs                                  c:/program files (x86)/atmel/studio/7.0/toolchain/arm/arm-gnu-toolchain/bin/../lib/gcc/arm-none-eabi/6.3.1/../../../../arm-none-eabi/lib/thumb/v7e-m\libc.a(lib_a-__call_atexit.o)
                                                  c:/program files (x86)/atmel/studio/7.0/toolchain/arm/arm-gnu-toolchain/bin/../lib/gcc/arm-none-eabi/6.3.1/../../../../arm-none-eabi/lib/thumb/v7e-m\libc.a(lib_a-exit.o)
__deregister_frame_info                           c:/program files (x86)/atmel/studio/7.0/toolchain/arm/arm-gnu-toolchain/bin/../lib/gcc/arm-none-eabi/6.3.1/thumb/v7e-m/crtbegin.o
__dso_handle                                      c:/program files (x86)/atmel/studio/7.0/toolchain/arm/arm-gnu-toolchain/bin/../lib/gcc/arm-none-eabi/6.3.1/thumb/v7e-m/crtbegin.o
__fini_array_end                                  c:/program files (x86)/atmel/studio/7.0/toolchain/arm/arm-gnu-toolchain/bin/../lib/gcc/arm-none-eabi/6.3.1/../../../../arm-none-eabi/lib/thumb/v7e-m\libc.a(lib_a-fini.o)
__fini_array_start                                c:/program files (x86)/atmel/studio/7.0/toolchain/arm/arm-gnu-toolchain/bin/../lib/gcc/arm-none-eabi/6.3.1/../../../../arm-none-eabi/lib/thumb/v7e-m\libc.a(lib_a-fini.o)
__init_array_end                                  c:/program files (x86)/atmel/studio/7.0/toolchain/arm/arm-gnu-toolchain/bin/../lib/gcc/arm-none-eabi/6.3.1/../../../../arm-none-eabi/lib/thumb/v7e-m\libc.a(lib_a-init.o)
__init_array_start                                c:/program files (x86)/atmel/studio/7.0/toolchain/arm/arm-gnu-toolchain/bin/../lib/gcc/arm-none-eabi/6.3.1/../../../../arm-none-eabi/lib/thumb/v7e-m\libc.a(lib_a-init.o)
__libc_fini                                       c:/program files (x86)/atmel/studio/7.0/toolchain/arm/arm-gnu-toolchain/bin/../lib/gcc/arm-none-eabi/6.3.1/../../../../arm-none-eabi/lib/thumb/v7e-m\libc.a(lib_a-__call_atexit.o)
__libc_fini_array                                 c:/program files (x86)/atmel/studio/7.0/toolchain/arm/arm-gnu-toolchain/bin/../lib/gcc/arm-none-eabi/6.3.1/../../../../arm-none-eabi/lib/thumb/v7e-m\libc.a(lib_a-fini.o)
                                                  c:/program files (x86)/atmel/studio/7.0/toolchain/arm/arm-gnu-toolchain/bin/../lib/gcc/arm-none-eabi/6.3.1/../../../../arm-none-eabi/lib/thumb/v7e-m\libc.a(lib_a-__call_atexit.o)
                                                  c:/program files (x86)/atmel/studio/7.0/toolchain/arm/arm-gnu-toolchain/bin/../lib/gcc/arm-none-eabi/6.3.1/../../../../arm-none-eabi/lib/thumb/v7e-m/crt0.o
__libc_init_array                                 c:/program files (x86)/atmel/studio/7.0/toolchain/arm/arm-gnu-toolchain/bin/../lib/gcc/arm-none-eabi/6.3.1/../../../../arm-none-eabi/lib/thumb/v7e-m\libc.a(lib_a-init.o)
                                                  src/ASF/sam/utils/cmsis/sam4l/source/templates/gcc/startup_sam4l.o
                                                  c:/program files (x86)/atmel/studio/7.0/toolchain/arm/arm-gnu-toolchain/bin/../lib/gcc/arm-none-eabi/6.3.1/../../../../arm-none-eabi/lib/thumb/v7e-m/crt0.o
__lock___arc4random_mutex                         c:/program files (x86)/atmel/studio/7.0/toolchain/arm/arm-gnu-toolchain/bin/../lib/gcc/arm-none-eabi/6.3.1/../../../../arm-none-eabi/lib/thumb/v7e-m\libc.a(lib_a-lock.o)
__lock___at_quick_exit_mutex                      c:/program files (x86)/atmel/studio/7.0/toolchain/arm/arm-gnu-toolchain/bin/../lib/gcc/arm-none-eabi/6.3.1/../../../../arm-none-eabi/lib/thumb/v7e-m\libc.a(lib_a-lock.o)
__lock___atexit_recursive_mutex                   c:/program files (x86)/atmel/studio/7.0/toolchain/arm/arm-gnu-toolchain/bin/../lib/gcc/arm-none-eabi/6.3.1/../../../../arm-none-eabi/lib/thumb/v7e-m\libc.a(lib_a-lock.o)
                                                  c:/program files (x86)/atmel/studio/7.0/toolchain/arm/arm-gnu-toolchain/bin/../lib/gcc/arm-none-eabi/6.3.1/../../../../arm-none-eabi/lib/thumb/v7e-m\libc.a(lib_a-__call_atexit.o)
__lock___dd_hash_mutex                            c:/program files (x86)/atmel/studio/7.0/toolchain/arm/arm-gnu-toolchain/bin/../lib/gcc/arm-none-eabi/6.3.1/../../../../arm-none-eabi/lib/thumb/v7e-m\libc.a(lib_a-lock.o)
__lock___env_recursive_mutex                      c:/program files (x86)/atmel/studio/7.0/toolchain/arm/arm-gnu-toolchain/bin/../lib/gcc/arm-none-eabi/6.3.1/../../../../arm-none-eabi/lib/thumb/v7e-m\libc.a(lib_a-lock.o)
__lock___malloc_recursive_mutex                   c:/program files (x86)/atmel/studio/7.0/toolchain/arm/arm-gnu-toolchain/bin/../lib/gcc/arm-none-eabi/6.3.1/../../../../arm-none-eabi/lib/thumb/v7e-m\libc.a(lib_a-lock.o)
__lock___sfp_recursive_mutex                      c:/program files (x86)/atmel/studio/7.0/toolchain/arm/arm-gnu-toolchain/bin/../lib/gcc/arm-none-eabi/6.3.1/../../../../arm-none-eabi/lib/thumb/v7e-m\libc.a(lib_a-lock.o)
__lock___sinit_recursive_mutex                    c:/program files (x86)/atmel/studio/7.0/toolchain/arm/arm-gnu-toolchain/bin/../lib/gcc/arm-none-eabi/6.3.1/../../../../arm-none-eabi/lib/thumb/v7e-m\libc.a(lib_a-lock.o)
__lock___tz_mutex                                 c:/program files (x86)/atmel/studio/7.0/toolchain/arm/arm-gnu-toolchain/bin/../lib/gcc/arm-none-eabi/6.3.1/../../../../arm-none-eabi/lib/thumb/v7e-m\libc.a(lib_a-lock.o)
__preinit_array_end                               c:/program files (x86)/atmel/studio/7.0/toolchain/arm/arm-gnu-toolchain/bin/../lib/gcc/arm-none-eabi/6.3.1/../../../../arm-none-eabi/lib/thumb/v7e-m\libc.a(lib_a-init.o)
__preinit_array_start                             c:/program files (x86)/atmel/studio/7.0/toolchain/arm/arm-gnu-toolchain/bin/../lib/gcc/arm-none-eabi/6.3.1/../../../../arm-none-eabi/lib/thumb/v7e-m\libc.a(lib_a-init.o)
__ram_end__                                       src/ASF/sam/utils/syscalls/gcc/syscalls.o
__register_exitproc                               c:/program files (x86)/atmel/studio/7.0/toolchain/arm/arm-gnu-toolchain/bin/../lib/gcc/arm-none-eabi/6.3.1/../../../../arm-none-eabi/lib/thumb/v7e-m\libc.a(lib_a-__atexit.o)
                                                  c:/program files (x86)/atmel/studio/7.0/toolchain/arm/arm-gnu-toolchain/bin/../lib/gcc/arm-none-eabi/6.3.1/../../../../arm-none-eabi/lib/thumb/v7e-m\libc.a(lib_a-atexit.o)
__register_frame_info                             c:/program files (x86)/atmel/studio/7.0/toolchain/arm/arm-gnu-toolchain/bin/../lib/gcc/arm-none-eabi/6.3.1/thumb/v7e-m/crtbegin.o
__retarget_lock_acquire                           c:/program files (x86)/atmel/studio/7.0/toolchain/arm/arm-gnu-toolchain/bin/../lib/gcc/arm-none-eabi/6.3.1/../../../../arm-none-eabi/lib/thumb/v7e-m\libc.a(lib_a-lock.o)
__retarget_lock_acquire_recursive                 c:/program files (x86)/atmel/studio/7.0/toolchain/arm/arm-gnu-toolchain/bin/../lib/gcc/arm-none-eabi/6.3.1/../../../../arm-none-eabi/lib/thumb/v7e-m\libc.a(lib_a-lock.o)
                                                  c:/program files (x86)/atmel/studio/7.0/toolchain/arm/arm-gnu-toolchain/bin/../lib/gcc/arm-none-eabi/6.3.1/../../../../arm-none-eabi/lib/thumb/v7e-m\libc.a(lib_a-__atexit.o)
                                                  c:/program files (x86)/atmel/studio/7.0/toolchain/arm/arm-gnu-toolchain/bin/../lib/gcc/arm-none-eabi/6.3.1/../../../../arm-none-eabi/lib/thumb/v7e-m\libc.a(lib_a-__call_atexit.o)
__retarget_lock_close                             c:/program files (x86)/atmel/studio/7.0/toolchain/arm/arm-gnu-toolchain/bin/../lib/gcc/arm-none-eabi/6.3.1/../../../../arm-none-eabi/lib/thumb/v7e-m\libc.a(lib_a-lock.o)
__retarget_lock_close_recursive                   c:/program files (x86)/atmel/studio/7.0/toolchain/arm/arm-gnu-toolchain/bin/../lib/gcc/arm-none-eabi/6.3.1/../../../../arm-none-eabi/lib/thumb/v7e-m\libc.a(lib_a-lock.o)
__retarget_lock_init                              c:/program files (x86)/atmel/studio/7.0/toolchain/arm/arm-gnu-toolchain/bin/../lib/gcc/arm-none-eabi/6.3.1/../../../../arm-none-eabi/lib/thumb/v7e-m\libc.a(lib_a-lock.o)
__retarget_lock_init_recursive                    c:/program files (x86)/atmel/studio/7.0/toolchain/arm/arm-gnu-toolchain/bin/../lib/gcc/arm-none-eabi/6.3.1/../../../../arm-none-eabi/lib/thumb/v7e-m\libc.a(lib_a-lock.o)
__retarget_lock_release                           c:/program files (x86)/atmel/studio/7.0/toolchain/arm/arm-gnu-toolchain/bin/../lib/gcc/arm-none-eabi/6.3.1/../../../../arm-none-eabi/lib/thumb/v7e-m\libc.a(lib_a-lock.o)
__retarget_lock_release_recursive                 c:/program files (x86)/atmel/studio/7.0/toolchain/arm/arm-gnu-toolchain/bin/../lib/gcc/arm-none-eabi/6.3.1/../../../../arm-none-eabi/lib/thumb/v7e-m\libc.a(lib_a-lock.o)
                                                  c:/program files (x86)/atmel/studio/7.0/toolchain/arm/arm-gnu-toolchain/bin/../lib/gcc/arm-none-eabi/6.3.1/../../../../arm-none-eabi/lib/thumb/v7e-m\libc.a(lib_a-__atexit.o)
                                                  c:/program files (x86)/atmel/studio/7.0/toolchain/arm/arm-gnu-toolchain/bin/../lib/gcc/arm-none-eabi/6.3.1/../../../../arm-none-eabi/lib/thumb/v7e-m\libc.a(lib_a-__call_atexit.o)
__retarget_lock_try_acquire                       c:/program files (x86)/atmel/studio/7.0/toolchain/arm/arm-gnu-toolchain/bin/../lib/gcc/arm-none-eabi/6.3.1/../../../../arm-none-eabi/lib/thumb/v7e-m\libc.a(lib_a-lock.o)
__retarget_lock_try_acquire_recursive             c:/program files (x86)/atmel/studio/7.0/toolchain/arm/arm-gnu-toolchain/bin/../lib/gcc/arm-none-eabi/6.3.1/../../../../arm-none-eabi/lib/thumb/v7e-m\libc.a(lib_a-lock.o)
__stack                                           c:/program files (x86)/atmel/studio/7.0/toolchain/arm/arm-gnu-toolchain/bin/../lib/gcc/arm-none-eabi/6.3.1/../../../../arm-none-eabi/lib/thumb/v7e-m/crt0.o
_close                                            src/ASF/sam/utils/syscalls/gcc/syscalls.o
_end                                              src/ASF/sam/utils/syscalls/gcc/syscalls.o
_erelocate                                        src/ASF/sam/utils/cmsis/sam4l/source/templates/gcc/startup_sam4l.o
_estack                                           src/ASF/sam/utils/cmsis/sam4l/source/templates/gcc/startup_sam4l.o
_etext                                            src/ASF/sam/utils/cmsis/sam4l/source/templates/gcc/startup_sam4l.o
_exit                                             src/ASF/sam/utils/syscalls/gcc/syscalls.o
                                                  c:/program files (x86)/atmel/studio/7.0/toolchain/arm/arm-gnu-toolchain/bin/../lib/gcc/arm-none-eabi/6.3.1/../../../../arm-none-eabi/lib/thumb/v7e-m\libc.a(lib_a-exit.o)
_ezero                                            src/ASF/sam/utils/cmsis/sam4l/source/templates/gcc/startup_sam4l.o
_fini                                             c:/program files (x86)/atmel/studio/7.0/toolchain/arm/arm-gnu-toolchain/bin/../lib/gcc/arm-none-eabi/6.3.1/thumb/v7e-m/crti.o
                                                  c:/program files (x86)/atmel/studio/7.0/toolchain/arm/arm-gnu-toolchain/bin/../lib/gcc/arm-none-eabi/6.3.1/../../../../arm-none-eabi/lib/thumb/v7e-m\libc.a(lib_a-fini.o)
_fstat                                            src/ASF/sam/utils/syscalls/gcc/syscalls.o
_getpid                                           src/ASF/sam/utils/syscalls/gcc/syscalls.o
_global_impure_ptr                                c:/program files (x86)/atmel/studio/7.0/toolchain/arm/arm-gnu-toolchain/bin/../lib/gcc/arm-none-eabi/6.3.1/../../../../arm-none-eabi/lib/thumb/v7e-m\libc.a(lib_a-impure.o)
                                                  c:/program files (x86)/atmel/studio/7.0/toolchain/arm/arm-gnu-toolchain/bin/../lib/gcc/arm-none-eabi/6.3.1/../../../../arm-none-eabi/lib/thumb/v7e-m\libc.a(lib_a-__atexit.o)
                                                  c:/program files (x86)/atmel/studio/7.0/toolchain/arm/arm-gnu-toolchain/bin/../lib/gcc/arm-none-eabi/6.3.1/../../../../arm-none-eabi/lib/thumb/v7e-m\libc.a(lib_a-__call_atexit.o)
                                                  c:/program files (x86)/atmel/studio/7.0/toolchain/arm/arm-gnu-toolchain/bin/../lib/gcc/arm-none-eabi/6.3.1/../../../../arm-none-eabi/lib/thumb/v7e-m\libc.a(lib_a-exit.o)
_impure_ptr                                       c:/program files (x86)/atmel/studio/7.0/toolchain/arm/arm-gnu-toolchain/bin/../lib/gcc/arm-none-eabi/6.3.1/../../../../arm-none-eabi/lib/thumb/v7e-m\libc.a(lib_a-impure.o)
_init                                             c:/program files (x86)/atmel/studio/7.0/toolchain/arm/arm-gnu-toolchain/bin/../lib/gcc/arm-none-eabi/6.3.1/thumb/v7e-m/crti.o
                                                  c:/program files (x86)/atmel/studio/7.0/toolchain/arm/arm-gnu-toolchain/bin/../lib/gcc/arm-none-eabi/6.3.1/../../../../arm-none-eabi/lib/thumb/v7e-m\libc.a(lib_a-init.o)
_isatty                                           src/ASF/sam/utils/syscalls/gcc/syscalls.o
_kill                                             src/ASF/sam/utils/syscalls/gcc/syscalls.o
_lseek                                            src/ASF/sam/utils/syscalls/gcc/syscalls.o
_mainCRTStartup                                   c:/program files (x86)/atmel/studio/7.0/toolchain/arm/arm-gnu-toolchain/bin/../lib/gcc/arm-none-eabi/6.3.1/../../../../arm-none-eabi/lib/thumb/v7e-m/crt0.o
_read                                             src/ASF/common/utils/stdio/read.o
_sbrk                                             src/ASF/sam/utils/syscalls/gcc/syscalls.o
_sfixed                                           src/ASF/sam/utils/cmsis/sam4l/source/templates/gcc/startup_sam4l.o
_srelocate                                        src/ASF/sam/utils/cmsis/sam4l/source/templates/gcc/startup_sam4l.o
_start                                            c:/program files (x86)/atmel/studio/7.0/toolchain/arm/arm-gnu-toolchain/bin/../lib/gcc/arm-none-eabi/6.3.1/../../../../arm-none-eabi/lib/thumb/v7e-m/crt0.o
_szero                                            src/ASF/sam/utils/cmsis/sam4l/source/templates/gcc/startup_sam4l.o
_write                                            src/ASF/common/utils/stdio/write.o
adc_callback_pointer                              src/ASF/sam/drivers/adcife/adcife.o
adc_ch_set_config                                 src/ASF/sam/drivers/adcife/adcife.o
adc_disable                                       src/ASF/sam/drivers/adcife/adcife.o
adc_enable                                        src/ASF/sam/drivers/adcife/adcife.o
adc_init                                          src/ASF/sam/drivers/adcife/adcife.o
adc_pdca_set_config                               src/ASF/sam/drivers/adcife/adcife.o
adc_set_callback                                  src/ASF/sam/drivers/adcife/adcife.o
adc_set_config                                    src/ASF/sam/drivers/adcife/adcife.o
ast_callback_pointer                              src/ASF/sam/drivers/ast/ast.o
ast_clear_interrupt_flag                          src/ASF/sam/drivers/ast/ast.o
ast_clear_prescalar                               src/ASF/sam/drivers/ast/ast.o
ast_configure_digital_tuner                       src/ASF/sam/drivers/ast/ast.o
ast_disable                                       src/ASF/sam/drivers/ast/ast.o
ast_disable_digital_tuner                         src/ASF/sam/drivers/ast/ast.o
ast_disable_event                                 src/ASF/sam/drivers/ast/ast.o
ast_disable_interrupt                             src/ASF/sam/drivers/ast/ast.o
ast_disable_wakeup                                src/ASF/sam/drivers/ast/ast.o
ast_enable                                        src/ASF/sam/drivers/ast/ast.o
ast_enable_counter_clear_on_alarm                 src/ASF/sam/drivers/ast/ast.o
ast_enable_event                                  src/ASF/sam/drivers/ast/ast.o
ast_enable_interrupt                              src/ASF/sam/drivers/ast/ast.o
ast_enable_wakeup                                 src/ASF/sam/drivers/ast/ast.o
ast_init_digital_tuner                            src/ASF/sam/drivers/ast/ast.o
ast_is_enabled                                    src/ASF/sam/drivers/ast/ast.o
ast_read_calendar_value                           src/ASF/sam/drivers/ast/ast.o
ast_set_callback                                  src/ASF/sam/drivers/ast/ast.o
ast_set_config                                    src/ASF/sam/drivers/ast/ast.o
ast_write_alarm0_value                            src/ASF/sam/drivers/ast/ast.o
ast_write_calendar_value                          src/ASF/sam/drivers/ast/ast.o
ast_write_counter_value                           src/ASF/sam/drivers/ast/ast.o
ast_write_periodic0_value                         src/ASF/sam/drivers/ast/ast.o
atexit                                            c:/program files (x86)/atmel/studio/7.0/toolchain/arm/arm-gnu-toolchain/bin/../lib/gcc/arm-none-eabi/6.3.1/../../../../arm-none-eabi/lib/thumb/v7e-m\libc.a(lib_a-atexit.o)
                                                  c:/program files (x86)/atmel/studio/7.0/toolchain/arm/arm-gnu-toolchain/bin/../lib/gcc/arm-none-eabi/6.3.1/../../../../arm-none-eabi/lib/thumb/v7e-m\libc.a(lib_a-__call_atexit.o)
                                                  c:/program files (x86)/atmel/studio/7.0/toolchain/arm/arm-gnu-toolchain/bin/../lib/gcc/arm-none-eabi/6.3.1/../../../../arm-none-eabi/lib/thumb/v7e-m/crt0.o
bm_ctrl                                           src/ASF/sam/boards/sam4l_ek/board_monitor.o
bm_get_fifo_free_size                             src/ASF/sam/boards/sam4l_ek/board_monitor.o
bm_get_firmware_version                           src/ASF/sam/boards/sam4l_ek/board_monitor.o
bm_get_mcu_current                                src/ASF/sam/boards/sam4l_ek/board_monitor.o
bm_init                                           src/ASF/sam/boards/sam4l_ek/board_monitor.o
bm_led_clr                                        src/ASF/sam/boards/sam4l_ek/board_monitor.o
bm_led_set                                        src/ASF/sam/boards/sam4l_ek/board_monitor.o
bm_led_tgl                                        src/ASF/sam/boards/sam4l_ek/board_monitor.o
bm_mouse_pointer_ctrl                             src/ASF/sam/boards/sam4l_ek/board_monitor.o
bm_mouse_pointer_move                             src/ASF/sam/boards/sam4l_ek/board_monitor.o
bm_print_clear                                    src/ASF/sam/boards/sam4l_ek/board_monitor.o
bm_print_txt                                      src/ASF/sam/boards/sam4l_ek/board_monitor.o
bm_pullup_twi                                     src/ASF/sam/boards/sam4l_ek/board_monitor.o
bm_send_mcu_status                                src/ASF/sam/boards/sam4l_ek/board_monitor.o
bm_send_picouart_frame                            src/ASF/sam/boards/sam4l_ek/board_monitor.o
bm_tgl_button                                     src/ASF/sam/boards/sam4l_ek/board_monitor.o
board_init                                        src/ASF/sam/boards/sam4l_ek/init.o
                                                  src/lcdca_example.o
bpm_clear_interrupt                               src/ASF/sam/drivers/bpm/bpm.o
bpm_disable_backup_pin                            src/ASF/sam/drivers/bpm/bpm.o
bpm_disable_fast_wakeup                           src/ASF/sam/drivers/bpm/bpm.o
bpm_disable_interrupt                             src/ASF/sam/drivers/bpm/bpm.o
bpm_disable_io_retention                          src/ASF/sam/drivers/bpm/bpm.o
bpm_disable_wakeup_source                         src/ASF/sam/drivers/bpm/bpm.o
bpm_enable_backup_pin                             src/ASF/sam/drivers/bpm/bpm.o
bpm_enable_fast_wakeup                            src/ASF/sam/drivers/bpm/bpm.o
                                                  src/ASF/common/services/clock/sam4l/sysclk.o
bpm_enable_interrupt                              src/ASF/sam/drivers/bpm/bpm.o
bpm_enable_io_retention                           src/ASF/sam/drivers/bpm/bpm.o
bpm_enable_wakeup_source                          src/ASF/sam/drivers/bpm/bpm.o
bpm_get_backup_wakeup_cause                       src/ASF/sam/drivers/bpm/bpm.o
bpm_get_interrupt_mask                            src/ASF/sam/drivers/bpm/bpm.o
bpm_get_interrupt_status                          src/ASF/sam/drivers/bpm/bpm.o
bpm_get_status                                    src/ASF/sam/drivers/bpm/bpm.o
                                                  src/ASF/common/services/clock/sam4l/sysclk.o
bpm_get_version                                   src/ASF/sam/drivers/bpm/bpm.o
bpm_power_scaling_cpu                             src/ASF/sam/drivers/bpm/bpm.o
bpm_power_scaling_cpu_failsafe                    src/ASF/sam/drivers/bpm/bpm.o
                                                  src/ASF/common/services/clock/sam4l/sysclk.o
bpm_ps_no_halt_exec                               src/ASF/sam/drivers/bpm/bpm.o
bpm_set_clk32_source                              src/ASF/sam/drivers/bpm/bpm.o
                                                  src/ASF/sam/drivers/lcdca/lcdca.o
bpm_sleep                                         src/ASF/sam/drivers/bpm/bpm.o
                                                  src/lcdca_example.o
cpu_irq_enter_critical                            src/ASF/common/utils/interrupt/interrupt_sam_nvic.o
cpu_irq_leave_critical                            src/ASF/common/utils/interrupt/interrupt_sam_nvic.o
dfll_disable_closed_loop                          src/ASF/common/services/clock/sam4l/dfll.o
dfll_disable_open_loop                            src/ASF/common/services/clock/sam4l/dfll.o
dfll_enable_closed_loop                           src/ASF/common/services/clock/sam4l/dfll.o
dfll_enable_config_defaults                       src/ASF/common/services/clock/sam4l/dfll.o
dfll_enable_open_loop                             src/ASF/common/services/clock/sam4l/dfll.o
exception_table                                   src/ASF/sam/utils/cmsis/sam4l/source/templates/gcc/startup_sam4l.o
exit                                              c:/program files (x86)/atmel/studio/7.0/toolchain/arm/arm-gnu-toolchain/bin/../lib/gcc/arm-none-eabi/6.3.1/../../../../arm-none-eabi/lib/thumb/v7e-m\libc.a(lib_a-exit.o)
                                                  c:/program files (x86)/atmel/studio/7.0/toolchain/arm/arm-gnu-toolchain/bin/../lib/gcc/arm-none-eabi/6.3.1/../../../../arm-none-eabi/lib/thumb/v7e-m/crt0.o
flashcalw_clear_page_buffer                       src/ASF/sam/drivers/flashcalw/flashcalw.o
flashcalw_default_wait_until_ready                src/ASF/sam/drivers/flashcalw/flashcalw.o
flashcalw_enable_lock_error_int                   src/ASF/sam/drivers/flashcalw/flashcalw.o
flashcalw_enable_prog_error_int                   src/ASF/sam/drivers/flashcalw/flashcalw.o
flashcalw_enable_ready_int                        src/ASF/sam/drivers/flashcalw/flashcalw.o
flashcalw_erase_all                               src/ASF/sam/drivers/flashcalw/flashcalw.o
flashcalw_erase_all_gp_fuses                      src/ASF/sam/drivers/flashcalw/flashcalw.o
flashcalw_erase_all_pages                         src/ASF/sam/drivers/flashcalw/flashcalw.o
flashcalw_erase_gp_fuse_bit                       src/ASF/sam/drivers/flashcalw/flashcalw.o
flashcalw_erase_gp_fuse_bitfield                  src/ASF/sam/drivers/flashcalw/flashcalw.o
flashcalw_erase_gp_fuse_byte                      src/ASF/sam/drivers/flashcalw/flashcalw.o
flashcalw_erase_page                              src/ASF/sam/drivers/flashcalw/flashcalw.o
flashcalw_erase_user_page                         src/ASF/sam/drivers/flashcalw/flashcalw.o
flashcalw_get_command                             src/ASF/sam/drivers/flashcalw/flashcalw.o
flashcalw_get_flash_size                          src/ASF/sam/drivers/flashcalw/flashcalw.o
flashcalw_get_page_count                          src/ASF/sam/drivers/flashcalw/flashcalw.o
flashcalw_get_page_count_per_region               src/ASF/sam/drivers/flashcalw/flashcalw.o
flashcalw_get_page_number                         src/ASF/sam/drivers/flashcalw/flashcalw.o
flashcalw_get_page_region                         src/ASF/sam/drivers/flashcalw/flashcalw.o
flashcalw_get_region_first_page_number            src/ASF/sam/drivers/flashcalw/flashcalw.o
flashcalw_get_wait_state                          src/ASF/sam/drivers/flashcalw/flashcalw.o
flashcalw_is_lock_error                           src/ASF/sam/drivers/flashcalw/flashcalw.o
flashcalw_is_lock_error_int_enabled               src/ASF/sam/drivers/flashcalw/flashcalw.o
flashcalw_is_page_erased                          src/ASF/sam/drivers/flashcalw/flashcalw.o
flashcalw_is_page_region_locked                   src/ASF/sam/drivers/flashcalw/flashcalw.o
flashcalw_is_prog_error_int_enabled               src/ASF/sam/drivers/flashcalw/flashcalw.o
flashcalw_is_programming_error                    src/ASF/sam/drivers/flashcalw/flashcalw.o
flashcalw_is_ready                                src/ASF/sam/drivers/flashcalw/flashcalw.o