Archive member included to satisfy reference by file (symbol)

c:/program files (x86)/atmel/studio/7.0/toolchain/arm/arm-gnu-toolchain/bin/../lib/gcc/arm-none-eabi/6.3.1/thumb/v7e-m\libgcc.a(_aeabi_uldivmod.o)
                              src/nut.o (__aeabi_uldivmod)
c:/program files (x86)/atmel/studio/7.0/toolchain/arm/arm-gnu-toolchain/bin/../lib/gcc/arm-none-eabi/6.3.1/thumb/v7e-m\libgcc.a(_udivmoddi4.o)
                              c:/program files (x86)/atmel/studio/7.0/toolchain/arm/arm-gnu-toolchain/bin/../lib/gcc/arm-none-eabi/6.3.1/thumb/v7e-m\libgcc.a(_aeabi_uldivmod.o) (__udivmoddi4)
c:/program files (x86)/atmel/studio/7.0/toolchain/arm/arm-gnu-toolchain/bin/../lib/gcc/arm-none-eabi/6.3.1/thumb/v7e-m\libgcc.a(_dvmd_tls.o)
                              c:/program files (x86)/atmel/studio/7.0/toolchain/arm/arm-gnu-toolchain/bin/../lib/gcc/arm-none-eabi/6.3.1/thumb/v7e-m\libgcc.a(_aeabi_uldivmod.o) (__aeabi_ldiv0)
c:/program files (x86)/atmel/studio/7.0/toolchain/arm/arm-gnu-toolchain/bin/../lib/gcc/arm-none-eabi/6.3.1/../../../../arm-none-eabi/lib/thumb/v7e-m\libc.a(lib_a-exit.o)
                              c:/program files (x86)/atmel/studio/7.0/toolchain/arm/arm-gnu-toolchain/bin/../lib/gcc/arm-none-eabi/6.3.1/../../../../arm-none-eabi/lib/thumb/v7e-m/crt0.o (exit)
c:/program files (x86)/atmel/studio/7.0/toolchain/arm/arm-gnu-toolchain/bin/../lib/gcc/arm-none-eabi/6.3.1/../../../../arm-none-eabi/lib/thumb/v7e-m\libc.a(lib_a-impure.o)
                              c:/program files (x86)/atmel/studio/7.0/toolchain/arm/arm-gnu-toolchain/bin/../lib/gcc/arm-none-eabi/6.3.1/../../../../arm-none-eabi/lib/thumb/v7e-m\libc.a(lib_a-exit.o) (_global_impure_ptr)
c:/program files (x86)/atmel/studio/7.0/toolchain/arm/arm-gnu-toolchain/bin/../lib/gcc/arm-none-eabi/6.3.1/../../../../arm-none-eabi/lib/thumb/v7e-m\libc.a(lib_a-init.o)
                              c:/program files (x86)/atmel/studio/7.0/toolchain/arm/arm-gnu-toolchain/bin/../lib/gcc/arm-none-eabi/6.3.1/../../../../arm-none-eabi/lib/thumb/v7e-m/crt0.o (__libc_init_array)
c:/program files (x86)/atmel/studio/7.0/toolchain/arm/arm-gnu-toolchain/bin/../lib/gcc/arm-none-eabi/6.3.1/../../../../arm-none-eabi/lib/thumb/v7e-m\libc.a(lib_a-memset.o)
                              c:/program files (x86)/atmel/studio/7.0/toolchain/arm/arm-gnu-toolchain/bin/../lib/gcc/arm-none-eabi/6.3.1/../../../../arm-none-eabi/lib/thumb/v7e-m/crt0.o (memset)
c:/program files (x86)/atmel/studio/7.0/toolchain/arm/arm-gnu-toolchain/bin/../lib/gcc/arm-none-eabi/6.3.1/../../../../arm-none-eabi/lib/thumb/v7e-m\libc.a(lib_a-__call_atexit.o)
                              c:/program files (x86)/atmel/studio/7.0/toolchain/arm/arm-gnu-toolchain/bin/../lib/gcc/arm-none-eabi/6.3.1/../../../../arm-none-eabi/lib/thumb/v7e-m\libc.a(lib_a-exit.o) (__call_exitprocs)
c:/program files (x86)/atmel/studio/7.0/toolchain/arm/arm-gnu-toolchain/bin/../lib/gcc/arm-none-eabi/6.3.1/../../../../arm-none-eabi/lib/thumb/v7e-m\libc.a(lib_a-atexit.o)
                              c:/program files (x86)/atmel/studio/7.0/toolchain/arm/arm-gnu-toolchain/bin/../lib/gcc/arm-none-eabi/6.3.1/../../../../arm-none-eabi/lib/thumb/v7e-m\libc.a(lib_a-__call_atexit.o) (atexit)
c:/program files (x86)/atmel/studio/7.0/toolchain/arm/arm-gnu-toolchain/bin/../lib/gcc/arm-none-eabi/6.3.1/../../../../arm-none-eabi/lib/thumb/v7e-m\libc.a(lib_a-fini.o)
                              c:/program files (x86)/atmel/studio/7.0/toolchain/arm/arm-gnu-toolchain/bin/../lib/gcc/arm-none-eabi/6.3.1/../../../../arm-none-eabi/lib/thumb/v7e-m\libc.a(lib_a-__call_atexit.o) (__libc_fini_array)
c:/program files (x86)/atmel/studio/7.0/toolchain/arm/arm-gnu-toolchain/bin/../lib/gcc/arm-none-eabi/6.3.1/../../../../arm-none-eabi/lib/thumb/v7e-m\libc.a(lib_a-lock.o)
                              c:/program files (x86)/atmel/studio/7.0/toolchain/arm/arm-gnu-toolchain/bin/../lib/gcc/arm-none-eabi/6.3.1/../../../../arm-none-eabi/lib/thumb/v7e-m\libc.a(lib_a-__call_atexit.o) (__retarget_lock_acquire_recursive)
c:/program files (x86)/atmel/studio/7.0/toolchain/arm/arm-gnu-toolchain/bin/../lib/gcc/arm-none-eabi/6.3.1/../../../../arm-none-eabi/lib/thumb/v7e-m\libc.a(lib_a-__atexit.o)
                              c:/program files (x86)/atmel/studio/7.0/toolchain/arm/arm-gnu-toolchain/bin/../lib/gcc/arm-none-eabi/6.3.1/../../../../arm-none-eabi/lib/thumb/v7e-m\libc.a(lib_a-atexit.o) (__register_exitproc)

Allocating common symbols
Common symbol       size              file

KBB_keyDuration1    0x2               src/lcdca_example.o
__lock___atexit_recursive_mutex
                    0x1               c:/program files (x86)/atmel/studio/7.0/toolchain/arm/arm-gnu-toolchain/bin/../lib/gcc/arm-none-eabi/6.3.1/../../../../arm-none-eabi/lib/thumb/v7e-m\libc.a(lib_a-lock.o)
__lock___arc4random_mutex
[...]
Memory Configuration

Name             Origin             Length             Attributes
vec              0x00004000         0x00004000         xr
rom              0x00008000         0x00018000         xr
ram              0x20000000         0x00008000         xrw
*default*        0x00000000         0xffffffff

Linker script and memory map

LOAD c:/program files (x86)/atmel/studio/7.0/toolchain/arm/arm-gnu-toolchain/bin/../lib/gcc/arm-none-eabi/6.3.1/thumb/v7e-m/crti.o
LOAD c:/program files (x86)/atmel/studio/7.0/toolchain/arm/arm-gnu-toolchain/bin/../lib/gcc/arm-none-eabi/6.3.1/thumb/v7e-m/crtbegin.o
LOAD c:/program files (x86)/atmel/studio/7.0/toolchain/arm/arm-gnu-toolchain/bin/../lib/gcc/arm-none-eabi/6.3.1/../../../../arm-none-eabi/lib/thumb/v7e-m/crt0.o
LOAD src/help.o
LOAD src/keyboard.o
LOAD src/nut.o
LOAD src/ASF/common/services/clock/sam4l/dfll.o
LOAD src/ASF/common/services/clock/sam4l/osc.o
LOAD src/ASF/common/services/clock/sam4l/pll.o
LOAD src/ASF/common/services/clock/sam4l/sysclk.o
LOAD src/ASF/common/services/delay/sam/cycle_counter.o
LOAD src/ASF/common/services/serial/usart_serial.o
LOAD src/ASF/common/services/sleepmgr/sam4l/sleepmgr.o
LOAD src/ASF/common/utils/interrupt/interrupt_sam_nvic.o
LOAD src/ASF/common/utils/stdio/read.o
LOAD src/ASF/common/utils/stdio/write.o
LOAD src/ASF/sam/boards/sam4l_ek/board_monitor.o
LOAD src/ASF/sam/boards/sam4l_ek/init.o
LOAD src/ASF/sam/drivers/adcife/adcife.o
LOAD src/ASF/sam/drivers/ast/ast.o
LOAD src/ASF/sam/drivers/bpm/bpm.o
LOAD src/ASF/sam/drivers/flashcalw/flashcalw.o
LOAD src/ASF/sam/drivers/gpio/gpio.o
LOAD src/ASF/sam/drivers/lcdca/lcdca.o
LOAD src/ASF/sam/drivers/pdca/pdca.o
LOAD src/ASF/sam/drivers/usart/usart.o
LOAD src/ASF/sam/drivers/wdt/wdt_sam4l.o
LOAD src/ASF/sam/utils/cmsis/sam4l/source/templates/exceptions.o
LOAD src/ASF/sam/utils/cmsis/sam4l/source/templates/gcc/startup_sam4l.o
LOAD src/ASF/sam/utils/cmsis/sam4l/source/templates/system_sam4l.o
LOAD src/ASF/sam/utils/syscalls/gcc/syscalls.o
LOAD src/lcd.o
LOAD src/lcdca_example.o
START GROUP
LOAD ../src/ASF/thirdparty/CMSIS/Lib/GCC\libarm_cortexM4l_math.a
LOAD c:/program files (x86)/atmel/studio/7.0/toolchain/arm/arm-gnu-toolchain/bin/../lib/gcc/arm-none-eabi/6.3.1/../../../../arm-none-eabi/lib/thumb/v7e-m\libm.a
END GROUP
START GROUP
LOAD c:/program files (x86)/atmel/studio/7.0/toolchain/arm/arm-gnu-toolchain/bin/../lib/gcc/arm-none-eabi/6.3.1/thumb/v7e-m\libgcc.a
LOAD c:/program files (x86)/atmel/studio/7.0/toolchain/arm/arm-gnu-toolchain/bin/../lib/gcc/arm-none-eabi/6.3.1/../../../../arm-none-eabi/lib/thumb/v7e-m\libc.a
END GROUP
LOAD c:/program files (x86)/atmel/studio/7.0/toolchain/arm/arm-gnu-toolchain/bin/../lib/gcc/arm-none-eabi/6.3.1/thumb/v7e-m/crtend.o
LOAD c:/program files (x86)/atmel/studio/7.0/toolchain/arm/arm-gnu-toolchain/bin/../lib/gcc/arm-none-eabi/6.3.1/thumb/v7e-m/crtn.o
                0x00001000                __stack_size__ = DEFINED (__stack_size__)?__stack_size__:0x1000
                0x20007ffc                __ram_end__ = ((ORIGIN (ram) + LENGTH (ram)) - 0x4)

.test           0x00004000      0x180
                0x00004000                . = ALIGN (0x4)
 *(.vectors .vectors.*)
 .vectors       0x00004000      0x180 src/ASF/sam/utils/cmsis/sam4l/source/templates/gcc/startup_sam4l.o
                0x00004000                exception_table

.jcr            0x00004180        0x0
 .jcr           0x00004180        0x0 c:/program files (x86)/atmel/studio/7.0/toolchain/arm/arm-gnu-toolchain/bin/../lib/gcc/arm-none-eabi/6.3.1/thumb/v7e-m/crtbegin.o

.igot.plt       0x00004180        0x0
 .igot.plt      0x00004180        0x0 c:/program files (x86)/atmel/studio/7.0/toolchain/arm/arm-gnu-toolchain/bin/../lib/gcc/arm-none-eabi/6.3.1/thumb/v7e-m/crtbegin.o

.text           0x00008000     0x9480
                0x00008000                . = ALIGN (0x4)
                0x00008000                _sfixed = .
 *(.text .text.* .gnu.linkonce.t.*)
 .text          0x00008000       0x6c c:/program files (x86)/atmel/studio/7.0/toolchain/arm/arm-gnu-toolchain/bin/../lib/gcc/arm-none-eabi/6.3.1/thumb/v7e-m/crtbegin.o
 .text.nut_read_rom
                0x0000806c       0x58 src/nut.o
 .text.nut_get_ucode
                0x000080c4       0x34 src/nut.o
                0x000080c4                nut_get_ucode
 .text.nut_reset
                0x000080f8       0xc0 src/nut.o
                0x000080f8                nut_reset
 .text.cpu_irq_save
                0x000081b8       0x38 src/ASF/common/services/clock/sam4l/osc.o
 .text.cpu_irq_is_enabled_flags
                0x000081f0       0x1e src/ASF/common/services/clock/sam4l/osc.o
 *fill*         0x0000820e        0x2 
 .text.cpu_irq_restore
                0x00008210       0x30 src/ASF/common/services/clock/sam4l/osc.o
 .text.osc_priv_enable_osc0
                0x00008240       0x3c src/ASF/common/services/clock/sam4l/osc.o
                0x00008240                osc_priv_enable_osc0
 .text.osc_priv_enable_osc32
                0x0000827c       0x3c src/ASF/common/services/clock/sam4l/osc.o
                0x0000827c                osc_priv_enable_osc32
 .text.osc_priv_enable_rc32k
                0x000082b8       0x40 src/ASF/common/services/clock/sam4l/osc.o
                0x000082b8                osc_priv_enable_rc32k
 .text.osc_priv_enable_rc1m
                0x000082f8       0x40 src/ASF/common/services/clock/sam4l/osc.o
                0x000082f8                osc_priv_enable_rc1m
 .text.osc_priv_enable_rc80m
                0x00008338       0x40 src/ASF/common/services/clock/sam4l/osc.o
                0x00008338                osc_priv_enable_rc80m
 .text.osc_priv_enable_rcfast
                0x00008378       0x4c src/ASF/common/services/clock/sam4l/osc.o
                0x00008378                osc_priv_enable_rcfast
 .text.cpu_irq_save
                0x000083c4       0x38 src/ASF/common/services/clock/sam4l/sysclk.o
 .text.cpu_irq_is_enabled_flags
                0x000083fc       0x1e src/ASF/common/services/clock/sam4l/sysclk.o
 *fill*         0x0000841a        0x2 
 .text.cpu_irq_restore
                0x0000841c       0x30 src/ASF/common/services/clock/sam4l/sysclk.o
 .text.osc_enable
                0x0000844c       0x7c src/ASF/common/services/clock/sam4l/sysclk.o
 .text.osc_is_ready
                0x000084c8       0xc4 src/ASF/common/services/clock/sam4l/sysclk.o
 .text.osc_wait_ready
                0x0000858c       0x2c src/ASF/common/services/clock/sam4l/sysclk.o
 .text.sysclk_get_main_hz
                0x000085b8       0x14 src/ASF/common/services/clock/sam4l/sysclk.o
 .text.sysclk_get_cpu_hz
                0x000085cc       0x14 src/ASF/common/services/clock/sam4l/sysclk.o
 .text.sysclk_enable_hsb_module
                0x000085e0       0x1c src/ASF/common/services/clock/sam4l/sysclk.o
 .text.sysclk_disable_hsb_module
                0x000085fc       0x1c src/ASF/common/services/clock/sam4l/sysclk.o
 .text.sysclk_enable_pbc_module
                0x00008618       0x1c src/ASF/common/services/clock/sam4l/sysclk.o
 .text.sysclk_disable_pbc_module
                0x00008634       0x1c src/ASF/common/services/clock/sam4l/sysclk.o
 .text.sysclk_enable_pbd_module
                0x00008650       0x1c src/ASF/common/services/clock/sam4l/sysclk.o
 .text.sysclk_disable_pbd_module
                0x0000866c       0x1c src/ASF/common/services/clock/sam4l/sysclk.o
 .text.sysclk_enable_pba_divmask
                0x00008688       0x34 src/ASF/common/services/clock/sam4l/sysclk.o
 .text.sysclk_disable_pba_divmask
                0x000086bc       0x38 src/ASF/common/services/clock/sam4l/sysclk.o
 .text.sysclk_priv_enable_module
                0x000086f4       0x68 src/ASF/common/services/clock/sam4l/sysclk.o
                0x000086f4                sysclk_priv_enable_module
 .text.sysclk_priv_disable_module
                0x0000875c       0x68 src/ASF/common/services/clock/sam4l/sysclk.o
                0x0000875c                sysclk_priv_disable_module
 .text.sysclk_enable_pba_module
                0x000087c4       0x48 src/ASF/common/services/clock/sam4l/sysclk.o
                0x000087c4                sysclk_enable_pba_module
 .text.sysclk_disable_pba_module
                0x0000880c       0x48 src/ASF/common/services/clock/sam4l/sysclk.o
                0x0000880c                sysclk_disable_pba_module
 .text.sysclk_enable_pbb_module
                0x00008854       0x48 src/ASF/common/services/clock/sam4l/sysclk.o
                0x00008854                sysclk_enable_pbb_module
 .text.sysclk_disable_pbb_module
                0x0000889c       0x48 src/ASF/common/services/clock/sam4l/sysclk.o
                0x0000889c                sysclk_disable_pbb_module
 .text.sysclk_enable_peripheral_clock
                0x000088e4      0x430 src/ASF/common/services/clock/sam4l/sysclk.o
                0x000088e4                sysclk_enable_peripheral_clock
 .text.sysclk_disable_peripheral_clock
                0x00008d14      0x41c src/ASF/common/services/clock/sam4l/sysclk.o
                0x00008d14                sysclk_disable_peripheral_clock
 .text.sysclk_set_source
                0x00009130       0x38 src/ASF/common/services/clock/sam4l/sysclk.o
                0x00009130                sysclk_set_source
 .text.sysclk_init
                0x00009168      0x104 src/ASF/common/services/clock/sam4l/sysclk.o
                0x00009168                sysclk_init
 .text.ioport_init
                0x0000926c       0x18 src/ASF/sam/boards/sam4l_ek/init.o
 .text.ioport_set_pin_mode
                0x00009284      0x102 src/ASF/sam/boards/sam4l_ek/init.o
 .text.ioport_set_pin_dir
                0x00009386       0xee src/ASF/sam/boards/sam4l_ek/init.o
 .text.board_init
                0x00009474       0x7c src/ASF/sam/boards/sam4l_ek/init.o
                0x00009474                board_init
 .text.adc_interrupt
                0x000094f0       0x1c src/ASF/sam/drivers/adcife/adcife.o
 .text.ADCIFE_Handler
                0x0000950c       0x10 src/ASF/sam/drivers/adcife/adcife.o
                0x0000950c                ADCIFE_Handler
 .text.__NVIC_EnableIRQ
                0x0000951c       0x38 src/ASF/sam/drivers/ast/ast.o
 .text.__NVIC_ClearPendingIRQ
                0x00009554       0x3c src/ASF/sam/drivers/ast/ast.o
 .text.__NVIC_SetPriority
                0x00009590       0x54 src/ASF/sam/drivers/ast/ast.o
 .text.cpu_irq_save
                0x000095e4       0x38 src/ASF/sam/drivers/ast/ast.o
 .text.cpu_irq_is_enabled_flags
                0x0000961c       0x1e src/ASF/sam/drivers/ast/ast.o
 *fill*         0x0000963a        0x2 
 .text.cpu_irq_restore
                0x0000963c       0x30 src/ASF/sam/drivers/ast/ast.o
 .text.ast_is_clkbusy
                0x0000966c       0x24 src/ASF/sam/drivers/ast/ast.o
 .text.ast_is_busy
                0x00009690       0x24 src/ASF/sam/drivers/ast/ast.o
 .text.sleepmgr_lock_mode
                0x000096b4       0x44 src/ASF/sam/drivers/ast/ast.o
 .text.ast_enable
                0x000096f8       0x24 src/ASF/sam/drivers/ast/ast.o
                0x000096f8                ast_enable
 .text.ast_set_config
                0x0000971c      0x130 src/ASF/sam/drivers/ast/ast.o
                0x0000971c                ast_set_config
 .text.ast_write_calendar_value
                0x0000984c       0x38 src/ASF/sam/drivers/ast/ast.o
                0x0000984c                ast_write_calendar_value
 .text.ast_write_counter_value
                0x00009884       0x38 src/ASF/sam/drivers/ast/ast.o
                0x00009884                ast_write_counter_value
 .text.ast_write_alarm0_value
                0x000098bc       0x38 src/ASF/sam/drivers/ast/ast.o
                0x000098bc                ast_write_alarm0_value
 .text.ast_enable_interrupt
                0x000098f4       0x88 src/ASF/sam/drivers/ast/ast.o
                0x000098f4                ast_enable_interrupt
 .text.ast_disable_interrupt
                0x0000997c       0x88 src/ASF/sam/drivers/ast/ast.o
                0x0000997c                ast_disable_interrupt
 .text.ast_clear_interrupt_flag
                0x00009a04       0x88 src/ASF/sam/drivers/ast/ast.o
                0x00009a04                ast_clear_interrupt_flag
 .text.ast_set_callback
                0x00009a8c       0x68 src/ASF/sam/drivers/ast/ast.o
                0x00009a8c                ast_set_callback
 .text.AST_ALARM_Handler
                0x00009af4       0x14 src/ASF/sam/drivers/ast/ast.o
                0x00009af4                AST_ALARM_Handler
 .text.ast_enable_wakeup
                0x00009b08       0x70 src/ASF/sam/drivers/ast/ast.o
                0x00009b08                ast_enable_wakeup
 .text.cpu_irq_save
                0x00009b78       0x38 src/ASF/sam/drivers/bpm/bpm.o
 .text.cpu_irq_is_enabled_flags
                0x00009bb0       0x1e src/ASF/sam/drivers/bpm/bpm.o
 *fill*         0x00009bce        0x2 
 .text.cpu_irq_restore
                0x00009bd0       0x30 src/ASF/sam/drivers/bpm/bpm.o
 .text.bpm_power_scaling_cpu_failsafe
                0x00009c00       0xa4 src/ASF/sam/drivers/bpm/bpm.o
                0x00009c00                bpm_power_scaling_cpu_failsafe
 .text.bpm_power_scaling_cpu
                0x00009ca4       0x58 src/ASF/sam/drivers/bpm/bpm.o
                0x00009ca4                bpm_power_scaling_cpu
 .text.bpm_enable_fast_wakeup
                0x00009cfc       0x30 src/ASF/sam/drivers/bpm/bpm.o
                0x00009cfc                bpm_enable_fast_wakeup
 .text.bpm_set_clk32_source
                0x00009d2c       0x48 src/ASF/sam/drivers/bpm/bpm.o
                0x00009d2c                bpm_set_clk32_source
 .text.bpm_get_status
                0x00009d74       0x16 src/ASF/sam/drivers/bpm/bpm.o
                0x00009d74                bpm_get_status
 *fill*         0x00009d8a        0x2 
 .text.flashcalw_set_wait_state
                0x00009d8c       0x30 src/ASF/sam/drivers/flashcalw/flashcalw.o
                0x00009d8c                flashcalw_set_wait_state
 .text.flashcalw_set_flash_waitstate_and_readmode
                0x00009dbc       0xbc src/ASF/sam/drivers/flashcalw/flashcalw.o
                0x00009dbc                flashcalw_set_flash_waitstate_and_readmode
 .text.flashcalw_is_ready
                0x00009e78       0x24 src/ASF/sam/drivers/flashcalw/flashcalw.o
                0x00009e78                flashcalw_is_ready
 .text.flashcalw_default_wait_until_ready
                0x00009e9c       0x20 src/ASF/sam/drivers/flashcalw/flashcalw.o
                0x00009e9c                flashcalw_default_wait_until_ready
 .text.flashcalw_get_error_status
                0x00009ebc       0x18 src/ASF/sam/drivers/flashcalw/flashcalw.o
 .text.flashcalw_issue_command
                0x00009ed4       0x78 src/ASF/sam/drivers/flashcalw/flashcalw.o
                0x00009ed4                flashcalw_issue_command
 .text.ioport_pin_to_port_id
                0x00009f4c       0x1c src/ASF/sam/drivers/gpio/gpio.o
 .text.ioport_pin_to_mask
                0x00009f68       0x24 src/ASF/sam/drivers/gpio/gpio.o
 .text.gpio_common_handler
                0x00009f8c       0x9c src/ASF/sam/drivers/gpio/gpio.o
 .text.GPIO_0_Handler
                0x0000a028       0x14 src/ASF/sam/drivers/gpio/gpio.o
                0x0000a028                GPIO_0_Handler
 .text.GPIO_1_Handler
                0x0000a03c       0x18 src/ASF/sam/drivers/gpio/gpio.o
                0x0000a03c                GPIO_1_Handler
 .text.GPIO_2_Handler
                0x0000a054       0x18 src/ASF/sam/drivers/gpio/gpio.o
                0x0000a054                GPIO_2_Handler
 .text.GPIO_3_Handler
                0x0000a06c       0x18 src/ASF/sam/drivers/gpio/gpio.o
                0x0000a06c                GPIO_3_Handler
 .text.GPIO_4_Handler
                0x0000a084       0x14 src/ASF/sam/drivers/gpio/gpio.o
                0x0000a084                GPIO_4_Handler
 .text.GPIO_5_Handler
                0x0000a098       0x18 src/ASF/sam/drivers/gpio/gpio.o
                0x0000a098                GPIO_5_Handler
 .text.GPIO_6_Handler
                0x0000a0b0       0x18 src/ASF/sam/drivers/gpio/gpio.o
                0x0000a0b0                GPIO_6_Handler
 .text.GPIO_7_Handler
                0x0000a0c8       0x18 src/ASF/sam/drivers/gpio/gpio.o
                0x0000a0c8                GPIO_7_Handler
 .text.GPIO_8_Handler
                0x0000a0e0       0x14 src/ASF/sam/drivers/gpio/gpio.o
                0x0000a0e0                GPIO_8_Handler
 .text.GPIO_9_Handler
                0x0000a0f4       0x18 src/ASF/sam/drivers/gpio/gpio.o
                0x0000a0f4                GPIO_9_Handler
 .text.GPIO_10_Handler
                0x0000a10c       0x18 src/ASF/sam/drivers/gpio/gpio.o
                0x0000a10c                GPIO_10_Handler
 .text.GPIO_11_Handler
                0x0000a124       0x18 src/ASF/sam/drivers/gpio/gpio.o
                0x0000a124                GPIO_11_Handler
 .text.cpu_irq_save
                0x0000a13c       0x38 src/ASF/sam/drivers/lcdca/lcdca.o
 .text.cpu_irq_is_enabled_flags
                0x0000a174       0x1e src/ASF/sam/drivers/lcdca/lcdca.o
 *fill*         0x0000a192        0x2 
 .text.cpu_irq_restore
                0x0000a194       0x30 src/ASF/sam/drivers/lcdca/lcdca.o
 .text.osc_enable
                0x0000a1c4       0x7c src/ASF/sam/drivers/lcdca/lcdca.o
 .text.osc_is_ready
                0x0000a240       0xc4 src/ASF/sam/drivers/lcdca/lcdca.o
 .text.osc_wait_ready
                0x0000a304       0x2c src/ASF/sam/drivers/lcdca/lcdca.o
 .text.lcdca_clear_status
                0x0000a330       0x18 src/ASF/sam/drivers/lcdca/lcdca.o
 .text.sleepmgr_lock_mode
                0x0000a348       0x44 src/ASF/sam/drivers/lcdca/lcdca.o
 .text.lcdca_clk_init
                0x0000a38c       0x50 src/ASF/sam/drivers/lcdca/lcdca.o
                0x0000a38c                lcdca_clk_init
 .text.lcdca_set_config
                0x0000a3dc       0x9c src/ASF/sam/drivers/lcdca/lcdca.o
                0x0000a3dc                lcdca_set_config
 .text.lcdca_enable
                0x0000a478       0x40 src/ASF/sam/drivers/lcdca/lcdca.o
                0x0000a478                lcdca_enable
 .text.lcdca_set_contrast
                0x0000a4b8       0x5c src/ASF/sam/drivers/lcdca/lcdca.o
                0x0000a4b8                lcdca_set_contrast
 .text.LCDCA_Handler
                0x0000a514       0x24 src/ASF/sam/drivers/lcdca/lcdca.o
                0x0000a514                LCDCA_Handler
 .text.pdca_channel_get_handler
                0x0000a538       0x2e src/ASF/sam/drivers/pdca/pdca.o
                0x0000a538                pdca_channel_get_handler
 *fill*         0x0000a566        0x2 
 .text.pdca_get_channel_status
                0x0000a568       0x68 src/ASF/sam/drivers/pdca/pdca.o
                0x0000a568                pdca_get_channel_status
 .text.pdca_channel_interrupt
                0x0000a5d0       0x40 src/ASF/sam/drivers/pdca/pdca.o
 .text.PDCA_0_Handler
                0x0000a610       0x14 src/ASF/sam/drivers/pdca/pdca.o
                0x0000a610                PDCA_0_Handler
 .text.PDCA_1_Handler
                0x0000a624       0x14 src/ASF/sam/drivers/pdca/pdca.o
                0x0000a624                PDCA_1_Handler
 .text.PDCA_2_Handler
                0x0000a638       0x14 src/ASF/sam/drivers/pdca/pdca.o
                0x0000a638                PDCA_2_Handler
 .text.PDCA_3_Handler
                0x0000a64c       0x14 src/ASF/sam/drivers/pdca/pdca.o
                0x0000a64c                PDCA_3_Handler
 .text.PDCA_4_Handler
                0x0000a660       0x14 src/ASF/sam/drivers/pdca/pdca.o
                0x0000a660                PDCA_4_Handler
 .text.PDCA_5_Handler
                0x0000a674       0x14 src/ASF/sam/drivers/pdca/pdca.o
                0x0000a674                PDCA_5_Handler
 .text.PDCA_6_Handler
                0x0000a688       0x14 src/ASF/sam/drivers/pdca/pdca.o
                0x0000a688                PDCA_6_Handler
 .text.PDCA_7_Handler
                0x0000a69c       0x14 src/ASF/sam/drivers/pdca/pdca.o
                0x0000a69c                PDCA_7_Handler
 .text.PDCA_8_Handler
                0x0000a6b0       0x14 src/ASF/sam/drivers/pdca/pdca.o
                0x0000a6b0                PDCA_8_Handler
 .text.PDCA_9_Handler
                0x0000a6c4       0x14 src/ASF/sam/drivers/pdca/pdca.o
                0x0000a6c4                PDCA_9_Handler
 .text.PDCA_10_Handler
                0x0000a6d8       0x14 src/ASF/sam/drivers/pdca/pdca.o
                0x0000a6d8                PDCA_10_Handler
 .text.PDCA_11_Handler
                0x0000a6ec       0x14 src/ASF/sam/drivers/pdca/pdca.o
                0x0000a6ec                PDCA_11_Handler
 .text.PDCA_12_Handler
                0x0000a700       0x14 src/ASF/sam/drivers/pdca/pdca.o
                0x0000a700                PDCA_12_Handler
 .text.PDCA_13_Handler
                0x0000a714       0x14 src/ASF/sam/drivers/pdca/pdca.o
                0x0000a714                PDCA_13_Handler
 .text.PDCA_14_Handler
                0x0000a728       0x14 src/ASF/sam/drivers/pdca/pdca.o
                0x0000a728                PDCA_14_Handler
 .text.PDCA_15_Handler
                0x0000a73c       0x14 src/ASF/sam/drivers/pdca/pdca.o
                0x0000a73c                PDCA_15_Handler
 .text.sysclk_get_main_hz
                0x0000a750       0x14 src/ASF/sam/drivers/wdt/wdt_sam4l.o
 .text.sysclk_get_cpu_hz
                0x0000a764       0x14 src/ASF/sam/drivers/wdt/wdt_sam4l.o
 .text.wdt_set_ctrl
                0x0000a778       0x80 src/ASF/sam/drivers/wdt/wdt_sam4l.o
 .text.wdt_get_config_defaults
                0x0000a7f8       0x42 src/ASF/sam/drivers/wdt/wdt_sam4l.o
                0x0000a7f8                wdt_get_config_defaults
 *fill*         0x0000a83a        0x2 
 .text.wdt_init
                0x0000a83c      0x104 src/ASF/sam/drivers/wdt/wdt_sam4l.o
                0x0000a83c                wdt_init
 .text.wdt_disable
                0x0000a940       0x40 src/ASF/sam/drivers/wdt/wdt_sam4l.o
                0x0000a940                wdt_disable
 .text.Dummy_Handler
                0x0000a980        0x6 src/ASF/sam/utils/cmsis/sam4l/source/templates/exceptions.o
                0x0000a980                Dummy_Handler
 .text.DH_NMI   0x0000a986        0x6 src/ASF/sam/utils/cmsis/sam4l/source/templates/exceptions.o
                0x0000a986                DH_NMI
                0x0000a986                NMI_Handler
 .text.DH_HardFault
                0x0000a98c        0x6 src/ASF/sam/utils/cmsis/sam4l/source/templates/exceptions.o
                0x0000a98c                DH_HardFault
                0x0000a98c                HardFault_Handler
 .text.DH_MemManage
                0x0000a992        0x6 src/ASF/sam/utils/cmsis/sam4l/source/templates/exceptions.o
                0x0000a992                MemManage_Handler
                0x0000a992                DH_MemManage
 .text.DH_BusFault
                0x0000a998        0x6 src/ASF/sam/utils/cmsis/sam4l/source/templates/exceptions.o
                0x0000a998                BusFault_Handler
                0x0000a998                DH_BusFault
 .text.DH_UsageFault_Handler
                0x0000a99e        0x6 src/ASF/sam/utils/cmsis/sam4l/source/templates/exceptions.o
                0x0000a99e                DH_UsageFault_Handler
                0x0000a99e                UsageFault_Handler
 .text.DH_SVC   0x0000a9a4        0x6 src/ASF/sam/utils/cmsis/sam4l/source/templates/exceptions.o
                0x0000a9a4                SVC_Handler
                0x0000a9a4                DH_SVC
 .text.DH_DebugMon
                0x0000a9aa        0x6 src/ASF/sam/utils/cmsis/sam4l/source/templates/exceptions.o
                0x0000a9aa                DH_DebugMon
                0x0000a9aa                DebugMon_Handler
 .text.DH_PendSV
                0x0000a9b0        0x6 src/ASF/sam/utils/cmsis/sam4l/source/templates/exceptions.o
                0x0000a9b0                DH_PendSV
                0x0000a9b0                PendSV_Handler
 .text.DH_SysTick
                0x0000a9b6        0x6 src/ASF/sam/utils/cmsis/sam4l/source/templates/exceptions.o
                0x0000a9b6                DH_SysTick
                0x0000a9b6                SysTick_Handler
 .text.DH_ABDACB
                0x0000a9bc        0x6 src/ASF/sam/utils/cmsis/sam4l/source/templates/exceptions.o
                0x0000a9bc                ABDACB_Handler
                0x0000a9bc                DH_ABDACB
 .text.DH_ACIFC
                0x0000a9c2        0x6 src/ASF/sam/utils/cmsis/sam4l/source/templates/exceptions.o
                0x0000a9c2                DH_ACIFC
                0x0000a9c2                ACIFC_Handler
 .text.DH_AESA  0x0000a9c8        0x6 src/ASF/sam/utils/cmsis/sam4l/source/templates/exceptions.o
                0x0000a9c8                DH_AESA
                0x0000a9c8                AESA_Handler
 .text.DH_AST_CLKREADY
                0x0000a9ce        0x6 src/ASF/sam/utils/cmsis/sam4l/source/templates/exceptions.o
                0x0000a9ce                DH_AST_CLKREADY
                0x0000a9ce                AST_CLKREADY_Handler
 .text.DH_AST_OVF
                0x0000a9d4        0x6 src/ASF/sam/utils/cmsis/sam4l/source/templates/exceptions.o
                0x0000a9d4                DH_AST_OVF
                0x0000a9d4                AST_OVF_Handler
 .text.DH_AST_PER
                0x0000a9da        0x6 src/ASF/sam/utils/cmsis/sam4l/source/templates/exceptions.o
                0x0000a9da                DH_AST_PER
                0x0000a9da                AST_PER_Handler
 .text.DH_AST_READY
                0x0000a9e0        0x6 src/ASF/sam/utils/cmsis/sam4l/source/templates/exceptions.o
                0x0000a9e0                AST_READY_Handler
                0x0000a9e0                DH_AST_READY
 .text.DH_BPM   0x0000a9e6        0x6 src/ASF/sam/utils/cmsis/sam4l/source/templates/exceptions.o
                0x0000a9e6                DH_BPM
                0x0000a9e6                BPM_Handler
 .text.DH_BSCIF
                0x0000a9ec        0x6 src/ASF/sam/utils/cmsis/sam4l/source/templates/exceptions.o
                0x0000a9ec                BSCIF_Handler
                0x0000a9ec                DH_BSCIF
 .text.DH_CATB  0x0000a9f2        0x6 src/ASF/sam/utils/cmsis/sam4l/source/templates/exceptions.o
                0x0000a9f2                CATB_Handler
                0x0000a9f2                DH_CATB
 .text.DH_CRCCU
                0x0000a9f8        0x6 src/ASF/sam/utils/cmsis/sam4l/source/templates/exceptions.o
                0x0000a9f8                DH_CRCCU
                0x0000a9f8                CRCCU_Handler
 .text.DH_DACC  0x0000a9fe        0x6 src/ASF/sam/utils/cmsis/sam4l/source/templates/exceptions.o
                0x0000a9fe                DH_DACC
                0x0000a9fe                DACC_Handler
 .text.DH_EIC_1
                0x0000aa04        0x6 src/ASF/sam/utils/cmsis/sam4l/source/templates/exceptions.o
                0x0000aa04                EIC_1_Handler
                0x0000aa04                DH_EIC_1
 .text.DH_EIC_2
                0x0000aa0a        0x6 src/ASF/sam/utils/cmsis/sam4l/source/templates/exceptions.o
                0x0000aa0a                DH_EIC_2
                0x0000aa0a                EIC_2_Handler
 .text.DH_EIC_3
                0x0000aa10        0x6 src/ASF/sam/utils/cmsis/sam4l/source/templates/exceptions.o
                0x0000aa10                EIC_3_Handler
                0x0000aa10                DH_EIC_3
 .text.DH_EIC_4
                0x0000aa16        0x6 src/ASF/sam/utils/cmsis/sam4l/source/templates/exceptions.o
                0x0000aa16                DH_EIC_4
                0x0000aa16                EIC_4_Handler
 .text.DH_EIC_5
                0x0000aa1c        0x6 src/ASF/sam/utils/cmsis/sam4l/source/templates/exceptions.o
                0x0000aa1c                DH_EIC_5
                0x0000aa1c                EIC_5_Handler
 .text.DH_EIC_6
                0x0000aa22        0x6 src/ASF/sam/utils/cmsis/sam4l/source/templates/exceptions.o
                0x0000aa22                EIC_6_Handler
                0x0000aa22                DH_EIC_6
 .text.DH_EIC_7
                0x0000aa28        0x6 src/ASF/sam/utils/cmsis/sam4l/source/templates/exceptions.o
                0x0000aa28                EIC_7_Handler
                0x0000aa28                DH_EIC_7
 .text.DH_EIC_8
                0x0000aa2e        0x6 src/ASF/sam/utils/cmsis/sam4l/source/templates/exceptions.o
                0x0000aa2e                DH_EIC_8
                0x0000aa2e                EIC_8_Handler
 .text.DH_FREQM
                0x0000aa34        0x6 src/ASF/sam/utils/cmsis/sam4l/source/templates/exceptions.o
                0x0000aa34                FREQM_Handler
                0x0000aa34                DH_FREQM
 .text.DH_HFLASHC
                0x0000aa3a        0x6 src/ASF/sam/utils/cmsis/sam4l/source/templates/exceptions.o
                0x0000aa3a                HFLASHC_Handler
                0x0000aa3a                DH_HFLASHC
 .text.DH_IISC  0x0000aa40        0x6 src/ASF/sam/utils/cmsis/sam4l/source/templates/exceptions.o
                0x0000aa40                IISC_Handler
                0x0000aa40                DH_IISC
 .text.DH_PARC  0x0000aa46        0x6 src/ASF/sam/utils/cmsis/sam4l/source/templates/exceptions.o
                0x0000aa46                DH_PARC
                0x0000aa46                PARC_Handler
 .text.DH_PEVC_OV
                0x0000aa4c        0x6 src/ASF/sam/utils/cmsis/sam4l/source/templates/exceptions.o
                0x0000aa4c                PEVC_OV_Handler
                0x0000aa4c                DH_PEVC_OV
 .text.DH_PEVC_TR
                0x0000aa52        0x6 src/ASF/sam/utils/cmsis/sam4l/source/templates/exceptions.o
                0x0000aa52                PEVC_TR_Handler
                0x0000aa52                DH_PEVC_TR
 .text.DH_PM    0x0000aa58        0x6 src/ASF/sam/utils/cmsis/sam4l/source/templates/exceptions.o
                0x0000aa58                PM_Handler
                0x0000aa58                DH_PM
 .text.DH_SCIF  0x0000aa5e        0x6 src/ASF/sam/utils/cmsis/sam4l/source/templates/exceptions.o
                0x0000aa5e                DH_SCIF
                0x0000aa5e                SCIF_Handler
 .text.DH_SPI   0x0000aa64        0x6 src/ASF/sam/utils/cmsis/sam4l/source/templates/exceptions.o
                0x0000aa64                DH_SPI
                0x0000aa64                SPI_Handler
 .text.DH_TC00  0x0000aa6a        0x6 src/ASF/sam/utils/cmsis/sam4l/source/templates/exceptions.o
                0x0000aa6a                DH_TC00
                0x0000aa6a                TC00_Handler
 .text.DH_TC01  0x0000aa70        0x6 src/ASF/sam/utils/cmsis/sam4l/source/templates/exceptions.o
                0x0000aa70                TC01_Handler
                0x0000aa70                DH_TC01
 .text.DH_TC02  0x0000aa76        0x6 src/ASF/sam/utils/cmsis/sam4l/source/templates/exceptions.o
                0x0000aa76                DH_TC02
                0x0000aa76                TC02_Handler
 .text.DH_TC10  0x0000aa7c        0x6 src/ASF/sam/utils/cmsis/sam4l/source/templates/exceptions.o
                0x0000aa7c                DH_TC10
                0x0000aa7c                TC10_Handler
 .text.DH_TC11  0x0000aa82        0x6 src/ASF/sam/utils/cmsis/sam4l/source/templates/exceptions.o
                0x0000aa82                TC11_Handler
                0x0000aa82                DH_TC11
 .text.DH_TC12  0x0000aa88        0x6 src/ASF/sam/utils/cmsis/sam4l/source/templates/exceptions.o
                0x0000aa88                TC12_Handler
                0x0000aa88                DH_TC12
 .text.DH_TRNG  0x0000aa8e        0x6 src/ASF/sam/utils/cmsis/sam4l/source/templates/exceptions.o
                0x0000aa8e                DH_TRNG
                0x0000aa8e                TRNG_Handler
 .text.DH_TWIM0
                0x0000aa94        0x6 src/ASF/sam/utils/cmsis/sam4l/source/templates/exceptions.o
                0x0000aa94                DH_TWIM0
                0x0000aa94                TWIM0_Handler
 .text.DH_TWIM1
                0x0000aa9a        0x6 src/ASF/sam/utils/cmsis/sam4l/source/templates/exceptions.o
                0x0000aa9a                TWIM1_Handler
                0x0000aa9a                DH_TWIM1
 .text.DH_TWIM2
                0x0000aaa0        0x6 src/ASF/sam/utils/cmsis/sam4l/source/templates/exceptions.o
                0x0000aaa0                TWIM2_Handler
                0x0000aaa0                DH_TWIM2
 .text.DH_TWIM3
                0x0000aaa6        0x6 src/ASF/sam/utils/cmsis/sam4l/source/templates/exceptions.o
                0x0000aaa6                DH_TWIM3
                0x0000aaa6                TWIM3_Handler
 .text.DH_TWIS0
                0x0000aaac        0x6 src/ASF/sam/utils/cmsis/sam4l/source/templates/exceptions.o
                0x0000aaac                DH_TWIS0
                0x0000aaac                TWIS0_Handler
 .text.DH_TWIS1
                0x0000aab2        0x6 src/ASF/sam/utils/cmsis/sam4l/source/templates/exceptions.o
                0x0000aab2                TWIS1_Handler
                0x0000aab2                DH_TWIS1
 .text.DH_USART0
                0x0000aab8        0x6 src/ASF/sam/utils/cmsis/sam4l/source/templates/exceptions.o
                0x0000aab8                DH_USART0
                0x0000aab8                USART0_Handler
 .text.DH_USART1
                0x0000aabe        0x6 src/ASF/sam/utils/cmsis/sam4l/source/templates/exceptions.o
                0x0000aabe                USART1_Handler
                0x0000aabe                DH_USART1
 .text.DH_USART2
                0x0000aac4        0x6 src/ASF/sam/utils/cmsis/sam4l/source/templates/exceptions.o
                0x0000aac4                DH_USART2
                0x0000aac4                USART2_Handler
 .text.DH_USART3
                0x0000aaca        0x6 src/ASF/sam/utils/cmsis/sam4l/source/templates/exceptions.o
                0x0000aaca                DH_USART3
                0x0000aaca                USART3_Handler
 .text.DH_USBC  0x0000aad0        0x6 src/ASF/sam/utils/cmsis/sam4l/source/templates/exceptions.o
                0x0000aad0                USBC_Handler
                0x0000aad0                DH_USBC
 .text.DH_WDT   0x0000aad6        0x6 src/ASF/sam/utils/cmsis/sam4l/source/templates/exceptions.o
                0x0000aad6                DH_WDT
                0x0000aad6                WDT_Handler
 .text.Reset_Handler
                0x0000aadc       0x84 src/ASF/sam/utils/cmsis/sam4l/source/templates/gcc/startup_sam4l.o
                0x0000aadc                Reset_Handler
 .text.LCD_drawDigit
                0x0000ab60      0x284 src/lcd.o
                0x0000ab60                LCD_drawDigit
 .text.LCD_localClear
                0x0000ade4       0x28 src/lcd.o
                0x0000ade4                LCD_localClear
 .text.LCD_localPush
                0x0000ae0c       0x34 src/lcd.o
                0x0000ae0c                LCD_localPush
 .text.osc_enable
                0x0000ae40       0x7c src/lcdca_example.o
 .text.ast_alarm_callback
                0x0000aebc       0x48 src/lcdca_example.o
 .text.config_ast
                0x0000af04      0x128 src/lcdca_example.o
 .text.main     0x0000b02c      0x258 src/lcdca_example.o
                0x0000b02c                main
 .text.__libc_init_array
                0x0000b284       0x50 c:/program files (x86)/atmel/studio/7.0/toolchain/arm/arm-gnu-toolchain/bin/../lib/gcc/arm-none-eabi/6.3.1/../../../../arm-none-eabi/lib/thumb/v7e-m\libc.a(lib_a-init.o)
                0x0000b284                __libc_init_array
 .text.startup.register_fini
                0x0000b2d4       0x14 c:/program files (x86)/atmel/studio/7.0/toolchain/arm/arm-gnu-toolchain/bin/../lib/gcc/arm-none-eabi/6.3.1/../../../../arm-none-eabi/lib/thumb/v7e-m\libc.a(lib_a-__call_atexit.o)
 .text.atexit   0x0000b2e8        0xc c:/program files (x86)/atmel/studio/7.0/toolchain/arm/arm-gnu-toolchain/bin/../lib/gcc/arm-none-eabi/6.3.1/../../../../arm-none-eabi/lib/thumb/v7e-m\libc.a(lib_a-atexit.o)
                0x0000b2e8                atexit
 .text.__libc_fini_array
                0x0000b2f4       0x34 c:/program files (x86)/atmel/studio/7.0/toolchain/arm/arm-gnu-toolchain/bin/../lib/gcc/arm-none-eabi/6.3.1/../../../../arm-none-eabi/lib/thumb/v7e-m\libc.a(lib_a-fini.o)
                0x0000b2f4                __libc_fini_array
 .text.__retarget_lock_acquire_recursive
                0x0000b328        0x4 c:/program files (x86)/atmel/studio/7.0/toolchain/arm/arm-gnu-toolchain/bin/../lib/gcc/arm-none-eabi/6.3.1/../../../../arm-none-eabi/lib/thumb/v7e-m\libc.a(lib_a-lock.o)
                0x0000b328                __retarget_lock_acquire_recursive
 .text.__retarget_lock_release_recursive
                0x0000b32c        0x4 c:/program files (x86)/atmel/studio/7.0/toolchain/arm/arm-gnu-toolchain/bin/../lib/gcc/arm-none-eabi/6.3.1/../../../../arm-none-eabi/lib/thumb/v7e-m\libc.a(lib_a-lock.o)
                0x0000b32c                __retarget_lock_release_recursive
 .text.__register_exitproc
                0x0000b330       0xc4 c:/program files (x86)/atmel/studio/7.0/toolchain/arm/arm-gnu-toolchain/bin/../lib/gcc/arm-none-eabi/6.3.1/../../../../arm-none-eabi/lib/thumb/v7e-m\libc.a(lib_a-__atexit.o)
                0x0000b330                __register_exitproc
 *(.glue_7t)
 .glue_7t       0x0000b3f4        0x0 linker stubs
 *(.glue_7)
 .glue_7        0x0000b3f4        0x0 linker stubs
 *(.rodata .rodata* .gnu.linkonce.r.*)
 .rodata.vROM   0x0000b3f4     0x3001 src/nut.o
 *fill*         0x0000e3f5        0x3 
 .rodata.lcdSegBase
                0x0000e3f8        0xa src/lcd.o
                0x0000e3f8                lcdSegBase
 *fill*         0x0000e402        0x2 
 .rodata.LUT_lcdSeg
                0x0000e404       0x40 src/lcd.o
                0x0000e404                LUT_lcdSeg
 .rodata.bcd2ascii
                0x0000e444       0x10 src/lcdca_example.o
                0x0000e444                bcd2ascii
 .rodata.vROM   0x0000e454     0x3001 src/lcdca_example.o
 *fill*         0x00011455        0x3 
 .rodata._global_impure_ptr
                0x00011458        0x4 c:/program files (x86)/atmel/studio/7.0/toolchain/arm/arm-gnu-toolchain/bin/../lib/gcc/arm-none-eabi/6.3.1/../../../../arm-none-eabi/lib/thumb/v7e-m\libc.a(lib_a-impure.o)
                0x00011458                _global_impure_ptr
 *(.ARM.extab* .gnu.linkonce.armextab.*)
                0x0001145c                . = ALIGN (0x4)
 *(.init)
 .init          0x0001145c        0x4 c:/program files (x86)/atmel/studio/7.0/toolchain/arm/arm-gnu-toolchain/bin/../lib/gcc/arm-none-eabi/6.3.1/thumb/v7e-m/crti.o
                0x0001145c                _init
 .init          0x00011460        0x8 c:/program files (x86)/atmel/studio/7.0/toolchain/arm/arm-gnu-toolchain/bin/../lib/gcc/arm-none-eabi/6.3.1/thumb/v7e-m/crtn.o
                0x00011468                . = ALIGN (0x4)
                0x00011468                __preinit_array_start = .
 *(.preinit_array)
                0x00011468                __preinit_array_end = .
                0x00011468                . = ALIGN (0x4)
                0x00011468                __init_array_start = .
 *(SORT(.init_array.*))
 .init_array.00000
                0x00011468        0x4 c:/program files (x86)/atmel/studio/7.0/toolchain/arm/arm-gnu-toolchain/bin/../lib/gcc/arm-none-eabi/6.3.1/../../../../arm-none-eabi/lib/thumb/v7e-m\libc.a(lib_a-__call_atexit.o)
 *(.init_array)
 .init_array    0x0001146c        0x4 c:/program files (x86)/atmel/studio/7.0/toolchain/arm/arm-gnu-toolchain/bin/../lib/gcc/arm-none-eabi/6.3.1/thumb/v7e-m/crtbegin.o
                0x00011470                __init_array_end = .
                0x00011470                . = ALIGN (0x4)
 *crtbegin.o(.ctors)
 *(EXCLUDE_FILE(*crtend.o) .ctors)
 *(SORT(.ctors.*))
 *crtend.o(.ctors)
                0x00011470                . = ALIGN (0x4)
 *(.fini)
 .fini          0x00011470        0x4 c:/program files (x86)/atmel/studio/7.0/toolchain/arm/arm-gnu-toolchain/bin/../lib/gcc/arm-none-eabi/6.3.1/thumb/v7e-m/crti.o
                0x00011470                _fini
 .fini          0x00011474        0x8 c:/program files (x86)/atmel/studio/7.0/toolchain/arm/arm-gnu-toolchain/bin/../lib/gcc/arm-none-eabi/6.3.1/thumb/v7e-m/crtn.o
                0x0001147c                . = ALIGN (0x4)
                0x0001147c                __fini_array_start = .
 *(.fini_array)
 .fini_array    0x0001147c        0x4 c:/program files (x86)/atmel/studio/7.0/toolchain/arm/arm-gnu-toolchain/bin/../lib/gcc/arm-none-eabi/6.3.1/thumb/v7e-m/crtbegin.o
 *(SORT(.fini_array.*))
                0x00011480                __fini_array_end = .
 *crtbegin.o(.dtors)
 *(EXCLUDE_FILE(*crtend.o) .dtors)
 *(SORT(.dtors.*))
 *crtend.o(.dtors)
                0x00011480                . = ALIGN (0x4)
                0x00011480                _efixed = .
                [!provide]                PROVIDE (__exidx_start, .)

.vfp11_veneer   0x00011480        0x0
 .vfp11_veneer  0x00011480        0x0 linker stubs

.v4_bx          0x00011480        0x0
 .v4_bx         0x00011480        0x0 linker stubs

.iplt           0x00011480        0x0
 .iplt          0x00011480        0x0 c:/program files (x86)/atmel/studio/7.0/toolchain/arm/arm-gnu-toolchain/bin/../lib/gcc/arm-none-eabi/6.3.1/thumb/v7e-m/crtbegin.o

.eh_frame       0x00011480        0x0
 .eh_frame      0x00011480        0x0 c:/program files (x86)/atmel/studio/7.0/toolchain/arm/arm-gnu-toolchain/bin/../lib/gcc/arm-none-eabi/6.3.1/thumb/v7e-m/crtbegin.o

.rel.dyn        0x00011480        0x0
 .rel.iplt      0x00011480        0x0 c:/program files (x86)/atmel/studio/7.0/toolchain/arm/arm-gnu-toolchain/bin/../lib/gcc/arm-none-eabi/6.3.1/thumb/v7e-m/crtbegin.o

.ARM.exidx
 *(.ARM.exidx* .gnu.linkonce.armexidx.*)
                [!provide]                PROVIDE (__exidx_end, .)
                0x00011480                . = ALIGN (0x4)
                0x00011480                _etext = .

.relocate       0x20000000      0x4ac load address 0x00011480
                0x20000000                . = ALIGN (0x4)
                0x20000000                _srelocate = .
 *(.ramfunc .ramfunc.*)
 .ramfunc       0x20000000       0x74 src/ASF/sam/drivers/bpm/bpm.o
                0x20000000                bpm_ps_no_halt_exec
 *(.data .data.*)
 .data.g_interrupt_enabled
                0x20000074        0x1 src/ASF/common/utils/interrupt/interrupt_sam_nvic.o
                0x20000074                g_interrupt_enabled
 *fill*         0x20000075        0x3 
 .data.flashcalw_wait_until_ready
                0x20000078        0x4 src/ASF/sam/drivers/flashcalw/flashcalw.o
                0x20000078                flashcalw_wait_until_ready
 *fill*         0x2000007c        0x4 
 .data.impure_data
                0x20000080      0x428 c:/program files (x86)/atmel/studio/7.0/toolchain/arm/arm-gnu-toolchain/bin/../lib/gcc/arm-none-eabi/6.3.1/../../../../arm-none-eabi/lib/thumb/v7e-m\libc.a(lib_a-impure.o)
 .data.__atexit_recursive_mutex
                0x200004a8        0x4 c:/program files (x86)/atmel/studio/7.0/toolchain/arm/arm-gnu-toolchain/bin/../lib/gcc/arm-none-eabi/6.3.1/../../../../arm-none-eabi/lib/thumb/v7e-m\libc.a(lib_a-__call_atexit.o)
                0x200004a8                __atexit_recursive_mutex
                0x200004ac                . = ALIGN (0x4)
                0x200004ac                _erelocate = .

.bss            0x200004ac     0x39b0 load address 0x0001192c
                0x200004ac                . = ALIGN (0x4)
                0x200004ac                _sbss = .
                0x200004ac                _szero = .
 *(.bss .bss.*)
 .bss           0x200004ac       0x1c c:/program files (x86)/atmel/studio/7.0/toolchain/arm/arm-gnu-toolchain/bin/../lib/gcc/arm-none-eabi/6.3.1/thumb/v7e-m/crtbegin.o
 .bss.flashcalw_error_status
                0x200004c8        0x4 src/ASF/sam/drivers/flashcalw/flashcalw.o
 .bss.gpio_int_sources
                0x200004cc       0x30 src/ASF/sam/drivers/gpio/gpio.o
 .bss.gpio_nb_sources
                0x200004fc        0x4 src/ASF/sam/drivers/gpio/gpio.o
 .bss.lcdca_callback_pointer
                0x20000500        0x4 src/ASF/sam/drivers/lcdca/lcdca.o
                0x20000500                lcdca_callback_pointer
 *(COMMON)
 COMMON         0x20000504     0x38c0 src/nut.o
                0x20000504                nutr
 COMMON         0x20003dc4        0x8 src/ASF/common/services/sleepmgr/sam4l/sleepmgr.o
                0x20003dc4                sleepmgr_locks
 COMMON         0x20003dcc        0x4 src/ASF/sam/drivers/adcife/adcife.o
                0x20003dcc                adc_callback_pointer
 COMMON         0x20003dd0       0x14 src/ASF/sam/drivers/ast/ast.o
                0x20003dd0                ast_callback_pointer
 COMMON         0x20003de4       0x40 src/ASF/sam/drivers/pdca/pdca.o
                0x20003de4                pdca_callback_pointer
 COMMON         0x20003e24       0x14 src/lcd.o
                0x20003e24                lcdLocal
 COMMON         0x20003e38       0x21 c:/program files (x86)/atmel/studio/7.0/toolchain/arm/arm-gnu-toolchain/bin/../lib/gcc/arm-none-eabi/6.3.1/../../../../arm-none-eabi/lib/thumb/v7e-m\libc.a(lib_a-lock.o)
                0x20003e38                __lock___atexit_recursive_mutex
                0x20003e3c                __lock___arc4random_mutex
                0x20003e40                __lock___env_recursive_mutex
                0x20003e44                __lock___sinit_recursive_mutex
                0x20003e48                __lock___malloc_recursive_mutex
                0x20003e4c                __lock___at_quick_exit_mutex
                0x20003e50                __lock___dd_hash_mutex
                0x20003e54                __lock___tz_mutex
                0x20003e58                __lock___sfp_recursive_mutex
                0x20003e5c                . = ALIGN (0x4)
 *fill*         0x20003e59        0x3 
                0x20003e5c                _ebss = .
                0x20003e5c                _ezero = .

.stack          0x20003e5c     0x1004 load address 0x000152dc
                0x20003e60                . = ALIGN (0x8)
 *fill*         0x20003e5c        0x4 
                0x20003e60                _sstack = .
                0x20004e60                . = (. + __stack_size__)
 *fill*         0x20003e60     0x1000 
                0x20004e60                . = ALIGN (0x8)
                0x20004e60                _estack = .
                0x20004e60                . = ALIGN (0x4)
                0x20004e60                _end = .
OUTPUT(HP12Cplus_Test1.elf elf32-littlearm)

.ARM.attributes
                0x00000000       0x2a
 .ARM.attributes
                0x00000000       0x1e c:/program files (x86)/atmel/studio/7.0/toolchain/arm/arm-gnu-toolchain/bin/../lib/gcc/arm-none-eabi/6.3.1/thumb/v7e-m/crti.o
 .ARM.attributes
                0x0000001e       0x2e c:/program files (x86)/atmel/studio/7.0/toolchain/arm/arm-gnu-toolchain/bin/../lib/gcc/arm-none-eabi/6.3.1/thumb/v7e-m/crtbegin.o
 .ARM.attributes
                0x0000004c       0x33 src/nut.o
 .ARM.attributes
                0x0000007f       0x33 src/ASF/common/services/clock/sam4l/osc.o
 .ARM.attributes
                0x000000b2       0x33 src/ASF/common/services/clock/sam4l/sysclk.o
 .ARM.attributes
                0x000000e5       0x33 src/ASF/common/services/sleepmgr/sam4l/sleepmgr.o
 .ARM.attributes
                0x00000118       0x33 src/ASF/common/utils/interrupt/interrupt_sam_nvic.o
 .ARM.attributes
                0x0000014b       0x33 src/ASF/sam/boards/sam4l_ek/init.o
 .ARM.attributes
                0x0000017e       0x33 src/ASF/sam/drivers/adcife/adcife.o
 .ARM.attributes
                0x000001b1       0x33 src/ASF/sam/drivers/ast/ast.o
 .ARM.attributes
                0x000001e4       0x33 src/ASF/sam/drivers/bpm/bpm.o
 .ARM.attributes
                0x00000217       0x33 src/ASF/sam/drivers/flashcalw/flashcalw.o
 .ARM.attributes
                0x0000024a       0x33 src/ASF/sam/drivers/gpio/gpio.o
 .ARM.attributes
                0x0000027d       0x33 src/ASF/sam/drivers/lcdca/lcdca.o
 .ARM.attributes
                0x000002b0       0x33 src/ASF/sam/drivers/pdca/pdca.o
 .ARM.attributes
                0x000002e3       0x33 src/ASF/sam/drivers/wdt/wdt_sam4l.o
 .ARM.attributes
                0x00000316       0x33 src/ASF/sam/utils/cmsis/sam4l/source/templates/exceptions.o
 .ARM.attributes
                0x00000349       0x33 src/ASF/sam/utils/cmsis/sam4l/source/templates/gcc/startup_sam4l.o
 .ARM.attributes
                0x0000037c       0x33 src/lcd.o
 .ARM.attributes
                0x000003af       0x33 src/lcdca_example.o
 .ARM.attributes
                0x000003e2       0x2e c:/program files (x86)/atmel/studio/7.0/toolchain/arm/arm-gnu-toolchain/bin/../lib/gcc/arm-none-eabi/6.3.1/../../../../arm-none-eabi/lib/thumb/v7e-m\libc.a(lib_a-impure.o)
 .ARM.attributes
                0x00000410       0x2e c:/program files (x86)/atmel/studio/7.0/toolchain/arm/arm-gnu-toolchain/bin/../lib/gcc/arm-none-eabi/6.3.1/../../../../arm-none-eabi/lib/thumb/v7e-m\libc.a(lib_a-init.o)
 .ARM.attributes
                0x0000043e       0x2e c:/program files (x86)/atmel/studio/7.0/toolchain/arm/arm-gnu-toolchain/bin/../lib/gcc/arm-none-eabi/6.3.1/../../../../arm-none-eabi/lib/thumb/v7e-m\libc.a(lib_a-__call_atexit.o)
 .ARM.attributes
                0x0000046c       0x2e c:/program files (x86)/atmel/studio/7.0/toolchain/arm/arm-gnu-toolchain/bin/../lib/gcc/arm-none-eabi/6.3.1/../../../../arm-none-eabi/lib/thumb/v7e-m\libc.a(lib_a-atexit.o)
 .ARM.attributes
                0x0000049a       0x2e c:/program files (x86)/atmel/studio/7.0/toolchain/arm/arm-gnu-toolchain/bin/../lib/gcc/arm-none-eabi/6.3.1/../../../../arm-none-eabi/lib/thumb/v7e-m\libc.a(lib_a-fini.o)
 .ARM.attributes
                0x000004c8       0x2e c:/program files (x86)/atmel/studio/7.0/toolchain/arm/arm-gnu-toolchain/bin/../lib/gcc/arm-none-eabi/6.3.1/../../../../arm-none-eabi/lib/thumb/v7e-m\libc.a(lib_a-lock.o)
 .ARM.attributes
                0x000004f6       0x2e c:/program files (x86)/atmel/studio/7.0/toolchain/arm/arm-gnu-toolchain/bin/../lib/gcc/arm-none-eabi/6.3.1/../../../../arm-none-eabi/lib/thumb/v7e-m\libc.a(lib_a-__atexit.o)
 .ARM.attributes
                0x00000524       0x1e c:/program files (x86)/atmel/studio/7.0/toolchain/arm/arm-gnu-toolchain/bin/../lib/gcc/arm-none-eabi/6.3.1/thumb/v7e-m/crtn.o

.comment        0x00000000       0x59
 .comment       0x00000000       0x59 src/nut.o
                                 0x5a (size before relaxing)
 .comment       0x00000059       0x5a src/ASF/common/services/clock/sam4l/osc.o
 .comment       0x00000059       0x5a src/ASF/common/services/clock/sam4l/sysclk.o
 .comment       0x00000059       0x5a src/ASF/common/services/sleepmgr/sam4l/sleepmgr.o
 .comment       0x00000059       0x5a src/ASF/common/utils/interrupt/interrupt_sam_nvic.o
 .comment       0x00000059       0x5a src/ASF/sam/boards/sam4l_ek/init.o
 .comment       0x00000059       0x5a src/ASF/sam/drivers/adcife/adcife.o
 .comment       0x00000059       0x5a src/ASF/sam/drivers/ast/ast.o
 .comment       0x00000059       0x5a src/ASF/sam/drivers/bpm/bpm.o
 .comment       0x00000059       0x5a src/ASF/sam/drivers/flashcalw/flashcalw.o
 .comment       0x00000059       0x5a src/ASF/sam/drivers/gpio/gpio.o
 .comment       0x00000059       0x5a src/ASF/sam/drivers/lcdca/lcdca.o
 .comment       0x00000059       0x5a src/ASF/sam/drivers/pdca/pdca.o
 .comment       0x00000059       0x5a src/ASF/sam/drivers/wdt/wdt_sam4l.o
 .comment       0x00000059       0x5a src/ASF/sam/utils/cmsis/sam4l/source/templates/exceptions.o
 .comment       0x00000059       0x5a src/ASF/sam/utils/cmsis/sam4l/source/templates/gcc/startup_sam4l.o
 .comment       0x00000059       0x5a src/lcd.o
 .comment       0x00000059       0x5a src/lcdca_example.o

.debug_info     0x00000000    0x1b128
 .debug_info    0x00000000     0x1e71 src/nut.o
 .debug_info    0x00001e71     0x14a1 src/ASF/common/services/clock/sam4l/osc.o
 .debug_info    0x00003312     0x2353 src/ASF/common/services/clock/sam4l/sysclk.o
 .debug_info    0x00005665      0xa9a src/ASF/common/services/sleepmgr/sam4l/sleepmgr.o
 .debug_info    0x000060ff      0xb04 src/ASF/common/utils/interrupt/interrupt_sam_nvic.o
 .debug_info    0x00006c03     0x185a src/ASF/sam/boards/sam4l_ek/init.o
 .debug_info    0x0000845d     0x2723 src/ASF/sam/drivers/adcife/adcife.o
 .debug_info    0x0000ab80     0x1e21 src/ASF/sam/drivers/ast/ast.o
 .debug_info    0x0000c9a1     0x1729 src/ASF/sam/drivers/bpm/bpm.o
 .debug_info    0x0000e0ca     0x2283 src/ASF/sam/drivers/flashcalw/flashcalw.o
 .debug_info    0x0001034d     0x1b01 src/ASF/sam/drivers/gpio/gpio.o
 .debug_info    0x00011e4e     0x27cf src/ASF/sam/drivers/lcdca/lcdca.o
 .debug_info    0x0001461d     0x1dad src/ASF/sam/drivers/pdca/pdca.o
 .debug_info    0x000163ca      0xf63 src/ASF/sam/drivers/wdt/wdt_sam4l.o
 .debug_info    0x0001732d      0x883 src/ASF/sam/utils/cmsis/sam4l/source/templates/exceptions.o
 .debug_info    0x00017bb0      0x3c9 src/ASF/sam/utils/cmsis/sam4l/source/templates/gcc/startup_sam4l.o
 .debug_info    0x00017f79      0xef1 src/lcd.o
 .debug_info    0x00018e6a     0x22be src/lcdca_example.o

.debug_abbrev   0x00000000     0x328c
 .debug_abbrev  0x00000000      0x2d2 src/nut.o
 .debug_abbrev  0x000002d2      0x278 src/ASF/common/services/clock/sam4l/osc.o
 .debug_abbrev  0x0000054a      0x3be src/ASF/common/services/clock/sam4l/sysclk.o
 .debug_abbrev  0x00000908      0x1b2 src/ASF/common/services/sleepmgr/sam4l/sleepmgr.o
 .debug_abbrev  0x00000aba      0x223 src/ASF/common/utils/interrupt/interrupt_sam_nvic.o
 .debug_abbrev  0x00000cdd      0x33c src/ASF/sam/boards/sam4l_ek/init.o
 .debug_abbrev  0x00001019      0x3be src/ASF/sam/drivers/adcife/adcife.o
 .debug_abbrev  0x000013d7      0x40a src/ASF/sam/drivers/ast/ast.o
 .debug_abbrev  0x000017e1      0x2dd src/ASF/sam/drivers/bpm/bpm.o
 .debug_abbrev  0x00001abe      0x342 src/ASF/sam/drivers/flashcalw/flashcalw.o
 .debug_abbrev  0x00001e00      0x2f8 src/ASF/sam/drivers/gpio/gpio.o
 .debug_abbrev  0x000020f8      0x407 src/ASF/sam/drivers/lcdca/lcdca.o
 .debug_abbrev  0x000024ff      0x386 src/ASF/sam/drivers/pdca/pdca.o
 .debug_abbrev  0x00002885      0x2c0 src/ASF/sam/drivers/wdt/wdt_sam4l.o
 .debug_abbrev  0x00002b45       0x7d src/ASF/sam/utils/cmsis/sam4l/source/templates/exceptions.o
 .debug_abbrev  0x00002bc2      0x11d src/ASF/sam/utils/cmsis/sam4l/source/templates/gcc/startup_sam4l.o
 .debug_abbrev  0x00002cdf      0x23d src/lcd.o
 .debug_abbrev  0x00002f1c      0x370 src/lcdca_example.o

.debug_loc      0x00000000     0x9404
 .debug_loc     0x00000000     0x20a8 src/nut.o
 .debug_loc     0x000020a8      0x4c8 src/ASF/common/services/clock/sam4l/osc.o
 .debug_loc     0x00002570      0x97c src/ASF/common/services/clock/sam4l/sysclk.o
 .debug_loc     0x00002eec       0xa0 src/ASF/common/utils/interrupt/interrupt_sam_nvic.o
 .debug_loc     0x00002f8c      0x136 src/ASF/sam/boards/sam4l_ek/init.o
 .debug_loc     0x000030c2      0x966 src/ASF/sam/drivers/adcife/adcife.o
 .debug_loc     0x00003a28      0xa8c src/ASF/sam/drivers/ast/ast.o
 .debug_loc     0x000044b4      0x888 src/ASF/sam/drivers/bpm/bpm.o
 .debug_loc     0x00004d3c     0x1468 src/ASF/sam/drivers/flashcalw/flashcalw.o
 .debug_loc     0x000061a4      0x47c src/ASF/sam/drivers/gpio/gpio.o
 .debug_loc     0x00006620      0xc48 src/ASF/sam/drivers/lcdca/lcdca.o
 .debug_loc     0x00007268      0xb28 src/ASF/sam/drivers/pdca/pdca.o
 .debug_loc     0x00007d90      0x2b8 src/ASF/sam/drivers/wdt/wdt_sam4l.o
 .debug_loc     0x00008048      0xf78 src/ASF/sam/utils/cmsis/sam4l/source/templates/exceptions.o
 .debug_loc     0x00008fc0       0x38 src/ASF/sam/utils/cmsis/sam4l/source/templates/gcc/startup_sam4l.o
 .debug_loc     0x00008ff8      0x248 src/lcd.o
 .debug_loc     0x00009240      0x1c4 src/lcdca_example.o

.debug_aranges  0x00000000     0x1208
 .debug_aranges
                0x00000000      0x320 src/nut.o
 .debug_aranges
                0x00000320       0x90 src/ASF/common/services/clock/sam4l/osc.o
 .debug_aranges
                0x000003b0      0x118 src/ASF/common/services/clock/sam4l/sysclk.o
 .debug_aranges
                0x000004c8       0x18 src/ASF/common/services/sleepmgr/sam4l/sleepmgr.o
 .debug_aranges
                0x000004e0       0x28 src/ASF/common/utils/interrupt/interrupt_sam_nvic.o
 .debug_aranges
                0x00000508       0x38 src/ASF/sam/boards/sam4l_ek/init.o
 .debug_aranges
                0x00000540      0x100 src/ASF/sam/drivers/adcife/adcife.o
 .debug_aranges
                0x00000640      0x120 src/ASF/sam/drivers/ast/ast.o
 .debug_aranges
                0x00000760       0xd8 src/ASF/sam/drivers/bpm/bpm.o
 .debug_aranges
                0x00000838      0x258 src/ASF/sam/drivers/flashcalw/flashcalw.o
 .debug_aranges
                0x00000a90       0xb0 src/ASF/sam/drivers/gpio/gpio.o
 .debug_aranges
                0x00000b40      0x158 src/ASF/sam/drivers/lcdca/lcdca.o
 .debug_aranges
                0x00000c98      0x168 src/ASF/sam/drivers/pdca/pdca.o
 .debug_aranges
                0x00000e00       0x60 src/ASF/sam/drivers/wdt/wdt_sam4l.o
 .debug_aranges
                0x00000e60      0x2e8 src/ASF/sam/utils/cmsis/sam4l/source/templates/exceptions.o
 .debug_aranges
                0x00001148       0x20 src/ASF/sam/utils/cmsis/sam4l/source/templates/gcc/startup_sam4l.o
 .debug_aranges
                0x00001168       0x50 src/lcd.o
 .debug_aranges
                0x000011b8       0x50 src/lcdca_example.o

.debug_ranges   0x00000000     0x1140
 .debug_ranges  0x00000000      0x310 src/nut.o
 .debug_ranges  0x00000310       0x80 src/ASF/common/services/clock/sam4l/osc.o
 .debug_ranges  0x00000390      0x108 src/ASF/common/services/clock/sam4l/sysclk.o
 .debug_ranges  0x00000498       0x18 src/ASF/common/utils/interrupt/interrupt_sam_nvic.o
 .debug_ranges  0x000004b0       0x70 src/ASF/sam/boards/sam4l_ek/init.o
 .debug_ranges  0x00000520       0xf0 src/ASF/sam/drivers/adcife/adcife.o
 .debug_ranges  0x00000610      0x110 src/ASF/sam/drivers/ast/ast.o
 .debug_ranges  0x00000720       0xc8 src/ASF/sam/drivers/bpm/bpm.o
 .debug_ranges  0x000007e8      0x248 src/ASF/sam/drivers/flashcalw/flashcalw.o
 .debug_ranges  0x00000a30       0xa0 src/ASF/sam/drivers/gpio/gpio.o
 .debug_ranges  0x00000ad0      0x160 src/ASF/sam/drivers/lcdca/lcdca.o
 .debug_ranges  0x00000c30      0x158 src/ASF/sam/drivers/pdca/pdca.o
 .debug_ranges  0x00000d88       0x50 src/ASF/sam/drivers/wdt/wdt_sam4l.o
 .debug_ranges  0x00000dd8      0x2d8 src/ASF/sam/utils/cmsis/sam4l/source/templates/exceptions.o
 .debug_ranges  0x000010b0       0x10 src/ASF/sam/utils/cmsis/sam4l/source/templates/gcc/startup_sam4l.o
 .debug_ranges  0x000010c0       0x40 src/lcd.o
 .debug_ranges  0x00001100       0x40 src/lcdca_example.o

.debug_macro    0x00000000     0x7bd3
 .debug_macro   0x00000000       0x90 src/nut.o
 .debug_macro   0x00000090       0x46 src/nut.o
 .debug_macro   0x000000d6       0x52 src/nut.o
 .debug_macro   0x00000128      0x631 src/ASF/common/services/clock/sam4l/osc.o
 .debug_macro   0x00000759      0x2d9 src/ASF/common/services/clock/sam4l/osc.o
 .debug_macro   0x00000a32      0x6d5 src/ASF/common/services/clock/sam4l/sysclk.o
 .debug_macro   0x00001107      0x211 src/ASF/common/services/clock/sam4l/sysclk.o
 .debug_macro   0x00001318      0x129 src/ASF/common/services/clock/sam4l/sysclk.o
 .debug_macro   0x00001441       0x47 src/ASF/common/services/clock/sam4l/sysclk.o
 .debug_macro   0x00001488       0xc9 src/ASF/common/services/clock/sam4l/sysclk.o
 .debug_macro   0x00001551      0x61b src/ASF/common/services/sleepmgr/sam4l/sleepmgr.o
 .debug_macro   0x00001b6c       0x10 src/ASF/common/services/sleepmgr/sam4l/sleepmgr.o
 .debug_macro   0x00001b7c      0x5f1 src/ASF/common/utils/interrupt/interrupt_sam_nvic.o
 .debug_macro   0x0000216d      0x6c8 src/ASF/sam/boards/sam4l_ek/init.o
 .debug_macro   0x00002835       0x8e src/ASF/sam/boards/sam4l_ek/init.o
 .debug_macro   0x000028c3       0x2e src/ASF/sam/boards/sam4l_ek/init.o
 .debug_macro   0x000028f1      0x6e5 src/ASF/sam/drivers/adcife/adcife.o
 .debug_macro   0x00002fd6       0x10 src/ASF/sam/drivers/adcife/adcife.o
 .debug_macro   0x00002fe6       0x28 src/ASF/sam/drivers/adcife/adcife.o
 .debug_macro   0x0000300e      0x1bf src/ASF/sam/drivers/adcife/adcife.o
 .debug_macro   0x000031cd      0x6d1 src/ASF/sam/drivers/ast/ast.o
 .debug_macro   0x0000389e       0x27 src/ASF/sam/drivers/ast/ast.o
 .debug_macro   0x000038c5       0x10 src/ASF/sam/drivers/ast/ast.o
 .debug_macro   0x000038d5      0x5fb src/ASF/sam/drivers/bpm/bpm.o
 .debug_macro   0x00003ed0      0x6bc src/ASF/sam/drivers/flashcalw/flashcalw.o
 .debug_macro   0x0000458c      0x6bf src/ASF/sam/drivers/gpio/gpio.o
 .debug_macro   0x00004c4b      0x6de src/ASF/sam/drivers/lcdca/lcdca.o
 .debug_macro   0x00005329       0x10 src/ASF/sam/drivers/lcdca/lcdca.o
 .debug_macro   0x00005339       0xac src/ASF/sam/drivers/lcdca/lcdca.o
 .debug_macro   0x000053e5      0x6c7 src/ASF/sam/drivers/pdca/pdca.o
 .debug_macro   0x00005aac      0x6a8 src/ASF/sam/drivers/wdt/wdt_sam4l.o
 .debug_macro   0x00006154       0x28 src/ASF/sam/drivers/wdt/wdt_sam4l.o
 .debug_macro   0x0000617c      0x3f4 src/ASF/sam/utils/cmsis/sam4l/source/templates/exceptions.o
 .debug_macro   0x00006570      0x3f4 src/ASF/sam/utils/cmsis/sam4l/source/templates/gcc/startup_sam4l.o
 .debug_macro   0x00006964      0x7d1 src/lcd.o
 .debug_macro   0x00007135       0x2e src/lcd.o
 .debug_macro   0x00007163       0x4c src/lcd.o
 .debug_macro   0x000071af       0x2d src/lcd.o
 .debug_macro   0x000071dc       0x94 src/lcd.o
 .debug_macro   0x00007270       0x1c src/lcd.o
 .debug_macro   0x0000728c      0x825 src/lcdca_example.o
 .debug_macro   0x00007ab1       0x16 src/lcdca_example.o
 .debug_macro   0x00007ac7      0x10c src/lcdca_example.o

.debug_line     0x00000000    0x123a5
 .debug_line    0x00000000      0xcc0 src/nut.o
 .debug_line    0x00000cc0      0xe90 src/ASF/common/services/clock/sam4l/osc.o
 .debug_line    0x00001b50     0x12ba src/ASF/common/services/clock/sam4l/sysclk.o
 .debug_line    0x00002e0a      0xcf0 src/ASF/common/services/sleepmgr/sam4l/sleepmgr.o
 .debug_line    0x00003afa      0xca4 src/ASF/common/utils/interrupt/interrupt_sam_nvic.o
 .debug_line    0x0000479e      0xed9 src/ASF/sam/boards/sam4l_ek/init.o
 .debug_line    0x00005677     0x1189 src/ASF/sam/drivers/adcife/adcife.o
 .debug_line    0x00006800     0x12a9 src/ASF/sam/drivers/ast/ast.o
 .debug_line    0x00007aa9      0xed9 src/ASF/sam/drivers/bpm/bpm.o
 .debug_line    0x00008982     0x1582 src/ASF/sam/drivers/flashcalw/flashcalw.o
 .debug_line    0x00009f04      0xfb1 src/ASF/sam/drivers/gpio/gpio.o
 .debug_line    0x0000aeb5     0x1313 src/ASF/sam/drivers/lcdca/lcdca.o
 .debug_line    0x0000c1c8     0x11d7 src/ASF/sam/drivers/pdca/pdca.o
 .debug_line    0x0000d39f      0xee3 src/ASF/sam/drivers/wdt/wdt_sam4l.o
 .debug_line    0x0000e282     0x1155 src/ASF/sam/utils/cmsis/sam4l/source/templates/exceptions.o
 .debug_line    0x0000f3d7      0xa53 src/ASF/sam/utils/cmsis/sam4l/source/templates/gcc/startup_sam4l.o
 .debug_line    0x0000fe2a     0x1277 src/lcd.o
 .debug_line    0x000110a1     0x1304 src/lcdca_example.o

.debug_str      0x00000000    0xea046
 .debug_str     0x00000000     0x3b28 src/nut.o
                               0x3d15 (size before relaxing)
 .debug_str     0x00003b28    0xdf834 src/ASF/common/services/clock/sam4l/osc.o
                              0xe3536 (size before relaxing)
 .debug_str     0x000e335c     0x1bcc src/ASF/common/services/clock/sam4l/sysclk.o
                              0xe50ae (size before relaxing)
 .debug_str     0x000e4f28      0x139 src/ASF/common/services/sleepmgr/sam4l/sleepmgr.o
                              0xe16f2 (size before relaxing)
 .debug_str     0x000e5061       0x65 src/ASF/common/utils/interrupt/interrupt_sam_nvic.o
                              0xe11c3 (size before relaxing)
 .debug_str     0x000e50c6      0xc2f src/ASF/sam/boards/sam4l_ek/init.o
                              0xe48be (size before relaxing)
 .debug_str     0x000e5cf5     0x131d src/ASF/sam/drivers/adcife/adcife.o
                              0xe5b2f (size before relaxing)
 .debug_str     0x000e7012      0x5d3 src/ASF/sam/drivers/ast/ast.o
                              0xe4dcb (size before relaxing)
 .debug_str     0x000e75e5      0x1d8 src/ASF/sam/drivers/bpm/bpm.o
                              0xe1bc5 (size before relaxing)
 .debug_str     0x000e77bd      0xa89 src/ASF/sam/drivers/flashcalw/flashcalw.o
                              0xe4ae4 (size before relaxing)
 .debug_str     0x000e8246      0x1b4 src/ASF/sam/drivers/gpio/gpio.o
                              0xe49f4 (size before relaxing)
 .debug_str     0x000e83fa      0x813 src/ASF/sam/drivers/lcdca/lcdca.o
                              0xe5755 (size before relaxing)
 .debug_str     0x000e8c0d      0x383 src/ASF/sam/drivers/pdca/pdca.o
                              0xe4d51 (size before relaxing)
 .debug_str     0x000e8f90       0x82 src/ASF/sam/drivers/wdt/wdt_sam4l.o
                              0xe4107 (size before relaxing)
 .debug_str     0x000e9012      0x3cb src/ASF/sam/utils/cmsis/sam4l/source/templates/exceptions.o
                              0xd0ca0 (size before relaxing)
 .debug_str     0x000e93dd       0xd9 src/ASF/sam/utils/cmsis/sam4l/source/templates/gcc/startup_sam4l.o
                              0xd0a35 (size before relaxing)
 .debug_str     0x000e94b6      0x6fd src/lcd.o
                              0xe57c2 (size before relaxing)
 .debug_str     0x000e9bb3      0x493 src/lcdca_example.o
                              0xe69ff (size before relaxing)

.debug_frame    0x00000000     0x4908
 .debug_frame   0x00000000      0xeb4 src/nut.o
 .debug_frame   0x00000eb4      0x234 src/ASF/common/services/clock/sam4l/osc.o
 .debug_frame   0x000010e8      0x480 src/ASF/common/services/clock/sam4l/sysclk.o
 .debug_frame   0x00001568       0x58 src/ASF/common/utils/interrupt/interrupt_sam_nvic.o
 .debug_frame   0x000015c0       0xa0 src/ASF/sam/boards/sam4l_ek/init.o
 .debug_frame   0x00001660      0x448 src/ASF/sam/drivers/adcife/adcife.o
 .debug_frame   0x00001aa8      0x4d0 src/ASF/sam/drivers/ast/ast.o
 .debug_frame   0x00001f78      0x3c8 src/ASF/sam/drivers/bpm/bpm.o
 .debug_frame   0x00002340      0xa0c src/ASF/sam/drivers/flashcalw/flashcalw.o
 .debug_frame   0x00002d4c      0x270 src/ASF/sam/drivers/gpio/gpio.o
 .debug_frame   0x00002fbc      0x5f0 src/ASF/sam/drivers/lcdca/lcdca.o
 .debug_frame   0x000035ac      0x590 src/ASF/sam/drivers/pdca/pdca.o
 .debug_frame   0x00003b3c      0x150 src/ASF/sam/drivers/wdt/wdt_sam4l.o
 .debug_frame   0x00003c8c      0x880 src/ASF/sam/utils/cmsis/sam4l/source/templates/exceptions.o
 .debug_frame   0x0000450c       0x30 src/ASF/sam/utils/cmsis/sam4l/source/templates/gcc/startup_sam4l.o
 .debug_frame   0x0000453c      0x114 src/lcd.o
 .debug_frame   0x00004650       0xf8 src/lcdca_example.o
 .debug_frame   0x00004748       0x2c c:/program files (x86)/atmel/studio/7.0/toolchain/arm/arm-gnu-toolchain/bin/../lib/gcc/arm-none-eabi/6.3.1/../../../../arm-none-eabi/lib/thumb/v7e-m\libc.a(lib_a-init.o)
 .debug_frame   0x00004774       0x5c c:/program files (x86)/atmel/studio/7.0/toolchain/arm/arm-gnu-toolchain/bin/../lib/gcc/arm-none-eabi/6.3.1/../../../../arm-none-eabi/lib/thumb/v7e-m\libc.a(lib_a-__call_atexit.o)
 .debug_frame   0x000047d0       0x20 c:/program files (x86)/atmel/studio/7.0/toolchain/arm/arm-gnu-toolchain/bin/../lib/gcc/arm-none-eabi/6.3.1/../../../../arm-none-eabi/lib/thumb/v7e-m\libc.a(lib_a-atexit.o)
 .debug_frame   0x000047f0       0x34 c:/program files (x86)/atmel/studio/7.0/toolchain/arm/arm-gnu-toolchain/bin/../lib/gcc/arm-none-eabi/6.3.1/../../../../arm-none-eabi/lib/thumb/v7e-m\libc.a(lib_a-fini.o)
 .debug_frame   0x00004824       0xb0 c:/program files (x86)/atmel/studio/7.0/toolchain/arm/arm-gnu-toolchain/bin/../lib/gcc/arm-none-eabi/6.3.1/../../../../arm-none-eabi/lib/thumb/v7e-m\libc.a(lib_a-lock.o)
 .debug_frame   0x000048d4       0x34 c:/program files (x86)/atmel/studio/7.0/toolchain/arm/arm-gnu-toolchain/bin/../lib/gcc/arm-none-eabi/6.3.1/../../../../arm-none-eabi/lib/thumb/v7e-m\libc.a(lib_a-__atexit.o)

Cross Reference Table

Symbol                                            File
ABDACB_Handler                                    src/ASF/sam/utils/cmsis/sam4l/source/templates/exceptions.o
                                                  src/ASF/sam/utils/cmsis/sam4l/source/templates/gcc/startup_sam4l.o
ACIFC_Handler                                     src/ASF/sam/utils/cmsis/sam4l/source/templates/exceptions.o
                                                  src/ASF/sam/utils/cmsis/sam4l/source/templates/gcc/startup_sam4l.o
ADCIFE_Handler                                    src/ASF/sam/drivers/adcife/adcife.o
                                                  src/ASF/sam/utils/cmsis/sam4l/source/templates/gcc/startup_sam4l.o
AESA_Handler                                      src/ASF/sam/utils/cmsis/sam4l/source/templates/exceptions.o
                                                  src/ASF/sam/utils/cmsis/sam4l/source/templates/gcc/startup_sam4l.o
AST_ALARM_Handler                                 src/ASF/sam/drivers/ast/ast.o
                                                  src/ASF/sam/utils/cmsis/sam4l/source/templates/gcc/startup_sam4l.o
AST_CLKREADY_Handler                              src/ASF/sam/utils/cmsis/sam4l/source/templates/exceptions.o
                                                  src/ASF/sam/utils/cmsis/sam4l/source/templates/gcc/startup_sam4l.o
AST_OVF_Handler                                   src/ASF/sam/utils/cmsis/sam4l/source/templates/exceptions.o
                                                  src/ASF/sam/utils/cmsis/sam4l/source/templates/gcc/startup_sam4l.o
AST_PER_Handler                                   src/ASF/sam/utils/cmsis/sam4l/source/templates/exceptions.o
                                                  src/ASF/sam/utils/cmsis/sam4l/source/templates/gcc/startup_sam4l.o
AST_READY_Handler                                 src/ASF/sam/utils/cmsis/sam4l/source/templates/exceptions.o
                                                  src/ASF/sam/utils/cmsis/sam4l/source/templates/gcc/startup_sam4l.o
BPM_Handler                                       src/ASF/sam/utils/cmsis/sam4l/source/templates/exceptions.o
                                                  src/ASF/sam/utils/cmsis/sam4l/source/templates/gcc/startup_sam4l.o
BSCIF_Handler                                     src/ASF/sam/utils/cmsis/sam4l/source/templates/exceptions.o
                                                  src/ASF/sam/utils/cmsis/sam4l/source/templates/gcc/startup_sam4l.o
BusFault_Handler                                  src/ASF/sam/utils/cmsis/sam4l/source/templates/exceptions.o
                                                  src/ASF/sam/utils/cmsis/sam4l/source/templates/gcc/startup_sam4l.o
CATB_Handler                                      src/ASF/sam/utils/cmsis/sam4l/source/templates/exceptions.o
                                                  src/ASF/sam/utils/cmsis/sam4l/source/templates/gcc/startup_sam4l.o
CRCCU_Handler                                     src/ASF/sam/utils/cmsis/sam4l/source/templates/exceptions.o
                                                  src/ASF/sam/utils/cmsis/sam4l/source/templates/gcc/startup_sam4l.o
DACC_Handler                                      src/ASF/sam/utils/cmsis/sam4l/source/templates/exceptions.o
                                                  src/ASF/sam/utils/cmsis/sam4l/source/templates/gcc/startup_sam4l.o
DH_ABDACB                                         src/ASF/sam/utils/cmsis/sam4l/source/templates/exceptions.o
DH_ACIFC                                          src/ASF/sam/utils/cmsis/sam4l/source/templates/exceptions.o
DH_ADCIFE                                         src/ASF/sam/utils/cmsis/sam4l/source/templates/exceptions.o
DH_AESA                                           src/ASF/sam/utils/cmsis/sam4l/source/templates/exceptions.o
DH_AST_ALARM                                      src/ASF/sam/utils/cmsis/sam4l/source/templates/exceptions.o
DH_AST_CLKREADY                                   src/ASF/sam/utils/cmsis/sam4l/source/templates/exceptions.o
DH_AST_OVF                                        src/ASF/sam/utils/cmsis/sam4l/source/templates/exceptions.o
DH_AST_PER                                        src/ASF/sam/utils/cmsis/sam4l/source/templates/exceptions.o
DH_AST_READY                                      src/ASF/sam/utils/cmsis/sam4l/source/templates/exceptions.o
DH_BPM                                            src/ASF/sam/utils/cmsis/sam4l/source/templates/exceptions.o
DH_BSCIF                                          src/ASF/sam/utils/cmsis/sam4l/source/templates/exceptions.o
DH_BusFault                                       src/ASF/sam/utils/cmsis/sam4l/source/templates/exceptions.o
DH_CATB                                           src/ASF/sam/utils/cmsis/sam4l/source/templates/exceptions.o
DH_CRCCU                                          src/ASF/sam/utils/cmsis/sam4l/source/templates/exceptions.o
DH_DACC                                           src/ASF/sam/utils/cmsis/sam4l/source/templates/exceptions.o
DH_DebugMon                                       src/ASF/sam/utils/cmsis/sam4l/source/templates/exceptions.o
DH_EIC_1                                          src/ASF/sam/utils/cmsis/sam4l/source/templates/exceptions.o
DH_EIC_2                                          src/ASF/sam/utils/cmsis/sam4l/source/templates/exceptions.o
DH_EIC_3                                          src/ASF/sam/utils/cmsis/sam4l/source/templates/exceptions.o
DH_EIC_4                                          src/ASF/sam/utils/cmsis/sam4l/source/templates/exceptions.o
DH_EIC_5                                          src/ASF/sam/utils/cmsis/sam4l/source/templates/exceptions.o
DH_EIC_6                                          src/ASF/sam/utils/cmsis/sam4l/source/templates/exceptions.o
DH_EIC_7                                          src/ASF/sam/utils/cmsis/sam4l/source/templates/exceptions.o
DH_EIC_8                                          src/ASF/sam/utils/cmsis/sam4l/source/templates/exceptions.o
DH_FREQM                                          src/ASF/sam/utils/cmsis/sam4l/source/templates/exceptions.o
DH_GPIO_0                                         src/ASF/sam/utils/cmsis/sam4l/source/templates/exceptions.o
DH_GPIO_1                                         src/ASF/sam/utils/cmsis/sam4l/source/templates/exceptions.o
DH_GPIO_10                                        src/ASF/sam/utils/cmsis/sam4l/source/templates/exceptions.o
DH_GPIO_11                                        src/ASF/sam/utils/cmsis/sam4l/source/templates/exceptions.o
DH_GPIO_2                                         src/ASF/sam/utils/cmsis/sam4l/source/templates/exceptions.o
DH_GPIO_3                                         src/ASF/sam/utils/cmsis/sam4l/source/templates/exceptions.o
DH_GPIO_4                                         src/ASF/sam/utils/cmsis/sam4l/source/templates/exceptions.o
DH_GPIO_5                                         src/ASF/sam/utils/cmsis/sam4l/source/templates/exceptions.o
DH_GPIO_6                                         src/ASF/sam/utils/cmsis/sam4l/source/templates/exceptions.o
DH_GPIO_7                                         src/ASF/sam/utils/cmsis/sam4l/source/templates/exceptions.o
DH_GPIO_8                                         src/ASF/sam/utils/cmsis/sam4l/source/templates/exceptions.o
DH_GPIO_9                                         src/ASF/sam/utils/cmsis/sam4l/source/templates/exceptions.o
DH_HFLASHC                                        src/ASF/sam/utils/cmsis/sam4l/source/templates/exceptions.o
DH_HardFault                                      src/ASF/sam/utils/cmsis/sam4l/source/templates/exceptions.o
DH_IISC                                           src/ASF/sam/utils/cmsis/sam4l/source/templates/exceptions.o
DH_LCDCA                                          src/ASF/sam/utils/cmsis/sam4l/source/templates/exceptions.o
DH_MemManage                                      src/ASF/sam/utils/cmsis/sam4l/source/templates/exceptions.o
DH_NMI                                            src/ASF/sam/utils/cmsis/sam4l/source/templates/exceptions.o
DH_PARC                                           src/ASF/sam/utils/cmsis/sam4l/source/templates/exceptions.o
DH_PDCA_0                                         src/ASF/sam/utils/cmsis/sam4l/source/templates/exceptions.o
DH_PDCA_1                                         src/ASF/sam/utils/cmsis/sam4l/source/templates/exceptions.o
DH_PDCA_10                                        src/ASF/sam/utils/cmsis/sam4l/source/templates/exceptions.o
DH_PDCA_11                                        src/ASF/sam/utils/cmsis/sam4l/source/templates/exceptions.o
DH_PDCA_12                                        src/ASF/sam/utils/cmsis/sam4l/source/templates/exceptions.o
DH_PDCA_13                                        src/ASF/sam/utils/cmsis/sam4l/source/templates/exceptions.o
DH_PDCA_14                                        src/ASF/sam/utils/cmsis/sam4l/source/templates/exceptions.o
DH_PDCA_15                                        src/ASF/sam/utils/cmsis/sam4l/source/templates/exceptions.o
DH_PDCA_2                                         src/ASF/sam/utils/cmsis/sam4l/source/templates/exceptions.o
DH_PDCA_3                                         src/ASF/sam/utils/cmsis/sam4l/source/templates/exceptions.o
DH_PDCA_4                                         src/ASF/sam/utils/cmsis/sam4l/source/templates/exceptions.o
DH_PDCA_5                                         src/ASF/sam/utils/cmsis/sam4l/source/templates/exceptions.o
DH_PDCA_6                                         src/ASF/sam/utils/cmsis/sam4l/source/templates/exceptions.o
DH_PDCA_7                                         src/ASF/sam/utils/cmsis/sam4l/source/templates/exceptions.o
DH_PDCA_8                                         src/ASF/sam/utils/cmsis/sam4l/source/templates/exceptions.o
DH_PDCA_9                                         src/ASF/sam/utils/cmsis/sam4l/source/templates/exceptions.o
DH_PEVC_OV                                        src/ASF/sam/utils/cmsis/sam4l/source/templates/exceptions.o
DH_PEVC_TR                                        src/ASF/sam/utils/cmsis/sam4l/source/templates/exceptions.o
DH_PM                                             src/ASF/sam/utils/cmsis/sam4l/source/templates/exceptions.o
DH_PendSV                                         src/ASF/sam/utils/cmsis/sam4l/source/templates/exceptions.o
DH_Reset                                          src/ASF/sam/utils/cmsis/sam4l/source/templates/exceptions.o
DH_SCIF                                           src/ASF/sam/utils/cmsis/sam4l/source/templates/exceptions.o
DH_SPI                                            src/ASF/sam/utils/cmsis/sam4l/source/templates/exceptions.o
DH_SVC                                            src/ASF/sam/utils/cmsis/sam4l/source/templates/exceptions.o
DH_SysTick                                        src/ASF/sam/utils/cmsis/sam4l/source/templates/exceptions.o
DH_TC00                                           src/ASF/sam/utils/cmsis/sam4l/source/templates/exceptions.o
DH_TC01                                           src/ASF/sam/utils/cmsis/sam4l/source/templates/exceptions.o
DH_TC02                                           src/ASF/sam/utils/cmsis/sam4l/source/templates/exceptions.o
DH_TC10                                           src/ASF/sam/utils/cmsis/sam4l/source/templates/exceptions.o
DH_TC11                                           src/ASF/sam/utils/cmsis/sam4l/source/templates/exceptions.o
DH_TC12                                           src/ASF/sam/utils/cmsis/sam4l/source/templates/exceptions.o
DH_TRNG                                           src/ASF/sam/utils/cmsis/sam4l/source/templates/exceptions.o
DH_TWIM0                                          src/ASF/sam/utils/cmsis/sam4l/source/templates/exceptions.o
DH_TWIM1                                          src/ASF/sam/utils/cmsis/sam4l/source/templates/exceptions.o
DH_TWIM2                                          src/ASF/sam/utils/cmsis/sam4l/source/templates/exceptions.o
DH_TWIM3                                          src/ASF/sam/utils/cmsis/sam4l/source/templates/exceptions.o
DH_TWIS0                                          src/ASF/sam/utils/cmsis/sam4l/source/templates/exceptions.o
DH_TWIS1                                          src/ASF/sam/utils/cmsis/sam4l/source/templates/exceptions.o
DH_USART0                                         src/ASF/sam/utils/cmsis/sam4l/source/templates/exceptions.o
DH_USART1                                         src/ASF/sam/utils/cmsis/sam4l/source/templates/exceptions.o
DH_USART2                                         src/ASF/sam/utils/cmsis/sam4l/source/templates/exceptions.o
DH_USART3                                         src/ASF/sam/utils/cmsis/sam4l/source/templates/exceptions.o
DH_USBC                                           src/ASF/sam/utils/cmsis/sam4l/source/templates/exceptions.o
DH_UsageFault_Handler                             src/ASF/sam/utils/cmsis/sam4l/source/templates/exceptions.o
DH_WDT                                            src/ASF/sam/utils/cmsis/sam4l/source/templates/exceptions.o
DebugMon_Handler                                  src/ASF/sam/utils/cmsis/sam4l/source/templates/exceptions.o
                                                  src/ASF/sam/utils/cmsis/sam4l/source/templates/gcc/startup_sam4l.o
Dummy_Handler                                     src/ASF/sam/utils/cmsis/sam4l/source/templates/exceptions.o
                                                  src/ASF/sam/utils/cmsis/sam4l/source/templates/gcc/startup_sam4l.o
EIC_1_Handler                                     src/ASF/sam/utils/cmsis/sam4l/source/templates/exceptions.o
                                                  src/ASF/sam/utils/cmsis/sam4l/source/templates/gcc/startup_sam4l.o
EIC_2_Handler                                     src/ASF/sam/utils/cmsis/sam4l/source/templates/exceptions.o
                                                  src/ASF/sam/utils/cmsis/sam4l/source/templates/gcc/startup_sam4l.o
EIC_3_Handler                                     src/ASF/sam/utils/cmsis/sam4l/source/templates/exceptions.o
                                                  src/ASF/sam/utils/cmsis/sam4l/source/templates/gcc/startup_sam4l.o
EIC_4_Handler                                     src/ASF/sam/utils/cmsis/sam4l/source/templates/exceptions.o
                                                  src/ASF/sam/utils/cmsis/sam4l/source/templates/gcc/startup_sam4l.o
EIC_5_Handler                                     src/ASF/sam/utils/cmsis/sam4l/source/templates/exceptions.o
                                                  src/ASF/sam/utils/cmsis/sam4l/source/templates/gcc/startup_sam4l.o
EIC_6_Handler                                     src/ASF/sam/utils/cmsis/sam4l/source/templates/exceptions.o
                                                  src/ASF/sam/utils/cmsis/sam4l/source/templates/gcc/startup_sam4l.o
EIC_7_Handler                                     src/ASF/sam/utils/cmsis/sam4l/source/templates/exceptions.o
                                                  src/ASF/sam/utils/cmsis/sam4l/source/templates/gcc/startup_sam4l.o
EIC_8_Handler                                     src/ASF/sam/utils/cmsis/sam4l/source/templates/exceptions.o
                                                  src/ASF/sam/utils/cmsis/sam4l/source/templates/gcc/startup_sam4l.o
FREQM_Handler                                     src/ASF/sam/utils/cmsis/sam4l/source/templates/exceptions.o
                                                  src/ASF/sam/utils/cmsis/sam4l/source/templates/gcc/startup_sam4l.o
GPIO_0_Handler                                    src/ASF/sam/drivers/gpio/gpio.o
                                                  src/ASF/sam/utils/cmsis/sam4l/source/templates/gcc/startup_sam4l.o
GPIO_10_Handler                                   src/ASF/sam/drivers/gpio/gpio.o
                                                  src/ASF/sam/utils/cmsis/sam4l/source/templates/gcc/startup_sam4l.o
GPIO_11_Handler                                   src/ASF/sam/drivers/gpio/gpio.o
                                                  src/ASF/sam/utils/cmsis/sam4l/source/templates/gcc/startup_sam4l.o
GPIO_1_Handler                                    src/ASF/sam/drivers/gpio/gpio.o
                                                  src/ASF/sam/utils/cmsis/sam4l/source/templates/gcc/startup_sam4l.o
GPIO_2_Handler                                    src/ASF/sam/drivers/gpio/gpio.o
                                                  src/ASF/sam/utils/cmsis/sam4l/source/templates/gcc/startup_sam4l.o
GPIO_3_Handler                                    src/ASF/sam/drivers/gpio/gpio.o
                                                  src/ASF/sam/utils/cmsis/sam4l/source/templates/gcc/startup_sam4l.o
GPIO_4_Handler                                    src/ASF/sam/drivers/gpio/gpio.o
                                                  src/ASF/sam/utils/cmsis/sam4l/source/templates/gcc/startup_sam4l.o
GPIO_5_Handler                                    src/ASF/sam/drivers/gpio/gpio.o
                                                  src/ASF/sam/utils/cmsis/sam4l/source/templates/gcc/startup_sam4l.o
GPIO_6_Handler                                    src/ASF/sam/drivers/gpio/gpio.o
                                                  src/ASF/sam/utils/cmsis/sam4l/source/templates/gcc/startup_sam4l.o
GPIO_7_Handler                                    src/ASF/sam/drivers/gpio/gpio.o
                                                  src/ASF/sam/utils/cmsis/sam4l/source/templates/gcc/startup_sam4l.o
GPIO_8_Handler                                    src/ASF/sam/drivers/gpio/gpio.o
                                                  src/ASF/sam/utils/cmsis/sam4l/source/templates/gcc/startup_sam4l.o
GPIO_9_Handler                                    src/ASF/sam/drivers/gpio/gpio.o
                                                  src/ASF/sam/utils/cmsis/sam4l/source/templates/gcc/startup_sam4l.o
HFLASHC_Handler                                   src/ASF/sam/utils/cmsis/sam4l/source/templates/exceptions.o
                                                  src/ASF/sam/utils/cmsis/sam4l/source/templates/gcc/startup_sam4l.o
HardFault_Handler                                 src/ASF/sam/utils/cmsis/sam4l/source/templates/exceptions.o
                                                  src/ASF/sam/utils/cmsis/sam4l/source/templates/gcc/startup_sam4l.o
IISC_Handler                                      src/ASF/sam/utils/cmsis/sam4l/source/templates/exceptions.o
                                                  src/ASF/sam/utils/cmsis/sam4l/source/templates/gcc/startup_sam4l.o
KBB_kclut                                         src/lcdca_example.o
KBB_keyDuration                                   src/lcdca_example.o
KBB_keyDuration1                                  src/lcdca_example.o
KBB_keyFlag                                       src/lcdca_example.o
KBB_krlut                                         src/lcdca_example.o
KBB_lastKey                                       src/lcdca_example.o
KBB_sameKeyCount                                  src/lcdca_example.o
KB_clear                                          src/keyboard.o
KB_dequeue                                        src/keyboard.o
                                                  src/nut.o
KB_empty                                          src/keyboard.o
                                                  src/nut.o
KB_enqueue                                        src/keyboard.o
KB_init                                           src/keyboard.o
KB_peek                                           src/keyboard.o
KB_wait                                           src/keyboard.o
LCDCA_Handler                                     src/ASF/sam/drivers/lcdca/lcdca.o
                                                  src/ASF/sam/utils/cmsis/sam4l/source/templates/gcc/startup_sam4l.o
LCD_drawComma                                     src/lcd.o
LCD_drawDRL0                                      src/lcd.o
LCD_drawDigit                                     src/lcd.o
                                                  src/lcdca_example.o
LCD_emitString                                    src/lcd.o
                                                  src/lcdca_example.o
LCD_helpMessage                                   src/lcdca_example.o
LCD_localClear                                    src/lcd.o
                                                  src/lcdca_example.o
LCD_localLoad                                     src/lcd.o
LCD_localPush                                     src/lcd.o
                                                  src/lcdca_example.o
LUT_lcdSeg                                        src/lcd.o
                                                  src/lcdca_example.o
MemManage_Handler                                 src/ASF/sam/utils/cmsis/sam4l/source/templates/exceptions.o
                                                  src/ASF/sam/utils/cmsis/sam4l/source/templates/gcc/startup_sam4l.o
NMI_Handler                                       src/ASF/sam/utils/cmsis/sam4l/source/templates/exceptions.o
                                                  src/ASF/sam/utils/cmsis/sam4l/source/templates/gcc/startup_sam4l.o
PARC_Handler                                      src/ASF/sam/utils/cmsis/sam4l/source/templates/exceptions.o
                                                  src/ASF/sam/utils/cmsis/sam4l/source/templates/gcc/startup_sam4l.o
PDCA_0_Handler                                    src/ASF/sam/drivers/pdca/pdca.o
                                                  src/ASF/sam/utils/cmsis/sam4l/source/templates/gcc/startup_sam4l.o
PDCA_10_Handler                                   src/ASF/sam/drivers/pdca/pdca.o
                                                  src/ASF/sam/utils/cmsis/sam4l/source/templates/gcc/startup_sam4l.o
PDCA_11_Handler                                   src/ASF/sam/drivers/pdca/pdca.o
                                                  src/ASF/sam/utils/cmsis/sam4l/source/templates/gcc/startup_sam4l.o
PDCA_12_Handler                                   src/ASF/sam/drivers/pdca/pdca.o
                                                  src/ASF/sam/utils/cmsis/sam4l/source/templates/gcc/startup_sam4l.o
PDCA_13_Handler                                   src/ASF/sam/drivers/pdca/pdca.o
                                                  src/ASF/sam/utils/cmsis/sam4l/source/templates/gcc/startup_sam4l.o
PDCA_14_Handler                                   src/ASF/sam/drivers/pdca/pdca.o
                                                  src/ASF/sam/utils/cmsis/sam4l/source/templates/gcc/startup_sam4l.o
PDCA_15_Handler                                   src/ASF/sam/drivers/pdca/pdca.o
                                                  src/ASF/sam/utils/cmsis/sam4l/source/templates/gcc/startup_sam4l.o
PDCA_1_Handler                                    src/ASF/sam/drivers/pdca/pdca.o
                                                  src/ASF/sam/utils/cmsis/sam4l/source/templates/gcc/startup_sam4l.o
PDCA_2_Handler                                    src/ASF/sam/drivers/pdca/pdca.o
                                                  src/ASF/sam/utils/cmsis/sam4l/source/templates/gcc/startup_sam4l.o
PDCA_3_Handler                                    src/ASF/sam/drivers/pdca/pdca.o
                                                  src/ASF/sam/utils/cmsis/sam4l/source/templates/gcc/startup_sam4l.o
PDCA_4_Handler                                    src/ASF/sam/drivers/pdca/pdca.o
                                                  src/ASF/sam/utils/cmsis/sam4l/source/templates/gcc/startup_sam4l.o
PDCA_5_Handler                                    src/ASF/sam/drivers/pdca/pdca.o
                                                  src/ASF/sam/utils/cmsis/sam4l/source/templates/gcc/startup_sam4l.o
PDCA_6_Handler                                    src/ASF/sam/drivers/pdca/pdca.o
                                                  src/ASF/sam/utils/cmsis/sam4l/source/templates/gcc/startup_sam4l.o
PDCA_7_Handler                                    src/ASF/sam/drivers/pdca/pdca.o
                                                  src/ASF/sam/utils/cmsis/sam4l/source/templates/gcc/startup_sam4l.o
PDCA_8_Handler                                    src/ASF/sam/drivers/pdca/pdca.o
                                                  src/ASF/sam/utils/cmsis/sam4l/source/templates/gcc/startup_sam4l.o
PDCA_9_Handler                                    src/ASF/sam/drivers/pdca/pdca.o
                                                  src/ASF/sam/utils/cmsis/sam4l/source/templates/gcc/startup_sam4l.o
PEVC_OV_Handler                                   src/ASF/sam/utils/cmsis/sam4l/source/templates/exceptions.o
                                                  src/ASF/sam/utils/cmsis/sam4l/source/templates/gcc/startup_sam4l.o
PEVC_TR_Handler                                   src/ASF/sam/utils/cmsis/sam4l/source/templates/exceptions.o
                                                  src/ASF/sam/utils/cmsis/sam4l/source/templates/gcc/startup_sam4l.o
PM_Handler                                        src/ASF/sam/utils/cmsis/sam4l/source/templates/exceptions.o
                                                  src/ASF/sam/utils/cmsis/sam4l/source/templates/gcc/startup_sam4l.o
PendSV_Handler                                    src/ASF/sam/utils/cmsis/sam4l/source/templates/exceptions.o
                                                  src/ASF/sam/utils/cmsis/sam4l/source/templates/gcc/startup_sam4l.o
Reset_Handler                                     src/ASF/sam/utils/cmsis/sam4l/source/templates/gcc/startup_sam4l.o
                                                  src/ASF/sam/utils/cmsis/sam4l/source/templates/exceptions.o